Component: ARM Compiler 6.16 Tool: armlink [5dfeaa00]

==============================================================================

Section Cross References

    startup_stm32f407xx.o(RESET) refers to startup_stm32f407xx.o(STACK) for __initial_sp
    startup_stm32f407xx.o(RESET) refers to startup_stm32f407xx.o(.text) for Reset_Handler
    startup_stm32f407xx.o(RESET) refers to stm32f4xx_it.o(.text.NMI_Handler) for NMI_Handler
    startup_stm32f407xx.o(RESET) refers to stm32f4xx_it.o(.text.HardFault_Handler) for HardFault_Handler
    startup_stm32f407xx.o(RESET) refers to stm32f4xx_it.o(.text.MemManage_Handler) for MemManage_Handler
    startup_stm32f407xx.o(RESET) refers to stm32f4xx_it.o(.text.BusFault_Handler) for BusFault_Handler
    startup_stm32f407xx.o(RESET) refers to stm32f4xx_it.o(.text.UsageFault_Handler) for UsageFault_Handler
    startup_stm32f407xx.o(RESET) refers to port.o(.text.SVC_Handler) for SVC_Handler
    startup_stm32f407xx.o(RESET) refers to stm32f4xx_it.o(.text.DebugMon_Handler) for DebugMon_Handler
    startup_stm32f407xx.o(RESET) refers to port.o(.text.PendSV_Handler) for PendSV_Handler
    startup_stm32f407xx.o(RESET) refers to cmsis_os2.o(.text.SysTick_Handler) for SysTick_Handler
    startup_stm32f407xx.o(RESET) refers to stm32f4xx_it.o(.text.TIM7_IRQHandler) for TIM7_IRQHandler
    startup_stm32f407xx.o(.text) refers to system_stm32f4xx.o(.text.SystemInit) for SystemInit
    startup_stm32f407xx.o(.text) refers to entry.o(.ARM.Collect$$$$00000000) for __main
    stxingkai_20.o(.rodata.GUI_FontHZSTXingKai_20_CharInfo) refers to stxingkai_20.o(.rodata.acFontHZSTXingKai_20_0020) for acFontHZSTXingKai_20_0020
    stxingkai_20.o(.rodata.GUI_FontHZSTXingKai_20_CharInfo) refers to stxingkai_20.o(.rodata.acFontHZSTXingKai_20_0021) for acFontHZSTXingKai_20_0021
    stxingkai_20.o(.rodata.GUI_FontHZSTXingKai_20_CharInfo) refers to stxingkai_20.o(.rodata.acFontHZSTXingKai_20_0022) for acFontHZSTXingKai_20_0022
    stxingkai_20.o(.rodata.GUI_FontHZSTXingKai_20_CharInfo) refers to stxingkai_20.o(.rodata.acFontHZSTXingKai_20_0023) for acFontHZSTXingKai_20_0023
    stxingkai_20.o(.rodata.GUI_FontHZSTXingKai_20_CharInfo) refers to stxingkai_20.o(.rodata.acFontHZSTXingKai_20_0024) for acFontHZSTXingKai_20_0024
    stxingkai_20.o(.rodata.GUI_FontHZSTXingKai_20_CharInfo) refers to stxingkai_20.o(.rodata.acFontHZSTXingKai_20_0025) for acFontHZSTXingKai_20_0025
    stxingkai_20.o(.rodata.GUI_FontHZSTXingKai_20_CharInfo) refers to stxingkai_20.o(.rodata.acFontHZSTXingKai_20_0026) for acFontHZSTXingKai_20_0026
    stxingkai_20.o(.rodata.GUI_FontHZSTXingKai_20_CharInfo) refers to stxingkai_20.o(.rodata.acFontHZSTXingKai_20_0027) for acFontHZSTXingKai_20_0027
    stxingkai_20.o(.rodata.GUI_FontHZSTXingKai_20_CharInfo) refers to stxingkai_20.o(.rodata.acFontHZSTXingKai_20_0028) for acFontHZSTXingKai_20_0028
    stxingkai_20.o(.rodata.GUI_FontHZSTXingKai_20_CharInfo) refers to stxingkai_20.o(.rodata.acFontHZSTXingKai_20_0029) for acFontHZSTXingKai_20_0029
    stxingkai_20.o(.rodata.GUI_FontHZSTXingKai_20_CharInfo) refers to stxingkai_20.o(.rodata.acFontHZSTXingKai_20_002a) for acFontHZSTXingKai_20_002a
    stxingkai_20.o(.rodata.GUI_FontHZSTXingKai_20_CharInfo) refers to stxingkai_20.o(.rodata.acFontHZSTXingKai_20_002b) for acFontHZSTXingKai_20_002b
    stxingkai_20.o(.rodata.GUI_FontHZSTXingKai_20_CharInfo) refers to stxingkai_20.o(.rodata.acFontHZSTXingKai_20_002c) for acFontHZSTXingKai_20_002c
    stxingkai_20.o(.rodata.GUI_FontHZSTXingKai_20_CharInfo) refers to stxingkai_20.o(.rodata.acFontHZSTXingKai_20_002d) for acFontHZSTXingKai_20_002d
    stxingkai_20.o(.rodata.GUI_FontHZSTXingKai_20_CharInfo) refers to stxingkai_20.o(.rodata.acFontHZSTXingKai_20_002e) for acFontHZSTXingKai_20_002e
    stxingkai_20.o(.rodata.GUI_FontHZSTXingKai_20_CharInfo) refers to stxingkai_20.o(.rodata.acFontHZSTXingKai_20_002f) for acFontHZSTXingKai_20_002f
    stxingkai_20.o(.rodata.GUI_FontHZSTXingKai_20_CharInfo) refers to stxingkai_20.o(.rodata.acFontHZSTXingKai_20_0030) for acFontHZSTXingKai_20_0030
    stxingkai_20.o(.rodata.GUI_FontHZSTXingKai_20_CharInfo) refers to stxingkai_20.o(.rodata.acFontHZSTXingKai_20_0031) for acFontHZSTXingKai_20_0031
    stxingkai_20.o(.rodata.GUI_FontHZSTXingKai_20_CharInfo) refers to stxingkai_20.o(.rodata.acFontHZSTXingKai_20_0032) for acFontHZSTXingKai_20_0032
    stxingkai_20.o(.rodata.GUI_FontHZSTXingKai_20_CharInfo) refers to stxingkai_20.o(.rodata.acFontHZSTXingKai_20_0033) for acFontHZSTXingKai_20_0033
    stxingkai_20.o(.rodata.GUI_FontHZSTXingKai_20_CharInfo) refers to stxingkai_20.o(.rodata.acFontHZSTXingKai_20_0034) for acFontHZSTXingKai_20_0034
    stxingkai_20.o(.rodata.GUI_FontHZSTXingKai_20_CharInfo) refers to stxingkai_20.o(.rodata.acFontHZSTXingKai_20_0035) for acFontHZSTXingKai_20_0035
    stxingkai_20.o(.rodata.GUI_FontHZSTXingKai_20_CharInfo) refers to stxingkai_20.o(.rodata.acFontHZSTXingKai_20_0036) for acFontHZSTXingKai_20_0036
[...]
    0x0800425c   0x0800425c   0x00000040   Code   RO         2882    .text.decode_gesture  inv_mpu_dmp_motion_driver.o
    0x0800429c   0x0800429c   0x0000003c   Code   RO         2693    .text.delayUS_DWT   ds_18b20.o
    0x080042d8   0x080042d8   0x00000008   Code   RO         2725    .text.delay_ms      inv_mpu.o
    0x080042e0   0x080042e0   0x0000002a   Code   RO         2874    .text.dmp_enable_6x_lp_quat  inv_mpu_dmp_motion_driver.o
    0x0800430a   0x0800430a   0x00000002   PAD
    0x0800430c   0x0800430c   0x000001d6   Code   RO         2868    .text.dmp_enable_feature  inv_mpu_dmp_motion_driver.o
    0x080044e2   0x080044e2   0x00000002   PAD
    0x080044e4   0x080044e4   0x0000004a   Code   RO         2870    .text.dmp_enable_gyro_cal  inv_mpu_dmp_motion_driver.o
    0x0800452e   0x0800452e   0x00000002   PAD
    0x08004530   0x08004530   0x0000002a   Code   RO         2872    .text.dmp_enable_lp_quat  inv_mpu_dmp_motion_driver.o
    0x0800455a   0x0800455a   0x00000002   PAD
    0x0800455c   0x0800455c   0x0000001a   Code   RO         2832    .text.dmp_load_motion_driver_firmware  inv_mpu_dmp_motion_driver.o
    0x08004576   0x08004576   0x00000002   PAD
    0x08004578   0x08004578   0x0000019c   Code   RO         2880    .text.dmp_read_fifo  inv_mpu_dmp_motion_driver.o
    0x08004714   0x08004714   0x000000be   Code   RO         2838    .text.dmp_set_accel_bias  inv_mpu_dmp_motion_driver.o
    0x080047d2   0x080047d2   0x00000002   PAD
    0x080047d4   0x080047d4   0x0000006c   Code   RO         2840    .text.dmp_set_fifo_rate  inv_mpu_dmp_motion_driver.o
    0x08004840   0x08004840   0x000000c4   Code   RO         2836    .text.dmp_set_gyro_bias  inv_mpu_dmp_motion_driver.o
    0x08004904   0x08004904   0x00000110   Code   RO         2834    .text.dmp_set_orientation  inv_mpu_dmp_motion_driver.o
    0x08004a14   0x08004a14   0x0000002c   Code   RO         2854    .text.dmp_set_shake_reject_thresh  inv_mpu_dmp_motion_driver.o
    0x08004a40   0x08004a40   0x0000002a   Code   RO         2856    .text.dmp_set_shake_reject_time  inv_mpu_dmp_motion_driver.o
    0x08004a6a   0x08004a6a   0x00000002   PAD
    0x08004a6c   0x08004a6c   0x0000002a   Code   RO         2858    .text.dmp_set_shake_reject_timeout  inv_mpu_dmp_motion_driver.o
    0x08004a96   0x08004a96   0x00000002   PAD
    0x08004a98   0x08004a98   0x0000003e   Code   RO         2846    .text.dmp_set_tap_axes  inv_mpu_dmp_motion_driver.o
    0x08004ad6   0x08004ad6   0x00000002   PAD
    0x08004ad8   0x08004ad8   0x00000028   Code   RO         2848    .text.dmp_set_tap_count  inv_mpu_dmp_motion_driver.o
    0x08004b00   0x08004b00   0x00000148   Code   RO         2844    .text.dmp_set_tap_thresh  inv_mpu_dmp_motion_driver.o
    0x08004c48   0x08004c48   0x0000002a   Code   RO         2850    .text.dmp_set_tap_time  inv_mpu_dmp_motion_driver.o
    0x08004c72   0x08004c72   0x00000002   PAD
    0x08004c74   0x08004c74   0x0000002a   Code   RO         2852    .text.dmp_set_tap_time_multi  inv_mpu_dmp_motion_driver.o
    0x08004c9e   0x08004c9e   0x00000002   PAD
    0x08004ca0   0x08004ca0   0x0000001e   Code   RO         2709    .text.ds18b20_init  ds_18b20.o
    0x08004cbe   0x08004cbe   0x00000002   PAD
    0x08004cc0   0x08004cc0   0x00000048   Code   RO         2711    .text.ds18b20_read  ds_18b20.o
    0x08004d08   0x08004d08   0x00000020   Code   RO          583    .text.fputc         usart.o
    0x08004d28   0x08004d28   0x000000c4   Code   RO         2817    .text.get_accel_prod_shift  inv_mpu.o
    0x08004dec   0x08004dec   0x00000354   Code   RO         2797    .text.get_st_biases  inv_mpu.o
    0x08005140   0x08005140   0x00000110   Code   RO         2801    .text.gyro_self_test  inv_mpu.o
    0x08005250   0x08005250   0x00000074   Code   RO         2963    .text.i2cRead       stm32_i2c.o
    0x080052c4   0x080052c4   0x00000054   Code   RO         2949    .text.i2cWriteBuffer  stm32_i2c.o
    0x08005318   0x08005318   0x00000014   Code   RO         2961    .text.i2cread       stm32_i2c.o
    0x0800532c   0x0800532c   0x00000014   Code   RO         2959    .text.i2cwrite      stm32_i2c.o
    0x08005340   0x08005340   0x0000002a   Code   RO         2914    .text.inv_orientation_matrix_to_scalar  mpu6050.o
    0x0800536a   0x0800536a   0x00000002   PAD
    0x0800536c   0x0800536c   0x0000003a   Code   RO         2922    .text.inv_row_2_scale  mpu6050.o
    0x080053a6   0x080053a6   0x00000002   PAD
    0x080053a8   0x080053a8   0x00000022   Code   RO          482    .text.main          main.o
    0x080053ca   0x080053ca   0x00000002   PAD
    0x080053cc   0x080053cc   0x00000056   Code   RO         2741    .text.mpu_configure_fifo  inv_mpu.o
    0x08005422   0x08005422   0x00000002   PAD
    0x08005424   0x08005424   0x00000038   Code   RO         2765    .text.mpu_get_accel_fsr  inv_mpu.o
    0x0800545c   0x0800545c   0x0000004a   Code   RO         2777    .text.mpu_get_accel_sens  inv_mpu.o
    0x080054a6   0x080054a6   0x00000002   PAD
    0x080054a8   0x080054a8   0x00000012   Code   RO         2779    .text.mpu_get_fifo_config  inv_mpu.o
    0x080054ba   0x080054ba   0x00000002   PAD
    0x080054bc   0x080054bc   0x00000034   Code   RO         2763    .text.mpu_get_gyro_fsr  inv_mpu.o
    0x080054f0   0x080054f0   0x00000034   Code   RO         2775    .text.mpu_get_gyro_sens  inv_mpu.o
    0x08005524   0x08005524   0x0000003a   Code   RO         2767    .text.mpu_get_lpf   inv_mpu.o
    0x0800555e   0x0800555e   0x00000002   PAD
    0x08005560   0x08005560   0x0000001e   Code   RO         2769    .text.mpu_get_sample_rate  inv_mpu.o
    0x0800557e   0x0800557e   0x00000002   PAD
    0x08005580   0x08005580   0x00000220   Code   RO         2731    .text.mpu_init      inv_mpu.o
    0x080057a0   0x080057a0   0x000000c6   Code   RO         2807    .text.mpu_load_firmware  inv_mpu.o
    0x08005866   0x08005866   0x00000002   PAD
    0x08005868   0x08005868   0x000000ca   Code   RO         2747    .text.mpu_lp_accel_mode  inv_mpu.o
    0x08005932   0x08005932   0x00000002   PAD
    0x08005934   0x08005934   0x000000a8   Code   RO         2789    .text.mpu_read_fifo_stream  inv_mpu.o
    0x080059dc   0x080059dc   0x00000064   Code   RO         2805    .text.mpu_read_mem  inv_mpu.o
    0x08005a40   0x08005a40   0x00000180   Code   RO         2761    .text.mpu_reset_fifo  inv_mpu.o
    0x08005bc0   0x08005bc0   0x00000108   Code   RO         2793    .text.mpu_run_self_test  inv_mpu.o
    0x08005cc8   0x08005cc8   0x00000078   Code   RO         2735    .text.mpu_set_accel_fsr  inv_mpu.o
    0x08005d40   0x08005d40   0x000000ea   Code   RO         2743    .text.mpu_set_bypass  inv_mpu.o
    0x08005e2a   0x08005e2a   0x00000002   PAD
    0x08005e2c   0x08005e2c   0x0000008c   Code   RO         2795    .text.mpu_set_dmp_state  inv_mpu.o
    0x08005eb8   0x08005eb8   0x00000080   Code   RO         2733    .text.mpu_set_gyro_fsr  inv_mpu.o
    0x08005f38   0x08005f38   0x00000066   Code   RO         2749    .text.mpu_set_int_latched  inv_mpu.o
    0x08005f9e   0x08005f9e   0x00000002   PAD
    0x08005fa0   0x08005fa0   0x0000006e   Code   RO         2737    .text.mpu_set_lpf   inv_mpu.o
    0x0800600e   0x0800600e   0x00000002   PAD
    0x08006010   0x08006010   0x0000008a   Code   RO         2739    .text.mpu_set_sample_rate  inv_mpu.o
    0x0800609a   0x0800609a   0x00000002   PAD
    0x0800609c   0x0800609c   0x000000bc   Code   RO         2745    .text.mpu_set_sensors  inv_mpu.o
    0x08006158   0x08006158   0x00000064   Code   RO         2803    .text.mpu_write_mem  inv_mpu.o
    0x080061bc   0x080061bc   0x00000020   Code   RO         2243    .text.osDelay       cmsis_os2.o
    0x080061dc   0x080061dc   0x00000014   Code   RO         2193    .text.osKernelGetTickCount  cmsis_os2.o
    0x080061f0   0x080061f0   0x00000028   Code   RO         2177    .text.osKernelInitialize  cmsis_os2.o
    0x08006218   0x08006218   0x00000034   Code   RO         2183    .text.osKernelStart  cmsis_os2.o
    0x0800624c   0x0800624c   0x000000b4   Code   RO         2207    .text.osThreadNew   cmsis_os2.o
    0x08006300   0x08006300   0x00000080   Code   RO         1969    .text.prvAddCurrentTaskToDelayedList  tasks.o
    0x08006380   0x08006380   0x000000ac   Code   RO         1955    .text.prvAddNewTaskToReadyList  tasks.o
    0x0800642c   0x0800642c   0x0000007c   Code   RO         2106    .text.prvCheckForValidListAndQueue  timers.o
    0x080064a8   0x080064a8   0x0000004e   Code   RO         2073    .text.prvCheckTasksWaitingTermination  tasks.o
    0x080064f6   0x080064f6   0x00000002   PAD
    0x080064f8   0x080064f8   0x00000026   Code   RO         1846    .text.prvCopyDataFromQueue  queue.o
    0x0800651e   0x0800651e   0x00000002   PAD
    0x08006520   0x08006520   0x0000007a   Code   RO         1834    .text.prvCopyDataToQueue  queue.o
    0x0800659a   0x0800659a   0x00000002   PAD
    0x0800659c   0x0800659c   0x00000036   Code   RO         1961    .text.prvDeleteTCB  tasks.o
    0x080065d2   0x080065d2   0x00000002   PAD
    0x080065d4   0x080065d4   0x00000020   Code   RO         2144    .text.prvGetNextExpireTime  timers.o
    0x080065f4   0x080065f4   0x00000074   Code   RO         2357    .text.prvHeapInit   heap_4.o
    0x08006668   0x08006668   0x0000002a   Code   RO         1995    .text.prvIdleTask   tasks.o
    0x08006692   0x08006692   0x00000002   PAD
    0x08006694   0x08006694   0x00000020   Code   RO         1808    .text.prvInitialiseNewQueue  queue.o
    0x080066b4   0x080066b4   0x00000098   Code   RO         1953    .text.prvInitialiseNewTask  tasks.o
    0x0800674c   0x0800674c   0x00000070   Code   RO         2071    .text.prvInitialiseTaskLists  tasks.o
    0x080067bc   0x080067bc   0x0000005a   Code   RO         2359    .text.prvInsertBlockIntoFreeList  heap_4.o
    0x08006816   0x08006816   0x00000002   PAD
    0x08006818   0x08006818   0x00000040   Code   RO         2156    .text.prvInsertTimerInActiveList  timers.o
    0x08006858   0x08006858   0x00000018   Code   RO         1848    .text.prvIsQueueEmpty  queue.o
    0x08006870   0x08006870   0x0000001c   Code   RO         1836    .text.prvIsQueueFull  queue.o
    0x0800688c   0x0800688c   0x00000028   Code   RO         2399    .text.prvPortStartFirstTask  port.o
    0x080068b4   0x080068b4   0x0000006e   Code   RO         2152    .text.prvProcessExpiredTimer  timers.o
    0x08006922   0x08006922   0x00000002   PAD
    0x08006924   0x08006924   0x00000122   Code   RO         2148    .text.prvProcessReceivedCommands  timers.o
    0x08006a46   0x08006a46   0x00000002   PAD
    0x08006a48   0x08006a48   0x00000080   Code   RO         2146    .text.prvProcessTimerOrBlockTask  timers.o
    0x08006ac8   0x08006ac8   0x00000028   Code   RO         1963    .text.prvResetNextTaskUnblockTime  tasks.o
    0x08006af0   0x08006af0   0x0000002a   Code   RO         2150    .text.prvSampleTimeNow  timers.o
    0x08006b1a   0x08006b1a   0x00000002   PAD
    0x08006b1c   0x08006b1c   0x0000008e   Code   RO         2154    .text.prvSwitchTimerLists  timers.o
    0x08006baa   0x08006baa   0x00000002   PAD
    0x08006bac   0x08006bac   0x00000032   Code   RO         2389    .text.prvTaskExitError  port.o
    0x08006bde   0x08006bde   0x00000002   PAD
    0x08006be0   0x08006be0   0x00000016   Code   RO         2108    .text.prvTimerTask  timers.o
    0x08006bf6   0x08006bf6   0x00000002   PAD
    0x08006bf8   0x08006bf8   0x00000072   Code   RO         1838    .text.prvUnlockQueue  queue.o
    0x08006c6a   0x08006c6a   0x00000002   PAD
    0x08006c6c   0x08006c6c   0x0000014a   Code   RO         2355    .text.pvPortMalloc  heap_4.o
    0x08006db6   0x08006db6   0x00000002   PAD
    0x08006db8   0x08006db8   0x00000028   Code   RO         2387    .text.pxPortInitialiseStack  port.o
    0x08006de0   0x08006de0   0x000000d4   Code   RO         2916    .text.run_self_test  mpu6050.o
    0x08006eb4   0x08006eb4   0x00000056   Code   RO         2781    .text.set_int_enable  inv_mpu.o
    0x08006f0a   0x08006f0a   0x00000002   PAD
    0x08006f0c   0x08006f0c   0x00000024   Code   RO         1794    .text.uxListRemove  list.o
    0x08006f30   0x08006f30   0x0000001a   Code   RO         2335    .text.vApplicationGetIdleTaskMemory  cmsis_os2.o
    0x08006f4a   0x08006f4a   0x00000002   PAD
    0x08006f4c   0x08006f4c   0x0000001c   Code   RO         2337    .text.vApplicationGetTimerTaskMemory  cmsis_os2.o
    0x08006f68   0x08006f68   0x00000016   Code   RO         1786    .text.vListInitialise  list.o
    0x08006f7e   0x08006f7e   0x00000002   PAD
    0x08006f80   0x08006f80   0x00000006   Code   RO         1788    .text.vListInitialiseItem  list.o
    0x08006f86   0x08006f86   0x00000002   PAD
    0x08006f88   0x08006f88   0x0000003a   Code   RO         1792    .text.vListInsert   list.o
    0x08006fc2   0x08006fc2   0x00000002   PAD
    0x08006fc4   0x08006fc4   0x0000001c   Code   RO         1790    .text.vListInsertEnd  list.o
    0x08006fe0   0x08006fe0   0x00000014   Code   RO         2397    .text.vPortEnableVFP  port.o
    0x08006ff4   0x08006ff4   0x00000046   Code   RO         2403    .text.vPortEnterCritical  port.o
    0x0800703a   0x0800703a   0x00000002   PAD
    0x0800703c   0x0800703c   0x0000002e   Code   RO         2405    .text.vPortExitCritical  port.o
    0x0800706a   0x0800706a   0x00000002   PAD
    0x0800706c   0x0800706c   0x0000008a   Code   RO         2361    .text.vPortFree     heap_4.o
    0x080070f6   0x080070f6   0x00000002   PAD
    0x080070f8   0x080070f8   0x00000034   Code   RO         2395    .text.vPortSetupTimerInterrupt  port.o
    0x0800712c   0x0800712c   0x00000062   Code   RO         2411    .text.vPortValidateInterruptPriority  port.o
    0x0800718e   0x0800718e   0x00000002   PAD
    0x08007190   0x08007190   0x00000028   Code   RO         1878    .text.vQueueAddToRegistry  queue.o
    0x080071b8   0x080071b8   0x00000044   Code   RO         1882    .text.vQueueWaitForMessageRestricted  queue.o
    0x080071fc   0x080071fc   0x00000054   Code   RO         1973    .text.vTaskDelay    tasks.o
    0x08007250   0x08007250   0x0000001a   Code   RO         2027    .text.vTaskInternalSetTimeOutState  tasks.o
    0x0800726a   0x0800726a   0x00000002   PAD
    0x0800726c   0x0800726c   0x0000000e   Code   RO         2031    .text.vTaskMissedYield  tasks.o
    0x0800727a   0x0800727a   0x00000002   PAD
    0x0800727c   0x0800727c   0x00000032   Code   RO         2015    .text.vTaskPlaceOnEventList  tasks.o
    0x080072ae   0x080072ae   0x00000002   PAD
    0x080072b0   0x080072b0   0x0000003e   Code   RO         2019    .text.vTaskPlaceOnEventListRestricted  tasks.o
    0x080072ee   0x080072ee   0x00000002   PAD
    0x080072f0   0x080072f0   0x000000a4   Code   RO         1993    .text.vTaskStartScheduler  tasks.o
    0x08007394   0x08007394   0x00000010   Code   RO         1967    .text.vTaskSuspendAll  tasks.o
    0x080073a4   0x080073a4   0x0000009a   Code   RO         1985    .text.vTaskSwitchContext  tasks.o
    0x0800743e   0x0800743e   0x00000002   PAD
    0x08007440   0x08007440   0x00000112   Code   RO         2393    .text.xPortStartScheduler  port.o
    0x08007552   0x08007552   0x00000002   PAD
    0x08007554   0x08007554   0x0000002e   Code   RO         2409    .text.xPortSysTickHandler  port.o
    0x08007582   0x08007582   0x00000002   PAD
    0x08007584   0x08007584   0x00000096   Code   RO         1806    .text.xQueueGenericCreateStatic  queue.o
    0x0800761a   0x0800761a   0x00000002   PAD
    0x0800761c   0x0800761c   0x0000007e   Code   RO         1804    .text.xQueueGenericReset  queue.o
    0x0800769a   0x0800769a   0x00000002   PAD
    0x0800769c   0x0800769c   0x000001a2   Code   RO         1824    .text.xQueueGenericSend  queue.o
    0x0800783e   0x0800783e   0x00000002   PAD
    0x08007840   0x08007840   0x000000ce   Code   RO         1840    .text.xQueueGenericSendFromISR  queue.o
    0x0800790e   0x0800790e   0x00000002   PAD
    0x08007910   0x08007910   0x00000184   Code   RO         1844    .text.xQueueReceive  queue.o
    0x08007a94   0x08007a94   0x00000088   Code   RO         2029    .text.xTaskCheckForTimeOut  tasks.o
    0x08007b1c   0x08007b1c   0x00000066   Code   RO         1957    .text.xTaskCreate   tasks.o
    0x08007b82   0x08007b82   0x00000002   PAD
    0x08007b84   0x08007b84   0x00000076   Code   RO         1951    .text.xTaskCreateStatic  tasks.o
    0x08007bfa   0x08007bfa   0x00000002   PAD
    0x08007bfc   0x08007bfc   0x00000026   Code   RO         2045    .text.xTaskGetSchedulerState  tasks.o
    0x08007c22   0x08007c22   0x00000002   PAD
    0x08007c24   0x08007c24   0x0000000c   Code   RO         2001    .text.xTaskGetTickCount  tasks.o
    0x08007c30   0x08007c30   0x00000012   Code   RO         2003    .text.xTaskGetTickCountFromISR  tasks.o
    0x08007c42   0x08007c42   0x00000002   PAD
    0x08007c44   0x08007c44   0x00000152   Code   RO         1999    .text.xTaskIncrementTick  tasks.o
    0x08007d96   0x08007d96   0x00000002   PAD
    0x08007d98   0x08007d98   0x00000092   Code   RO         2049    .text.xTaskPriorityDisinherit  tasks.o
    0x08007e2a   0x08007e2a   0x00000002   PAD
    0x08007e2c   0x08007e2c   0x0000008e   Code   RO         2021    .text.xTaskRemoveFromEventList  tasks.o
    0x08007eba   0x08007eba   0x00000002   PAD
    0x08007ebc   0x08007ebc   0x00000114   Code   RO         1971    .text.xTaskResumeAll  tasks.o
    0x08007fd0   0x08007fd0   0x00000074   Code   RO         2104    .text.xTimerCreateTimerTask  timers.o
    0x08008044   0x08008044   0x00000068   Code   RO         2116    .text.xTimerGenericCommand  timers.o
    0x080080ac   0x080080ac   0x00000020   Code   RO         3249    i.__0printf         mc_w.l(printfa.o)
    0x080080cc   0x080080cc   0x00000030   Code   RO         3318    i.__ARM_fpclassify  m_wm.l(fpclassify.o)
    0x080080fc   0x080080fc   0x00000004   PAD
    0x08008100   0x08008100   0x00000360   Code   RO         2984    i.__hardfp_asin     m_wm.l(asin.o)
    0x08008460   0x08008460   0x000002d8   Code   RO         3291    i.__hardfp_atan     m_wm.l(atan.o)
    0x08008738   0x08008738   0x00000200   Code   RO         2991    i.__hardfp_atan2    m_wm.l(atan2.o)
    0x08008938   0x08008938   0x000000f8   Code   RO         3320    i.__kernel_poly     m_wm.l(poly.o)
    0x08008a30   0x08008a30   0x00000014   Code   RO         3299    i.__mathlib_dbl_infnan  m_wm.l(dunder.o)
    0x08008a44   0x08008a44   0x00000014   Code   RO         3300    i.__mathlib_dbl_infnan2  m_wm.l(dunder.o)
    0x08008a58   0x08008a58   0x00000020   Code   RO         3301    i.__mathlib_dbl_invalid  m_wm.l(dunder.o)
    0x08008a78   0x08008a78   0x00000020   Code   RO         3304    i.__mathlib_dbl_underflow  m_wm.l(dunder.o)
    0x08008a98   0x08008a98   0x0000000e   Code   RO         3387    i.__scatterload_copy  mc_w.l(handlers.o)
    0x08008aa6   0x08008aa6   0x00000002   Code   RO         3388    i.__scatterload_null  mc_w.l(handlers.o)
    0x08008aa8   0x08008aa8   0x0000000e   Code   RO         3389    i.__scatterload_zeroinit  mc_w.l(handlers.o)
    0x08008ab6   0x08008ab6   0x00000002   PAD
    0x08008ab8   0x08008ab8   0x0000000c   Code   RO         3363    i.__set_errno       mc_w.l(errno.o)
    0x08008ac4   0x08008ac4   0x00000184   Code   RO         3256    i._fp_digits        mc_w.l(printfa.o)
    0x08008c48   0x08008c48   0x000006dc   Code   RO         3257    i._printf_core      mc_w.l(printfa.o)
    0x08009324   0x08009324   0x00000024   Code   RO         3258    i._printf_post_padding  mc_w.l(printfa.o)
    0x08009348   0x08009348   0x0000002e   Code   RO         3259    i._printf_pre_padding  mc_w.l(printfa.o)
    0x08009376   0x08009376   0x00000010   Code   RO         3293    i.atan              m_wm.l(atan.o)
    0x08009386   0x08009386   0x00000018   Code   RO         3314    i.fabs              m_wm.l(fabs.o)
    0x0800939e   0x0800939e   0x00000002   PAD
    0x080093a0   0x080093a0   0x00000024   Code   RO         3000    i.puts              mc_w.l(puts.o)
    0x080093c4   0x080093c4   0x0000006e   Code   RO         3325    i.sqrt              m_wm.l(sqrt.o)
    0x08009432   0x08009432   0x00000006   PAD
    0x08009438   0x08009438   0x00000050   Data   RO         2987    .constdata          m_wm.l(asin.o)
    0x08009488   0x08009488   0x00000098   Data   RO         3294    .constdata          m_wm.l(atan.o)
    0x08009520   0x08009520   0x00000008   Data   RO         3322    .constdata          m_wm.l(qnan.o)
    0x08009528   0x08009528   0x00000003   Data   RO         2890    .rodata..L__const.dmp_set_orientation.accel_axes  inv_mpu_dmp_motion_driver.o
    0x0800952b   0x0800952b   0x00000003   Data   RO         2889    .rodata..L__const.dmp_set_orientation.gyro_axes  inv_mpu_dmp_motion_driver.o
    0x0800952e   0x0800952e   0x00000010   Data   RO         1737    .rodata.AHBPrescTable  system_stm32f4xx.o
    0x0800953e   0x0800953e   0x00000008   Data   RO         1738    .rodata.APBPrescTable  system_stm32f4xx.o
    0x08009546   0x08009546   0x00000002   PAD
    0x08009548   0x08009548   0x00000024   Data   RO          550    .rodata.DataTask_attributes  freertos.o
    0x0800956c   0x0800956c   0x00000024   Data   RO          549    .rodata.GUITask_attributes  freertos.o
    0x08009590   0x08009590   0x0000000c   Data   RO         2426    .rodata.GUI_Font8ASCII_Prop  f08_ascii.o
    0x0800959c   0x0800959c   0x00000020   Data   RO         2427    .rodata.GUI_Font8_ASCII  f08_ascii.o
    0x080095bc   0x080095bc   0x000002f8   Data   RO         2425    .rodata.GUI_Font8_ASCII_CharInfo  f08_ascii.o
    0x080098b4   0x080098b4   0x00000388   Data   RO          442    .rodata.GUI_FontHZKaiTi_16_CharInfo  kaiti_16.o
    0x08009c3c   0x08009c3c   0x0000000c   Data   RO          459    .rodata.GUI_FontHZKaiTi_16_Prop0020  kaiti_16.o
    0x08009c48   0x08009c48   0x0000000c   Data   RO          458    .rodata.GUI_FontHZKaiTi_16_Propb3c9  kaiti_16.o
    0x08009c54   0x08009c54   0x0000000c   Data   RO          457    .rodata.GUI_FontHZKaiTi_16_Propb4f3  kaiti_16.o
    0x08009c60   0x08009c60   0x0000000c   Data   RO          456    .rodata.GUI_FontHZKaiTi_16_Propb5e7  kaiti_16.o
    0x08009c6c   0x08009c6c   0x0000000c   Data   RO          455    .rodata.GUI_FontHZKaiTi_16_Propbabc  kaiti_16.o
    0x08009c78   0x08009c78   0x0000000c   Data   RO          454    .rodata.GUI_FontHZKaiTi_16_Propbafa  kaiti_16.o
    0x08009c84   0x08009c84   0x0000000c   Data   RO          453    .rodata.GUI_FontHZKaiTi_16_Propbcbc  kaiti_16.o
    0x08009c90   0x08009c90   0x0000000c   Data   RO          452    .rodata.GUI_FontHZKaiTi_16_Propbfac  kaiti_16.o
    0x08009c9c   0x08009c9c   0x0000000c   Data   RO          451    .rodata.GUI_FontHZKaiTi_16_Propbfc6  kaiti_16.o
    0x08009ca8   0x08009ca8   0x0000000c   Data   RO          450    .rodata.GUI_FontHZKaiTi_16_Propcec4  kaiti_16.o
    0x08009cb4   0x08009cb4   0x0000000c   Data   RO          449    .rodata.GUI_FontHZKaiTi_16_Propd1a7  kaiti_16.o
    0x08009cc0   0x08009cc0   0x0000000c   Data   RO          448    .rodata.GUI_FontHZKaiTi_16_Propd1e5  kaiti_16.o
    0x08009ccc   0x08009ccc   0x0000000c   Data   RO          447    .rodata.GUI_FontHZKaiTi_16_Propd4b1  kaiti_16.o
    0x08009cd8   0x08009cd8   0x0000000c   Data   RO          446    .rodata.GUI_FontHZKaiTi_16_Propd4f8  kaiti_16.o
    0x08009ce4   0x08009ce4   0x0000000c   Data   RO          445    .rodata.GUI_FontHZKaiTi_16_Propd6dc  kaiti_16.o
    0x08009cf0   0x08009cf0   0x0000000c   Data   RO          444    .rodata.GUI_FontHZKaiTi_16_Propd7d3  kaiti_16.o
    0x08009cfc   0x08009cfc   0x0000000c   Data   RO          443    .rodata.GUI_FontHZKaiTi_16_Propd8b9  kaiti_16.o
    0x08009d08   0x08009d08   0x000003e0   Data   RO          294    .rodata.GUI_FontHZKaiTi_20_CharInfo  kaiti_20.o
    0x0800a0e8   0x0800a0e8   0x0000000c   Data   RO          322    .rodata.GUI_FontHZKaiTi_20_Prop0020  kaiti_20.o
    0x0800a0f4   0x0800a0f4   0x0000000c   Data   RO          321    .rodata.GUI_FontHZKaiTi_20_Propa1a1  kaiti_20.o
    0x0800a100   0x0800a100   0x0000000c   Data   RO          320    .rodata.GUI_FontHZKaiTi_20_Propb2e2  kaiti_20.o
    0x0800a10c   0x0800a10c   0x0000000c   Data   RO          319    .rodata.GUI_FontHZKaiTi_20_Propb3cc  kaiti_20.o
    0x0800a118   0x0800a118   0x0000000c   Data   RO          318    .rodata.GUI_FontHZKaiTi_20_Propb4f3  kaiti_20.o
    0x0800a124   0x0800a124   0x0000000c   Data   RO          317    .rodata.GUI_FontHZKaiTi_20_Propb5c1  kaiti_20.o
    0x0800a130   0x0800a130   0x0000000c   Data   RO          316    .rodata.GUI_FontHZKaiTi_20_Propb5e7  kaiti_20.o
    0x0800a13c   0x0800a13c   0x0000000c   Data   RO          315    .rodata.GUI_FontHZKaiTi_20_Propb7c0  kaiti_20.o
    0x0800a148   0x0800a148   0x0000000c   Data   RO          314    .rodata.GUI_FontHZKaiTi_20_Propbabc  kaiti_20.o
    0x0800a154   0x0800a154   0x0000000c   Data   RO          313    .rodata.GUI_FontHZKaiTi_20_Propbacf  kaiti_20.o
    0x0800a160   0x0800a160   0x0000000c   Data   RO          312    .rodata.GUI_FontHZKaiTi_20_Propbbf0  kaiti_20.o
    0x0800a16c   0x0800a16c   0x0000000c   Data   RO          311    .rodata.GUI_FontHZKaiTi_20_Propbcbc  kaiti_20.o
    0x0800a178   0x0800a178   0x0000000c   Data   RO          310    .rodata.GUI_FontHZKaiTi_20_Propbcc6  kaiti_20.o
    0x0800a184   0x0800a184   0x0000000c   Data   RO          309    .rodata.GUI_FontHZKaiTi_20_Propbce0  kaiti_20.o
    0x0800a190   0x0800a190   0x0000000c   Data   RO          308    .rodata.GUI_FontHZKaiTi_20_Propbcf9  kaiti_20.o
    0x0800a19c   0x0800a19c   0x0000000c   Data   RO          307    .rodata.GUI_FontHZKaiTi_20_Propbfc6  kaiti_20.o
    0x0800a1a8   0x0800a1a8   0x0000000c   Data   RO          306    .rodata.GUI_FontHZKaiTi_20_Propc6f7  kaiti_20.o
    0x0800a1b4   0x0800a1b4   0x0000000c   Data   RO          305    .rodata.GUI_FontHZKaiTi_20_Propc9e8  kaiti_20.o
    0x0800a1c0   0x0800a1c0   0x0000000c   Data   RO          304    .rodata.GUI_FontHZKaiTi_20_Propcab5  kaiti_20.o
    0x0800a1cc   0x0800a1cc   0x0000000c   Data   RO          303    .rodata.GUI_FontHZKaiTi_20_Propd1a7  kaiti_20.o
    0x0800a1d8   0x0800a1d8   0x0000000c   Data   RO          302    .rodata.GUI_FontHZKaiTi_20_Propd2b5  kaiti_20.o
    0x0800a1e4   0x0800a1e4   0x0000000c   Data   RO          301    .rodata.GUI_FontHZKaiTi_20_Propd4b6  kaiti_20.o
    0x0800a1f0   0x0800a1f0   0x0000000c   Data   RO          300    .rodata.GUI_FontHZKaiTi_20_Propd4f8  kaiti_20.o
    0x0800a1fc   0x0800a1fc   0x0000000c   Data   RO          299    .rodata.GUI_FontHZKaiTi_20_Propd6dd  kaiti_20.o
    0x0800a208   0x0800a208   0x0000000c   Data   RO          298    .rodata.GUI_FontHZKaiTi_20_Propd7a8  kaiti_20.o
    0x0800a214   0x0800a214   0x0000000c   Data   RO          297    .rodata.GUI_FontHZKaiTi_20_Propd7d3  kaiti_20.o
    0x0800a220   0x0800a220   0x0000000c   Data   RO          296    .rodata.GUI_FontHZKaiTi_20_Propd7db  kaiti_20.o
    0x0800a22c   0x0800a22c   0x0000000c   Data   RO          295    .rodata.GUI_FontHZKaiTi_20_Propd8b9  kaiti_20.o
    0x0800a238   0x0800a238   0x00000428   Data   RO          778    .rodata.GUI_FontHZSimSun_12_CharInfo  simsun_12.o
    0x0800a660   0x0800a660   0x0000000c   Data   RO          814    .rodata.GUI_FontHZSimSun_12_Prop0020  simsun_12.o
    0x0800a66c   0x0800a66c   0x0000000c   Data   RO          813    .rodata.GUI_FontHZSimSun_12_Propa1b6  simsun_12.o
    0x0800a678   0x0800a678   0x0000000c   Data   RO          812    .rodata.GUI_FontHZSimSun_12_Propa1e6  simsun_12.o
    0x0800a684   0x0800a684   0x0000000c   Data   RO          811    .rodata.GUI_FontHZSimSun_12_Propa6e6  simsun_12.o
    0x0800a690   0x0800a690   0x0000000c   Data   RO          810    .rodata.GUI_FontHZSimSun_12_Propb1a8  simsun_12.o
    0x0800a69c   0x0800a69c   0x0000000c   Data   RO          809    .rodata.GUI_FontHZSimSun_12_Propb2ce  simsun_12.o
    0x0800a6a8   0x0800a6a8   0x0000000c   Data   RO          808    .rodata.GUI_FontHZSimSun_12_Propb2e2  simsun_12.o
    0x0800a6b4   0x0800a6b4   0x0000000c   Data   RO          807    .rodata.GUI_FontHZSimSun_12_Propb4f3  simsun_12.o
    0x0800a6c0   0x0800a6c0   0x0000000c   Data   RO          806    .rodata.GUI_FontHZSimSun_12_Propb5b1  simsun_12.o
    0x0800a6cc   0x0800a6cc   0x0000000c   Data   RO          805    .rodata.GUI_FontHZSimSun_12_Propb5e7  simsun_12.o
    0x0800a6d8   0x0800a6d8   0x0000000c   Data   RO          804    .rodata.GUI_FontHZSimSun_12_Propb6af  simsun_12.o
    0x0800a6e4   0x0800a6e4   0x0000000c   Data   RO          803    .rodata.GUI_FontHZSimSun_12_Propb6c8  simsun_12.o
    0x0800a6f0   0x0800a6f0   0x0000000c   Data   RO          802    .rodata.GUI_FontHZSimSun_12_Propbabc  simsun_12.o
    0x0800a6fc   0x0800a6fc   0x0000000c   Data   RO          801    .rodata.GUI_FontHZSimSun_12_Propbcbc  simsun_12.o
    0x0800a708   0x0800a708   0x0000000c   Data   RO          800    .rodata.GUI_FontHZSimSun_12_Propbce0  simsun_12.o
    0x0800a714   0x0800a714   0x0000000c   Data   RO          799    .rodata.GUI_FontHZSimSun_12_Propbeaf  simsun_12.o
    0x0800a720   0x0800a720   0x0000000c   Data   RO          798    .rodata.GUI_FontHZSimSun_12_Propbedd  simsun_12.o
    0x0800a72c   0x0800a72c   0x0000000c   Data   RO          797    .rodata.GUI_FontHZSimSun_12_Propbfc6  simsun_12.o
    0x0800a738   0x0800a738   0x0000000c   Data   RO          796    .rodata.GUI_FontHZSimSun_12_Propc7b0  simsun_12.o
    0x0800a744   0x0800a744   0x0000000c   Data   RO          795    .rodata.GUI_FontHZSimSun_12_Propc7fa  simsun_12.o
    0x0800a750   0x0800a750   0x0000000c   Data   RO          794    .rodata.GUI_FontHZSimSun_12_Propc9e8  simsun_12.o
    0x0800a75c   0x0800a75c   0x0000000c   Data   RO          793    .rodata.GUI_FontHZSimSun_12_Propcab1  simsun_12.o
    0x0800a768   0x0800a768   0x0000000c   Data   RO          792    .rodata.GUI_FontHZSimSun_12_Propcab5  simsun_12.o
    0x0800a774   0x0800a774   0x0000000c   Data   RO          791    .rodata.GUI_FontHZSimSun_12_Propcafd  simsun_12.o
    0x0800a780   0x0800a780   0x0000000c   Data   RO          790    .rodata.GUI_FontHZSimSun_12_Propcda8  simsun_12.o
    0x0800a78c   0x0800a78c   0x0000000c   Data   RO          789    .rodata.GUI_FontHZSimSun_12_Propcec2  simsun_12.o
    0x0800a798   0x0800a798   0x0000000c   Data   RO          788    .rodata.GUI_FontHZSimSun_12_Propcede  simsun_12.o
    0x0800a7a4   0x0800a7a4   0x0000000c   Data   RO          787    .rodata.GUI_FontHZSimSun_12_Propcfdf  simsun_12.o
    0x0800a7b0   0x0800a7b0   0x0000000c   Data   RO          786    .rodata.GUI_FontHZSimSun_12_Propd0c5  simsun_12.o
    0x0800a7bc   0x0800a7bc   0x0000000c   Data   RO          785    .rodata.GUI_FontHZSimSun_12_Propd1a7  simsun_12.o
    0x0800a7c8   0x0800a7c8   0x0000000c   Data   RO          784    .rodata.GUI_FontHZSimSun_12_Propd4f8  simsun_12.o
    0x0800a7d4   0x0800a7d4   0x0000000c   Data   RO          783    .rodata.GUI_FontHZSimSun_12_Propd5f0  simsun_12.o
    0x0800a7e0   0x0800a7e0   0x0000000c   Data   RO          782    .rodata.GUI_FontHZSimSun_12_Propd6c3  simsun_12.o
    0x0800a7ec   0x0800a7ec   0x0000000c   Data   RO          781    .rodata.GUI_FontHZSimSun_12_Propd6dd  simsun_12.o
    0x0800a7f8   0x0800a7f8   0x0000000c   Data   RO          780    .rodata.GUI_FontHZSimSun_12_Propd7d3  simsun_12.o
    0x0800a804   0x0800a804   0x0000000c   Data   RO          779    .rodata.GUI_FontHZSimSun_12_Propd8b9  simsun_12.o
    0x0800a810   0x0800a810   0x00000020   Data   RO          460    .rodata.GUI_FontHZ_KaiTi_16  kaiti_16.o
    0x0800a830   0x0800a830   0x00000020   Data   RO          323    .rodata.GUI_FontHZ_KaiTi_20  kaiti_20.o
    0x0800a850   0x0800a850   0x00000020   Data   RO          815    .rodata.GUI_FontHZ_SimSun_12  simsun_12.o
    0x0800a870   0x0800a870   0x00000024   Data   RO          547    .rodata.KeyTask_attributes  freertos.o
    0x0800a894   0x0800a894   0x00000024   Data   RO          546    .rodata.MainTask_attributes  freertos.o
    0x0800a8b8   0x0800a8b8   0x00000024   Data   RO          548    .rodata.UartTask_attributes  freertos.o
    0x0800a8dc   0x0800a8dc   0x0000000c   Data   RO          467    .rodata._Palh       h.o
    0x0800a8e8   0x0800a8e8   0x0000000c   Data   RO          475    .rodata._Palz       z.o
    0x0800a8f4   0x0800a8f4   0x00000200   Data   RO          466    .rodata._ach        h.o
    0x0800aaf4   0x0800aaf4   0x00000200   Data   RO          474    .rodata._acz        z.o
    0x0800acf4   0x0800acf4   0x000002f8   Data   RO         2424    .rodata.acFont8ASCII  f08_ascii.o
    0x0800afec   0x0800afec   0x00000010   Data   RO          329    .rodata.acFontHZKaiTi_16_0020  kaiti_16.o
    0x0800affc   0x0800affc   0x00000010   Data   RO          330    .rodata.acFontHZKaiTi_16_0021  kaiti_16.o
    0x0800b00c   0x0800b00c   0x00000010   Data   RO          331    .rodata.acFontHZKaiTi_16_0022  kaiti_16.o
    0x0800b01c   0x0800b01c   0x00000010   Data   RO          332    .rodata.acFontHZKaiTi_16_0023  kaiti_16.o
    0x0800b02c   0x0800b02c   0x00000010   Data   RO          333    .rodata.acFontHZKaiTi_16_0024  kaiti_16.o
    0x0800b03c   0x0800b03c   0x00000010   Data   RO          334    .rodata.acFontHZKaiTi_16_0025  kaiti_16.o
    0x0800b04c   0x0800b04c   0x00000010   Data   RO          335    .rodata.acFontHZKaiTi_16_0026  kaiti_16.o
    0x0800b05c   0x0800b05c   0x00000010   Data   RO          336    .rodata.acFontHZKaiTi_16_0027  kaiti_16.o
    0x0800b06c   0x0800b06c   0x00000010   Data   RO          337    .rodata.acFontHZKaiTi_16_0028  kaiti_16.o
    0x0800b07c   0x0800b07c   0x00000010   Data   RO          338    .rodata.acFontHZKaiTi_16_0029  kaiti_16.o
    0x0800b08c   0x0800b08c   0x00000010   Data   RO          339    .rodata.acFontHZKaiTi_16_002a  kaiti_16.o
    0x0800b09c   0x0800b09c   0x00000010   Data   RO          340    .rodata.acFontHZKaiTi_16_002b  kaiti_16.o
    0x0800b0ac   0x0800b0ac   0x00000010   Data   RO          341    .rodata.acFontHZKaiTi_16_002c  kaiti_16.o
    0x0800b0bc   0x0800b0bc   0x00000010   Data   RO          342    .rodata.acFontHZKaiTi_16_002d  kaiti_16.o
    0x0800b0cc   0x0800b0cc   0x00000010   Data   RO          343    .rodata.acFontHZKaiTi_16_002e  kaiti_16.o
    0x0800b0dc   0x0800b0dc   0x00000010   Data   RO          344    .rodata.acFontHZKaiTi_16_002f  kaiti_16.o
    0x0800b0ec   0x0800b0ec   0x00000010   Data   RO          345    .rodata.acFontHZKaiTi_16_0030  kaiti_16.o
    0x0800b0fc   0x0800b0fc   0x00000010   Data   RO          346    .rodata.acFontHZKaiTi_16_0031  kaiti_16.o
    0x0800b10c   0x0800b10c   0x00000010   Data   RO          347    .rodata.acFontHZKaiTi_16_0032  kaiti_16.o
    0x0800b11c   0x0800b11c   0x00000010   Data   RO          348    .rodata.acFontHZKaiTi_16_0033  kaiti_16.o
    0x0800b12c   0x0800b12c   0x00000010   Data   RO          349    .rodata.acFontHZKaiTi_16_0034  kaiti_16.o
    0x0800b13c   0x0800b13c   0x00000010   Data   RO          350    .rodata.acFontHZKaiTi_16_0035  kaiti_16.o
    0x0800b14c   0x0800b14c   0x00000010   Data   RO          351    .rodata.acFontHZKaiTi_16_0036  kaiti_16.o
    0x0800b15c   0x0800b15c   0x00000010   Data   RO          352    .rodata.acFontHZKaiTi_16_0037  kaiti_16.o
    0x0800b16c   0x0800b16c   0x00000010   Data   RO          353    .rodata.acFontHZKaiTi_16_0038  kaiti_16.o
    0x0800b17c   0x0800b17c   0x00000010   Data   RO          354    .rodata.acFontHZKaiTi_16_0039  kaiti_16.o
    0x0800b18c   0x0800b18c   0x00000010   Data   RO          355    .rodata.acFontHZKaiTi_16_003a  kaiti_16.o
    0x0800b19c   0x0800b19c   0x00000010   Data   RO          356    .rodata.acFontHZKaiTi_16_003b  kaiti_16.o
    0x0800b1ac   0x0800b1ac   0x00000010   Data   RO          357    .rodata.acFontHZKaiTi_16_003c  kaiti_16.o
    0x0800b1bc   0x0800b1bc   0x00000010   Data   RO          358    .rodata.acFontHZKaiTi_16_003d  kaiti_16.o
    0x0800b1cc   0x0800b1cc   0x00000010   Data   RO          359    .rodata.acFontHZKaiTi_16_003e  kaiti_16.o
    0x0800b1dc   0x0800b1dc   0x00000010   Data   RO          360    .rodata.acFontHZKaiTi_16_003f  kaiti_16.o
    0x0800b1ec   0x0800b1ec   0x00000010   Data   RO          361    .rodata.acFontHZKaiTi_16_0040  kaiti_16.o
    0x0800b1fc   0x0800b1fc   0x00000010   Data   RO          362    .rodata.acFontHZKaiTi_16_0041  kaiti_16.o
    0x0800b20c   0x0800b20c   0x00000010   Data   RO          363    .rodata.acFontHZKaiTi_16_0042  kaiti_16.o
    0x0800b21c   0x0800b21c   0x00000010   Data   RO          364    .rodata.acFontHZKaiTi_16_0043  kaiti_16.o
    0x0800b22c   0x0800b22c   0x00000010   Data   RO          365    .rodata.acFontHZKaiTi_16_0044  kaiti_16.o
    0x0800b23c   0x0800b23c   0x00000010   Data   RO          366    .rodata.acFontHZKaiTi_16_0045  kaiti_16.o
    0x0800b24c   0x0800b24c   0x00000010   Data   RO          367    .rodata.acFontHZKaiTi_16_0046  kaiti_16.o
    0x0800b25c   0x0800b25c   0x00000010   Data   RO          368    .rodata.acFontHZKaiTi_16_0047  kaiti_16.o
    0x0800b26c   0x0800b26c   0x00000010   Data   RO          369    .rodata.acFontHZKaiTi_16_0048  kaiti_16.o
    0x0800b27c   0x0800b27c   0x00000010   Data   RO          370    .rodata.acFontHZKaiTi_16_0049  kaiti_16.o
    0x0800b28c   0x0800b28c   0x00000010   Data   RO          371    .rodata.acFontHZKaiTi_16_004a  kaiti_16.o
    0x0800b29c   0x0800b29c   0x00000010   Data   RO          372    .rodata.acFontHZKaiTi_16_004b  kaiti_16.o
    0x0800b2ac   0x0800b2ac   0x00000010   Data   RO          373    .rodata.acFontHZKaiTi_16_004c  kaiti_16.o
    0x0800b2bc   0x0800b2bc   0x00000010   Data   RO          374    .rodata.acFontHZKaiTi_16_004d  kaiti_16.o
    0x0800b2cc   0x0800b2cc   0x00000010   Data   RO          375    .rodata.acFontHZKaiTi_16_004e  kaiti_16.o
    0x0800b2dc   0x0800b2dc   0x00000010   Data   RO          376    .rodata.acFontHZKaiTi_16_004f  kaiti_16.o
    0x0800b2ec   0x0800b2ec   0x00000010   Data   RO          377    .rodata.acFontHZKaiTi_16_0050  kaiti_16.o
    0x0800b2fc   0x0800b2fc   0x00000010   Data   RO          378    .rodata.acFontHZKaiTi_16_0051  kaiti_16.o
    0x0800b30c   0x0800b30c   0x00000010   Data   RO          379    .rodata.acFontHZKaiTi_16_0052  kaiti_16.o
    0x0800b31c   0x0800b31c   0x00000010   Data   RO          380    .rodata.acFontHZKaiTi_16_0053  kaiti_16.o
    0x0800b32c   0x0800b32c   0x00000010   Data   RO          381    .rodata.acFontHZKaiTi_16_0054  kaiti_16.o
    0x0800b33c   0x0800b33c   0x00000010   Data   RO          382    .rodata.acFontHZKaiTi_16_0055  kaiti_16.o
    0x0800b34c   0x0800b34c   0x00000010   Data   RO          383    .rodata.acFontHZKaiTi_16_0056  kaiti_16.o
    0x0800b35c   0x0800b35c   0x00000010   Data   RO          384    .rodata.acFontHZKaiTi_16_0057  kaiti_16.o
    0x0800b36c   0x0800b36c   0x00000010   Data   RO          385    .rodata.acFontHZKaiTi_16_0058  kaiti_16.o
    0x0800b37c   0x0800b37c   0x00000010   Data   RO          386    .rodata.acFontHZKaiTi_16_0059  kaiti_16.o
    0x0800b38c   0x0800b38c   0x00000010   Data   RO          387    .rodata.acFontHZKaiTi_16_005a  kaiti_16.o
    0x0800b39c   0x0800b39c   0x00000010   Data   RO          388    .rodata.acFontHZKaiTi_16_005b  kaiti_16.o
    0x0800b3ac   0x0800b3ac   0x00000010   Data   RO          389    .rodata.acFontHZKaiTi_16_005c  kaiti_16.o
    0x0800b3bc   0x0800b3bc   0x00000010   Data   RO          390    .rodata.acFontHZKaiTi_16_005d  kaiti_16.o
    0x0800b3cc   0x0800b3cc   0x00000010   Data   RO          391    .rodata.acFontHZKaiTi_16_005e  kaiti_16.o
    0x0800b3dc   0x0800b3dc   0x00000010   Data   RO          392    .rodata.acFontHZKaiTi_16_005f  kaiti_16.o
    0x0800b3ec   0x0800b3ec   0x00000010   Data   RO          393    .rodata.acFontHZKaiTi_16_0060  kaiti_16.o
    0x0800b3fc   0x0800b3fc   0x00000010   Data   RO          394    .rodata.acFontHZKaiTi_16_0061  kaiti_16.o
    0x0800b40c   0x0800b40c   0x00000010   Data   RO          395    .rodata.acFontHZKaiTi_16_0062  kaiti_16.o
    0x0800b41c   0x0800b41c   0x00000010   Data   RO          396    .rodata.acFontHZKaiTi_16_0063  kaiti_16.o
    0x0800b42c   0x0800b42c   0x00000010   Data   RO          397    .rodata.acFontHZKaiTi_16_0064  kaiti_16.o
    0x0800b43c   0x0800b43c   0x00000010   Data   RO          398    .rodata.acFontHZKaiTi_16_0065  kaiti_16.o
    0x0800b44c   0x0800b44c   0x00000010   Data   RO          399    .rodata.acFontHZKaiTi_16_0066  kaiti_16.o
    0x0800b45c   0x0800b45c   0x00000010   Data   RO          400    .rodata.acFontHZKaiTi_16_0067  kaiti_16.o
    0x0800b46c   0x0800b46c   0x00000010   Data   RO          401    .rodata.acFontHZKaiTi_16_0068  kaiti_16.o
    0x0800b47c   0x0800b47c   0x00000010   Data   RO          402    .rodata.acFontHZKaiTi_16_0069  kaiti_16.o
    0x0800b48c   0x0800b48c   0x00000010   Data   RO          403    .rodata.acFontHZKaiTi_16_006a  kaiti_16.o
    0x0800b49c   0x0800b49c   0x00000010   Data   RO          404    .rodata.acFontHZKaiTi_16_006b  kaiti_16.o
    0x0800b4ac   0x0800b4ac   0x00000010   Data   RO          405    .rodata.acFontHZKaiTi_16_006c  kaiti_16.o
    0x0800b4bc   0x0800b4bc   0x00000010   Data   RO          406    .rodata.acFontHZKaiTi_16_006d  kaiti_16.o
    0x0800b4cc   0x0800b4cc   0x00000010   Data   RO          407    .rodata.acFontHZKaiTi_16_006e  kaiti_16.o
    0x0800b4dc   0x0800b4dc   0x00000010   Data   RO          408    .rodata.acFontHZKaiTi_16_006f  kaiti_16.o
    0x0800b4ec   0x0800b4ec   0x00000010   Data   RO          409    .rodata.acFontHZKaiTi_16_0070  kaiti_16.o
    0x0800b4fc   0x0800b4fc   0x00000010   Data   RO          410    .rodata.acFontHZKaiTi_16_0071  kaiti_16.o
    0x0800b50c   0x0800b50c   0x00000010   Data   RO          411    .rodata.acFontHZKaiTi_16_0072  kaiti_16.o
    0x0800b51c   0x0800b51c   0x00000010   Data   RO          412    .rodata.acFontHZKaiTi_16_0073  kaiti_16.o
    0x0800b52c   0x0800b52c   0x00000010   Data   RO          413    .rodata.acFontHZKaiTi_16_0074  kaiti_16.o
    0x0800b53c   0x0800b53c   0x00000010   Data   RO          414    .rodata.acFontHZKaiTi_16_0075  kaiti_16.o
    0x0800b54c   0x0800b54c   0x00000010   Data   RO          415    .rodata.acFontHZKaiTi_16_0076  kaiti_16.o
    0x0800b55c   0x0800b55c   0x00000010   Data   RO          416    .rodata.acFontHZKaiTi_16_0077  kaiti_16.o
    0x0800b56c   0x0800b56c   0x00000010   Data   RO          417    .rodata.acFontHZKaiTi_16_0078  kaiti_16.o
    0x0800b57c   0x0800b57c   0x00000010   Data   RO          418    .rodata.acFontHZKaiTi_16_0079  kaiti_16.o
    0x0800b58c   0x0800b58c   0x00000010   Data   RO          419    .rodata.acFontHZKaiTi_16_007a  kaiti_16.o
    0x0800b59c   0x0800b59c   0x00000010   Data   RO          420    .rodata.acFontHZKaiTi_16_007b  kaiti_16.o
    0x0800b5ac   0x0800b5ac   0x00000010   Data   RO          421    .rodata.acFontHZKaiTi_16_007c  kaiti_16.o
    0x0800b5bc   0x0800b5bc   0x00000010   Data   RO          422    .rodata.acFontHZKaiTi_16_007d  kaiti_16.o
    0x0800b5cc   0x0800b5cc   0x00000010   Data   RO          423    .rodata.acFontHZKaiTi_16_007e  kaiti_16.o
    0x0800b5dc   0x0800b5dc   0x00000010   Data   RO          424    .rodata.acFontHZKaiTi_16_007f  kaiti_16.o
    0x0800b5ec   0x0800b5ec   0x00000020   Data   RO          425    .rodata.acFontHZKaiTi_16_b3c9  kaiti_16.o
    0x0800b60c   0x0800b60c   0x00000020   Data   RO          426    .rodata.acFontHZKaiTi_16_b4f3  kaiti_16.o
    0x0800b62c   0x0800b62c   0x00000020   Data   RO          427    .rodata.acFontHZKaiTi_16_b5e7  kaiti_16.o
    0x0800b64c   0x0800b64c   0x00000020   Data   RO          428    .rodata.acFontHZKaiTi_16_babc  kaiti_16.o
    0x0800b66c   0x0800b66c   0x00000020   Data   RO          429    .rodata.acFontHZKaiTi_16_bafa  kaiti_16.o
    0x0800b68c   0x0800b68c   0x00000020   Data   RO          430    .rodata.acFontHZKaiTi_16_bcbc  kaiti_16.o
    0x0800b6ac   0x0800b6ac   0x00000020   Data   RO          431    .rodata.acFontHZKaiTi_16_bfac  kaiti_16.o
    0x0800b6cc   0x0800b6cc   0x00000020   Data   RO          432    .rodata.acFontHZKaiTi_16_bfc6  kaiti_16.o
    0x0800b6ec   0x0800b6ec   0x00000020   Data   RO          433    .rodata.acFontHZKaiTi_16_cec4  kaiti_16.o
    0x0800b70c   0x0800b70c   0x00000020   Data   RO          434    .rodata.acFontHZKaiTi_16_d1a7  kaiti_16.o
    0x0800b72c   0x0800b72c   0x00000020   Data   RO          435    .rodata.acFontHZKaiTi_16_d1e5  kaiti_16.o
    0x0800b74c   0x0800b74c   0x00000020   Data   RO          436    .rodata.acFontHZKaiTi_16_d4b1  kaiti_16.o
    0x0800b76c   0x0800b76c   0x00000020   Data   RO          437    .rodata.acFontHZKaiTi_16_d4f8  kaiti_16.o
    0x0800b78c   0x0800b78c   0x00000020   Data   RO          438    .rodata.acFontHZKaiTi_16_d6dc  kaiti_16.o
    0x0800b7ac   0x0800b7ac   0x00000020   Data   RO          439    .rodata.acFontHZKaiTi_16_d6dd  kaiti_16.o
    0x0800b7cc   0x0800b7cc   0x00000020   Data   RO          440    .rodata.acFontHZKaiTi_16_d7d3  kaiti_16.o
    0x0800b7ec   0x0800b7ec   0x00000020   Data   RO          441    .rodata.acFontHZKaiTi_16_d8b9  kaiti_16.o
    0x0800b80c   0x0800b80c   0x00000028   Data   RO          170    .rodata.acFontHZKaiTi_20_0020  kaiti_20.o
    0x0800b834   0x0800b834   0x00000028   Data   RO          171    .rodata.acFontHZKaiTi_20_0021  kaiti_20.o
    0x0800b85c   0x0800b85c   0x00000028   Data   RO          172    .rodata.acFontHZKaiTi_20_0022  kaiti_20.o
    0x0800b884   0x0800b884   0x00000028   Data   RO          173    .rodata.acFontHZKaiTi_20_0023  kaiti_20.o
    0x0800b8ac   0x0800b8ac   0x00000028   Data   RO          174    .rodata.acFontHZKaiTi_20_0024  kaiti_20.o
    0x0800b8d4   0x0800b8d4   0x00000028   Data   RO          175    .rodata.acFontHZKaiTi_20_0025  kaiti_20.o
    0x0800b8fc   0x0800b8fc   0x00000028   Data   RO          176    .rodata.acFontHZKaiTi_20_0026  kaiti_20.o
    0x0800b924   0x0800b924   0x00000028   Data   RO          177    .rodata.acFontHZKaiTi_20_0027  kaiti_20.o
    0x0800b94c   0x0800b94c   0x00000028   Data   RO          178    .rodata.acFontHZKaiTi_20_0028  kaiti_20.o
    0x0800b974   0x0800b974   0x00000028   Data   RO          179    .rodata.acFontHZKaiTi_20_0029  kaiti_20.o
    0x0800b99c   0x0800b99c   0x00000028   Data   RO          180    .rodata.acFontHZKaiTi_20_002a  kaiti_20.o
    0x0800b9c4   0x0800b9c4   0x00000028   Data   RO          181    .rodata.acFontHZKaiTi_20_002b  kaiti_20.o
    0x0800b9ec   0x0800b9ec   0x00000028   Data   RO          182    .rodata.acFontHZKaiTi_20_002c  kaiti_20.o
    0x0800ba14   0x0800ba14   0x00000028   Data   RO          183    .rodata.acFontHZKaiTi_20_002d  kaiti_20.o
    0x0800ba3c   0x0800ba3c   0x00000028   Data   RO          184    .rodata.acFontHZKaiTi_20_002e  kaiti_20.o
    0x0800ba64   0x0800ba64   0x00000028   Data   RO          185    .rodata.acFontHZKaiTi_20_002f  kaiti_20.o
    0x0800ba8c   0x0800ba8c   0x00000028   Data   RO          186    .rodata.acFontHZKaiTi_20_0030  kaiti_20.o
    0x0800bab4   0x0800bab4   0x00000028   Data   RO          187    .rodata.acFontHZKaiTi_20_0031  kaiti_20.o
    0x0800badc   0x0800badc   0x00000028   Data   RO          188    .rodata.acFontHZKaiTi_20_0032  kaiti_20.o
    0x0800bb04   0x0800bb04   0x00000028   Data   RO          189    .rodata.acFontHZKaiTi_20_0033  kaiti_20.o
    0x0800bb2c   0x0800bb2c   0x00000028   Data   RO          190    .rodata.acFontHZKaiTi_20_0034  kaiti_20.o
    0x0800bb54   0x0800bb54   0x00000028   Data   RO          191    .rodata.acFontHZKaiTi_20_0035  kaiti_20.o
    0x0800bb7c   0x0800bb7c   0x00000028   Data   RO          192    .rodata.acFontHZKaiTi_20_0036  kaiti_20.o
    0x0800bba4   0x0800bba4   0x00000028   Data   RO          193    .rodata.acFontHZKaiTi_20_0037  kaiti_20.o
    0x0800bbcc   0x0800bbcc   0x00000028   Data   RO          194    .rodata.acFontHZKaiTi_20_0038  kaiti_20.o
    0x0800bbf4   0x0800bbf4   0x00000028   Data   RO          195    .rodata.acFontHZKaiTi_20_0039  kaiti_20.o
    0x0800bc1c   0x0800bc1c   0x00000028   Data   RO          196    .rodata.acFontHZKaiTi_20_003a  kaiti_20.o
    0x0800bc44   0x0800bc44   0x00000028   Data   RO          197    .rodata.acFontHZKaiTi_20_003b  kaiti_20.o
    0x0800bc6c   0x0800bc6c   0x00000028   Data   RO          198    .rodata.acFontHZKaiTi_20_003c  kaiti_20.o
    0x0800bc94   0x0800bc94   0x00000028   Data   RO          199    .rodata.acFontHZKaiTi_20_003d  kaiti_20.o
    0x0800bcbc   0x0800bcbc   0x00000028   Data   RO          200    .rodata.acFontHZKaiTi_20_003e  kaiti_20.o
    0x0800bce4   0x0800bce4   0x00000028   Data   RO          201    .rodata.acFontHZKaiTi_20_003f  kaiti_20.o
    0x0800bd0c   0x0800bd0c   0x00000028   Data   RO          202    .rodata.acFontHZKaiTi_20_0040  kaiti_20.o
    0x0800bd34   0x0800bd34   0x00000028   Data   RO          203    .rodata.acFontHZKaiTi_20_0041  kaiti_20.o
    0x0800bd5c   0x0800bd5c   0x00000028   Data   RO          204    .rodata.acFontHZKaiTi_20_0042  kaiti_20.o
    0x0800bd84   0x0800bd84   0x00000028   Data   RO          205    .rodata.acFontHZKaiTi_20_0043  kaiti_20.o
    0x0800bdac   0x0800bdac   0x00000028   Data   RO          206    .rodata.acFontHZKaiTi_20_0044  kaiti_20.o
    0x0800bdd4   0x0800bdd4   0x00000028   Data   RO          207    .rodata.acFontHZKaiTi_20_0045  kaiti_20.o
    0x0800bdfc   0x0800bdfc   0x00000028   Data   RO          208    .rodata.acFontHZKaiTi_20_0046  kaiti_20.o
    0x0800be24   0x0800be24   0x00000028   Data   RO          209    .rodata.acFontHZKaiTi_20_0047  kaiti_20.o
    0x0800be4c   0x0800be4c   0x00000028   Data   RO          210    .rodata.acFontHZKaiTi_20_0048  kaiti_20.o
    0x0800be74   0x0800be74   0x00000028   Data   RO          211    .rodata.acFontHZKaiTi_20_0049  kaiti_20.o
    0x0800be9c   0x0800be9c   0x00000028   Data   RO          212    .rodata.acFontHZKaiTi_20_004a  kaiti_20.o
    0x0800bec4   0x0800bec4   0x00000028   Data   RO          213    .rodata.acFontHZKaiTi_20_004b  kaiti_20.o
    0x0800beec   0x0800beec   0x00000028   Data   RO          214    .rodata.acFontHZKaiTi_20_004c  kaiti_20.o
    0x0800bf14   0x0800bf14   0x00000028   Data   RO          215    .rodata.acFontHZKaiTi_20_004d  kaiti_20.o
    0x0800bf3c   0x0800bf3c   0x00000028   Data   RO          216    .rodata.acFontHZKaiTi_20_004e  kaiti_20.o
    0x0800bf64   0x0800bf64   0x00000028   Data   RO          217    .rodata.acFontHZKaiTi_20_004f  kaiti_20.o
    0x0800bf8c   0x0800bf8c   0x00000028   Data   RO          218    .rodata.acFontHZKaiTi_20_0050  kaiti_20.o
    0x0800bfb4   0x0800bfb4   0x00000028   Data   RO          219    .rodata.acFontHZKaiTi_20_0051  kaiti_20.o
    0x0800bfdc   0x0800bfdc   0x00000028   Data   RO          220    .rodata.acFontHZKaiTi_20_0052  kaiti_20.o
    0x0800c004   0x0800c004   0x00000028   Data   RO          221    .rodata.acFontHZKaiTi_20_0053  kaiti_20.o
    0x0800c02c   0x0800c02c   0x00000028   Data   RO          222    .rodata.acFontHZKaiTi_20_0054  kaiti_20.o
    0x0800c054   0x0800c054   0x00000028   Data   RO          223    .rodata.acFontHZKaiTi_20_0055  kaiti_20.o
    0x0800c07c   0x0800c07c   0x00000028   Data   RO          224    .rodata.acFontHZKaiTi_20_0056  kaiti_20.o
    0x0800c0a4   0x0800c0a4   0x00000028   Data   RO          225    .rodata.acFontHZKaiTi_20_0057  kaiti_20.o
    0x0800c0cc   0x0800c0cc   0x00000028   Data   RO          226    .rodata.acFontHZKaiTi_20_0058  kaiti_20.o
    0x0800c0f4   0x0800c0f4   0x00000028   Data   RO          227    .rodata.acFontHZKaiTi_20_0059  kaiti_20.o
    0x0800c11c   0x0800c11c   0x00000028   Data   RO          228    .rodata.acFontHZKaiTi_20_005a  kaiti_20.o
    0x0800c144   0x0800c144   0x00000028   Data   RO          229    .rodata.acFontHZKaiTi_20_005b  kaiti_20.o
    0x0800c16c   0x0800c16c   0x00000028   Data   RO          230    .rodata.acFontHZKaiTi_20_005c  kaiti_20.o
    0x0800c194   0x0800c194   0x00000028   Data   RO          231    .rodata.acFontHZKaiTi_20_005d  kaiti_20.o
    0x0800c1bc   0x0800c1bc   0x00000028   Data   RO          232    .rodata.acFontHZKaiTi_20_005e  kaiti_20.o
    0x0800c1e4   0x0800c1e4   0x00000028   Data   RO          233    .rodata.acFontHZKaiTi_20_005f  kaiti_20.o
    0x0800c20c   0x0800c20c   0x00000028   Data   RO          234    .rodata.acFontHZKaiTi_20_0060  kaiti_20.o
    0x0800c234   0x0800c234   0x00000028   Data   RO          235    .rodata.acFontHZKaiTi_20_0061  kaiti_20.o
    0x0800c25c   0x0800c25c   0x00000028   Data   RO          236    .rodata.acFontHZKaiTi_20_0062  kaiti_20.o
    0x0800c284   0x0800c284   0x00000028   Data   RO          237    .rodata.acFontHZKaiTi_20_0063  kaiti_20.o
    0x0800c2ac   0x0800c2ac   0x00000028   Data   RO          238    .rodata.acFontHZKaiTi_20_0064  kaiti_20.o
    0x0800c2d4   0x0800c2d4   0x00000028   Data   RO          239    .rodata.acFontHZKaiTi_20_0065  kaiti_20.o
    0x0800c2fc   0x0800c2fc   0x00000028   Data   RO          240    .rodata.acFontHZKaiTi_20_0066  kaiti_20.o
    0x0800c324   0x0800c324   0x00000028   Data   RO          241    .rodata.acFontHZKaiTi_20_0067  kaiti_20.o
    0x0800c34c   0x0800c34c   0x00000028   Data   RO          242    .rodata.acFontHZKaiTi_20_0068  kaiti_20.o
    0x0800c374   0x0800c374   0x00000028   Data   RO          243    .rodata.acFontHZKaiTi_20_0069  kaiti_20.o
    0x0800c39c   0x0800c39c   0x00000028   Data   RO          244    .rodata.acFontHZKaiTi_20_006a  kaiti_20.o
    0x0800c3c4   0x0800c3c4   0x00000028   Data   RO          245    .rodata.acFontHZKaiTi_20_006b  kaiti_20.o
    0x0800c3ec   0x0800c3ec   0x00000028   Data   RO          246    .rodata.acFontHZKaiTi_20_006c  kaiti_20.o
    0x0800c414   0x0800c414   0x00000028   Data   RO          247    .rodata.acFontHZKaiTi_20_006d  kaiti_20.o
    0x0800c43c   0x0800c43c   0x00000028   Data   RO          248    .rodata.acFontHZKaiTi_20_006e  kaiti_20.o
    0x0800c464   0x0800c464   0x00000028   Data   RO          249    .rodata.acFontHZKaiTi_20_006f  kaiti_20.o
    0x0800c48c   0x0800c48c   0x00000028   Data   RO          250    .rodata.acFontHZKaiTi_20_0070  kaiti_20.o
    0x0800c4b4   0x0800c4b4   0x00000028   Data   RO          251    .rodata.acFontHZKaiTi_20_0071  kaiti_20.o
    0x0800c4dc   0x0800c4dc   0x00000028   Data   RO          252    .rodata.acFontHZKaiTi_20_0072  kaiti_20.o
    0x0800c504   0x0800c504   0x00000028   Data   RO          253    .rodata.acFontHZKaiTi_20_0073  kaiti_20.o
    0x0800c52c   0x0800c52c   0x00000028   Data   RO          254    .rodata.acFontHZKaiTi_20_0074  kaiti_20.o
    0x0800c554   0x0800c554   0x00000028   Data   RO          255    .rodata.acFontHZKaiTi_20_0075  kaiti_20.o
    0x0800c57c   0x0800c57c   0x00000028   Data   RO          256    .rodata.acFontHZKaiTi_20_0076  kaiti_20.o
    0x0800c5a4   0x0800c5a4   0x00000028   Data   RO          257    .rodata.acFontHZKaiTi_20_0077  kaiti_20.o
    0x0800c5cc   0x0800c5cc   0x00000028   Data   RO          258    .rodata.acFontHZKaiTi_20_0078  kaiti_20.o
    0x0800c5f4   0x0800c5f4   0x00000028   Data   RO          259    .rodata.acFontHZKaiTi_20_0079  kaiti_20.o
    0x0800c61c   0x0800c61c   0x00000028   Data   RO          260    .rodata.acFontHZKaiTi_20_007a  kaiti_20.o
    0x0800c644   0x0800c644   0x00000028   Data   RO          261    .rodata.acFontHZKaiTi_20_007b  kaiti_20.o
    0x0800c66c   0x0800c66c   0x00000028   Data   RO          262    .rodata.acFontHZKaiTi_20_007c  kaiti_20.o
    0x0800c694   0x0800c694   0x00000028   Data   RO          263    .rodata.acFontHZKaiTi_20_007d  kaiti_20.o
    0x0800c6bc   0x0800c6bc   0x00000028   Data   RO          264    .rodata.acFontHZKaiTi_20_007e  kaiti_20.o
    0x0800c6e4   0x0800c6e4   0x00000014   Data   RO          265    .rodata.acFontHZKaiTi_20_007f  kaiti_20.o
    0x0800c6f8   0x0800c6f8   0x0000003c   Data   RO          266    .rodata.acFontHZKaiTi_20_a1a1  kaiti_20.o
    0x0800c734   0x0800c734   0x0000003c   Data   RO          267    .rodata.acFontHZKaiTi_20_a1a2  kaiti_20.o
    0x0800c770   0x0800c770   0x0000003c   Data   RO          268    .rodata.acFontHZKaiTi_20_b2e2  kaiti_20.o
    0x0800c7ac   0x0800c7ac   0x0000003c   Data   RO          269    .rodata.acFontHZKaiTi_20_b3cc  kaiti_20.o
    0x0800c7e8   0x0800c7e8   0x0000003c   Data   RO          270    .rodata.acFontHZKaiTi_20_b4f3  kaiti_20.o
    0x0800c824   0x0800c824   0x0000003c   Data   RO          271    .rodata.acFontHZKaiTi_20_b5c1  kaiti_20.o
    0x0800c860   0x0800c860   0x0000003c   Data   RO          272    .rodata.acFontHZKaiTi_20_b5e7  kaiti_20.o
    0x0800c89c   0x0800c89c   0x0000003c   Data   RO          273    .rodata.acFontHZKaiTi_20_b7c0  kaiti_20.o
    0x0800c8d8   0x0800c8d8   0x0000003c   Data   RO          274    .rodata.acFontHZKaiTi_20_babc  kaiti_20.o
    0x0800c914   0x0800c914   0x0000003c   Data   RO          275    .rodata.acFontHZKaiTi_20_bacf  kaiti_20.o
    0x0800c950   0x0800c950   0x0000003c   Data   RO          276    .rodata.acFontHZKaiTi_20_bbf0  kaiti_20.o
    0x0800c98c   0x0800c98c   0x0000003c   Data   RO          277    .rodata.acFontHZKaiTi_20_bcbc  kaiti_20.o
    0x0800c9c8   0x0800c9c8   0x0000003c   Data   RO          278    .rodata.acFontHZKaiTi_20_bcc6  kaiti_20.o
    0x0800ca04   0x0800ca04   0x0000003c   Data   RO          279    .rodata.acFontHZKaiTi_20_bce0  kaiti_20.o
    0x0800ca40   0x0800ca40   0x0000003c   Data   RO          280    .rodata.acFontHZKaiTi_20_bcf9  kaiti_20.o
    0x0800ca7c   0x0800ca7c   0x0000003c   Data   RO          281    .rodata.acFontHZKaiTi_20_bfc6  kaiti_20.o
    0x0800cab8   0x0800cab8   0x0000003c   Data   RO          282    .rodata.acFontHZKaiTi_20_c6f7  kaiti_20.o
    0x0800caf4   0x0800caf4   0x0000003c   Data   RO          283    .rodata.acFontHZKaiTi_20_c9e8  kaiti_20.o
    0x0800cb30   0x0800cb30   0x0000003c   Data   RO          284    .rodata.acFontHZKaiTi_20_cab5  kaiti_20.o
    0x0800cb6c   0x0800cb6c   0x0000003c   Data   RO          285    .rodata.acFontHZKaiTi_20_d1a7  kaiti_20.o
    0x0800cba8   0x0800cba8   0x0000003c   Data   RO          286    .rodata.acFontHZKaiTi_20_d2b5  kaiti_20.o
    0x0800cbe4   0x0800cbe4   0x0000003c   Data   RO          287    .rodata.acFontHZKaiTi_20_d4b6  kaiti_20.o
    0x0800cc20   0x0800cc20   0x0000003c   Data   RO          288    .rodata.acFontHZKaiTi_20_d4f8  kaiti_20.o
    0x0800cc5c   0x0800cc5c   0x0000003c   Data   RO          289    .rodata.acFontHZKaiTi_20_d6dd  kaiti_20.o
    0x0800cc98   0x0800cc98   0x0000003c   Data   RO          290    .rodata.acFontHZKaiTi_20_d7a8  kaiti_20.o
    0x0800ccd4   0x0800ccd4   0x0000003c   Data   RO          291    .rodata.acFontHZKaiTi_20_d7d3  kaiti_20.o
    0x0800cd10   0x0800cd10   0x0000003c   Data   RO          292    .rodata.acFontHZKaiTi_20_d7db  kaiti_20.o
    0x0800cd4c   0x0800cd4c   0x0000003c   Data   RO          293    .rodata.acFontHZKaiTi_20_d8b9  kaiti_20.o
    0x0800cd88   0x0800cd88   0x0000000c   Data   RO          645    .rodata.acFontHZSimSun_12_0020  simsun_12.o
    0x0800cd94   0x0800cd94   0x0000000c   Data   RO          646    .rodata.acFontHZSimSun_12_0021  simsun_12.o
    0x0800cda0   0x0800cda0   0x0000000c   Data   RO          647    .rodata.acFontHZSimSun_12_0022  simsun_12.o
    0x0800cdac   0x0800cdac   0x0000000c   Data   RO          648    .rodata.acFontHZSimSun_12_0023  simsun_12.o
    0x0800cdb8   0x0800cdb8   0x0000000c   Data   RO          649    .rodata.acFontHZSimSun_12_0024  simsun_12.o
    0x0800cdc4   0x0800cdc4   0x0000000c   Data   RO          650    .rodata.acFontHZSimSun_12_0025  simsun_12.o
    0x0800cdd0   0x0800cdd0   0x0000000c   Data   RO          651    .rodata.acFontHZSimSun_12_0026  simsun_12.o
    0x0800cddc   0x0800cddc   0x0000000c   Data   RO          652    .rodata.acFontHZSimSun_12_0027  simsun_12.o
    0x0800cde8   0x0800cde8   0x0000000c   Data   RO          653    .rodata.acFontHZSimSun_12_0028  simsun_12.o
    0x0800cdf4   0x0800cdf4   0x0000000c   Data   RO          654    .rodata.acFontHZSimSun_12_0029  simsun_12.o
    0x0800ce00   0x0800ce00   0x0000000c   Data   RO          655    .rodata.acFontHZSimSun_12_002a  simsun_12.o
    0x0800ce0c   0x0800ce0c   0x0000000c   Data   RO          656    .rodata.acFontHZSimSun_12_002b  simsun_12.o
    0x0800ce18   0x0800ce18   0x0000000c   Data   RO          657    .rodata.acFontHZSimSun_12_002c  simsun_12.o
    0x0800ce24   0x0800ce24   0x0000000c   Data   RO          658    .rodata.acFontHZSimSun_12_002d  simsun_12.o
    0x0800ce30   0x0800ce30   0x0000000c   Data   RO          659    .rodata.acFontHZSimSun_12_002e  simsun_12.o
    0x0800ce3c   0x0800ce3c   0x0000000c   Data   RO          660    .rodata.acFontHZSimSun_12_002f  simsun_12.o
    0x0800ce48   0x0800ce48   0x0000000c   Data   RO          661    .rodata.acFontHZSimSun_12_0030  simsun_12.o
    0x0800ce54   0x0800ce54   0x0000000c   Data   RO          662    .rodata.acFontHZSimSun_12_0031  simsun_12.o
    0x0800ce60   0x0800ce60   0x0000000c   Data   RO          663    .rodata.acFontHZSimSun_12_0032  simsun_12.o
    0x0800ce6c   0x0800ce6c   0x0000000c   Data   RO          664    .rodata.acFontHZSimSun_12_0033  simsun_12.o
    0x0800ce78   0x0800ce78   0x0000000c   Data   RO          665    .rodata.acFontHZSimSun_12_0034  simsun_12.o
    0x0800ce84   0x0800ce84   0x0000000c   Data   RO          666    .rodata.acFontHZSimSun_12_0035  simsun_12.o
    0x0800ce90   0x0800ce90   0x0000000c   Data   RO          667    .rodata.acFontHZSimSun_12_0036  simsun_12.o
    0x0800ce9c   0x0800ce9c   0x0000000c   Data   RO          668    .rodata.acFontHZSimSun_12_0037  simsun_12.o
    0x0800cea8   0x0800cea8   0x0000000c   Data   RO          669    .rodata.acFontHZSimSun_12_0038  simsun_12.o
    0x0800ceb4   0x0800ceb4   0x0000000c   Data   RO          670    .rodata.acFontHZSimSun_12_0039  simsun_12.o
    0x0800cec0   0x0800cec0   0x0000000c   Data   RO          671    .rodata.acFontHZSimSun_12_003a  simsun_12.o
    0x0800cecc   0x0800cecc   0x0000000c   Data   RO          672    .rodata.acFontHZSimSun_12_003b  simsun_12.o
    0x0800ced8   0x0800ced8   0x0000000c   Data   RO          673    .rodata.acFontHZSimSun_12_003c  simsun_12.o
    0x0800cee4   0x0800cee4   0x0000000c   Data   RO          674    .rodata.acFontHZSimSun_12_003d  simsun_12.o
    0x0800cef0   0x0800cef0   0x0000000c   Data   RO          675    .rodata.acFontHZSimSun_12_003e  simsun_12.o
    0x0800cefc   0x0800cefc   0x0000000c   Data   RO          676    .rodata.acFontHZSimSun_12_003f  simsun_12.o
    0x0800cf08   0x0800cf08   0x0000000c   Data   RO          677    .rodata.acFontHZSimSun_12_0040  simsun_12.o
    0x0800cf14   0x0800cf14   0x0000000c   Data   RO          678    .rodata.acFontHZSimSun_12_0041  simsun_12.o
    0x0800cf20   0x0800cf20   0x0000000c   Data   RO          679    .rodata.acFontHZSimSun_12_0042  simsun_12.o
    0x0800cf2c   0x0800cf2c   0x0000000c   Data   RO          680    .rodata.acFontHZSimSun_12_0043  simsun_12.o
    0x0800cf38   0x0800cf38   0x0000000c   Data   RO          681    .rodata.acFontHZSimSun_12_0044  simsun_12.o
    0x0800cf44   0x0800cf44   0x0000000c   Data   RO          682    .rodata.acFontHZSimSun_12_0045  simsun_12.o
    0x0800cf50   0x0800cf50   0x0000000c   Data   RO          683    .rodata.acFontHZSimSun_12_0046  simsun_12.o
    0x0800cf5c   0x0800cf5c   0x0000000c   Data   RO          684    .rodata.acFontHZSimSun_12_0047  simsun_12.o
    0x0800cf68   0x0800cf68   0x0000000c   Data   RO          685    .rodata.acFontHZSimSun_12_0048  simsun_12.o
    0x0800cf74   0x0800cf74   0x0000000c   Data   RO          686    .rodata.acFontHZSimSun_12_0049  simsun_12.o
    0x0800cf80   0x0800cf80   0x0000000c   Data   RO          687    .rodata.acFontHZSimSun_12_004a  simsun_12.o
    0x0800cf8c   0x0800cf8c   0x0000000c   Data   RO          688    .rodata.acFontHZSimSun_12_004b  simsun_12.o
    0x0800cf98   0x0800cf98   0x0000000c   Data   RO          689    .rodata.acFontHZSimSun_12_004c  simsun_12.o
    0x0800cfa4   0x0800cfa4   0x0000000c   Data   RO          690    .rodata.acFontHZSimSun_12_004d  simsun_12.o
    0x0800cfb0   0x0800cfb0   0x0000000c   Data   RO          691    .rodata.acFontHZSimSun_12_004e  simsun_12.o
    0x0800cfbc   0x0800cfbc   0x0000000c   Data   RO          692    .rodata.acFontHZSimSun_12_004f  simsun_12.o
    0x0800cfc8   0x0800cfc8   0x0000000c   Data   RO          693    .rodata.acFontHZSimSun_12_0050  simsun_12.o
    0x0800cfd4   0x0800cfd4   0x0000000c   Data   RO          694    .rodata.acFontHZSimSun_12_0051  simsun_12.o
    0x0800cfe0   0x0800cfe0   0x0000000c   Data   RO          695    .rodata.acFontHZSimSun_12_0052  simsun_12.o
    0x0800cfec   0x0800cfec   0x0000000c   Data   RO          696    .rodata.acFontHZSimSun_12_0053  simsun_12.o
    0x0800cff8   0x0800cff8   0x0000000c   Data   RO          697    .rodata.acFontHZSimSun_12_0054  simsun_12.o
    0x0800d004   0x0800d004   0x0000000c   Data   RO          698    .rodata.acFontHZSimSun_12_0055  simsun_12.o
    0x0800d010   0x0800d010   0x0000000c   Data   RO          699    .rodata.acFontHZSimSun_12_0056  simsun_12.o
    0x0800d01c   0x0800d01c   0x0000000c   Data   RO          700    .rodata.acFontHZSimSun_12_0057  simsun_12.o
    0x0800d028   0x0800d028   0x0000000c   Data   RO          701    .rodata.acFontHZSimSun_12_0058  simsun_12.o
    0x0800d034   0x0800d034   0x0000000c   Data   RO          702    .rodata.acFontHZSimSun_12_0059  simsun_12.o
    0x0800d040   0x0800d040   0x0000000c   Data   RO          703    .rodata.acFontHZSimSun_12_005a  simsun_12.o
    0x0800d04c   0x0800d04c   0x0000000c   Data   RO          704    .rodata.acFontHZSimSun_12_005b  simsun_12.o
    0x0800d058   0x0800d058   0x0000000c   Data   RO          705    .rodata.acFontHZSimSun_12_005c  simsun_12.o
    0x0800d064   0x0800d064   0x0000000c   Data   RO          706    .rodata.acFontHZSimSun_12_005d  simsun_12.o
    0x0800d070   0x0800d070   0x0000000c   Data   RO          707    .rodata.acFontHZSimSun_12_005e  simsun_12.o
    0x0800d07c   0x0800d07c   0x0000000c   Data   RO          708    .rodata.acFontHZSimSun_12_005f  simsun_12.o
    0x0800d088   0x0800d088   0x0000000c   Data   RO          709    .rodata.acFontHZSimSun_12_0060  simsun_12.o
    0x0800d094   0x0800d094   0x0000000c   Data   RO          710    .rodata.acFontHZSimSun_12_0061  simsun_12.o
    0x0800d0a0   0x0800d0a0   0x0000000c   Data   RO          711    .rodata.acFontHZSimSun_12_0062  simsun_12.o
    0x0800d0ac   0x0800d0ac   0x0000000c   Data   RO          712    .rodata.acFontHZSimSun_12_0063  simsun_12.o
    0x0800d0b8   0x0800d0b8   0x0000000c   Data   RO          713    .rodata.acFontHZSimSun_12_0064  simsun_12.o
    0x0800d0c4   0x0800d0c4   0x0000000c   Data   RO          714    .rodata.acFontHZSimSun_12_0065  simsun_12.o
    0x0800d0d0   0x0800d0d0   0x0000000c   Data   RO          715    .rodata.acFontHZSimSun_12_0066  simsun_12.o
    0x0800d0dc   0x0800d0dc   0x0000000c   Data   RO          716    .rodata.acFontHZSimSun_12_0067  simsun_12.o
    0x0800d0e8   0x0800d0e8   0x0000000c   Data   RO          717    .rodata.acFontHZSimSun_12_0068  simsun_12.o
    0x0800d0f4   0x0800d0f4   0x0000000c   Data   RO          718    .rodata.acFontHZSimSun_12_0069  simsun_12.o
    0x0800d100   0x0800d100   0x0000000c   Data   RO          719    .rodata.acFontHZSimSun_12_006a  simsun_12.o
    0x0800d10c   0x0800d10c   0x0000000c   Data   RO          720    .rodata.acFontHZSimSun_12_006b  simsun_12.o
    0x0800d118   0x0800d118   0x0000000c   Data   RO          721    .rodata.acFontHZSimSun_12_006c  simsun_12.o
    0x0800d124   0x0800d124   0x0000000c   Data   RO          722    .rodata.acFontHZSimSun_12_006d  simsun_12.o
    0x0800d130   0x0800d130   0x0000000c   Data   RO          723    .rodata.acFontHZSimSun_12_006e  simsun_12.o
    0x0800d13c   0x0800d13c   0x0000000c   Data   RO          724    .rodata.acFontHZSimSun_12_006f  simsun_12.o
    0x0800d148   0x0800d148   0x0000000c   Data   RO          725    .rodata.acFontHZSimSun_12_0070  simsun_12.o
    0x0800d154   0x0800d154   0x0000000c   Data   RO          726    .rodata.acFontHZSimSun_12_0071  simsun_12.o
    0x0800d160   0x0800d160   0x0000000c   Data   RO          727    .rodata.acFontHZSimSun_12_0072  simsun_12.o
    0x0800d16c   0x0800d16c   0x0000000c   Data   RO          728    .rodata.acFontHZSimSun_12_0073  simsun_12.o
    0x0800d178   0x0800d178   0x0000000c   Data   RO          729    .rodata.acFontHZSimSun_12_0074  simsun_12.o
    0x0800d184   0x0800d184   0x0000000c   Data   RO          730    .rodata.acFontHZSimSun_12_0075  simsun_12.o
    0x0800d190   0x0800d190   0x0000000c   Data   RO          731    .rodata.acFontHZSimSun_12_0076  simsun_12.o
    0x0800d19c   0x0800d19c   0x0000000c   Data   RO          732    .rodata.acFontHZSimSun_12_0077  simsun_12.o
    0x0800d1a8   0x0800d1a8   0x0000000c   Data   RO          733    .rodata.acFontHZSimSun_12_0078  simsun_12.o
    0x0800d1b4   0x0800d1b4   0x0000000c   Data   RO          734    .rodata.acFontHZSimSun_12_0079  simsun_12.o
    0x0800d1c0   0x0800d1c0   0x0000000c   Data   RO          735    .rodata.acFontHZSimSun_12_007a  simsun_12.o
    0x0800d1cc   0x0800d1cc   0x0000000c   Data   RO          736    .rodata.acFontHZSimSun_12_007b  simsun_12.o
    0x0800d1d8   0x0800d1d8   0x0000000c   Data   RO          737    .rodata.acFontHZSimSun_12_007c  simsun_12.o
    0x0800d1e4   0x0800d1e4   0x0000000c   Data   RO          738    .rodata.acFontHZSimSun_12_007d  simsun_12.o
    0x0800d1f0   0x0800d1f0   0x0000000c   Data   RO          739    .rodata.acFontHZSimSun_12_007e  simsun_12.o
    0x0800d1fc   0x0800d1fc   0x0000000c   Data   RO          740    .rodata.acFontHZSimSun_12_007f  simsun_12.o
    0x0800d208   0x0800d208   0x00000018   Data   RO          741    .rodata.acFontHZSimSun_12_a1b6  simsun_12.o
    0x0800d220   0x0800d220   0x00000018   Data   RO          742    .rodata.acFontHZSimSun_12_a1b7  simsun_12.o
    0x0800d238   0x0800d238   0x00000018   Data   RO          743    .rodata.acFontHZSimSun_12_a1e6  simsun_12.o
    0x0800d250   0x0800d250   0x00000018   Data   RO          744    .rodata.acFontHZSimSun_12_a6e6  simsun_12.o
    0x0800d268   0x0800d268   0x00000018   Data   RO          745    .rodata.acFontHZSimSun_12_a6e7  simsun_12.o
    0x0800d280   0x0800d280   0x00000018   Data   RO          746    .rodata.acFontHZSimSun_12_b1a8  simsun_12.o
    0x0800d298   0x0800d298   0x00000018   Data   RO          747    .rodata.acFontHZSimSun_12_b2ce  simsun_12.o
    0x0800d2b0   0x0800d2b0   0x00000018   Data   RO          748    .rodata.acFontHZSimSun_12_b2e2  simsun_12.o
    0x0800d2c8   0x0800d2c8   0x00000018   Data   RO          749    .rodata.acFontHZSimSun_12_b4f3  simsun_12.o
    0x0800d2e0   0x0800d2e0   0x00000018   Data   RO          750    .rodata.acFontHZSimSun_12_b5b1  simsun_12.o
    0x0800d2f8   0x0800d2f8   0x00000018   Data   RO          751    .rodata.acFontHZSimSun_12_b5e7  simsun_12.o
    0x0800d310   0x0800d310   0x00000018   Data   RO          752    .rodata.acFontHZSimSun_12_b6af  simsun_12.o
    0x0800d328   0x0800d328   0x00000018   Data   RO          753    .rodata.acFontHZSimSun_12_b6c8  simsun_12.o
    0x0800d340   0x0800d340   0x00000018   Data   RO          754    .rodata.acFontHZSimSun_12_babc  simsun_12.o
    0x0800d358   0x0800d358   0x00000018   Data   RO          755    .rodata.acFontHZSimSun_12_bcbc  simsun_12.o
    0x0800d370   0x0800d370   0x00000018   Data   RO          756    .rodata.acFontHZSimSun_12_bce0  simsun_12.o
    0x0800d388   0x0800d388   0x00000018   Data   RO          757    .rodata.acFontHZSimSun_12_beaf  simsun_12.o
    0x0800d3a0   0x0800d3a0   0x00000018   Data   RO          758    .rodata.acFontHZSimSun_12_bedd  simsun_12.o
    0x0800d3b8   0x0800d3b8   0x00000018   Data   RO          759    .rodata.acFontHZSimSun_12_bfc6  simsun_12.o
    0x0800d3d0   0x0800d3d0   0x00000018   Data   RO          760    .rodata.acFontHZSimSun_12_c7b0  simsun_12.o
    0x0800d3e8   0x0800d3e8   0x00000018   Data   RO          761    .rodata.acFontHZSimSun_12_c7fa  simsun_12.o
    0x0800d400   0x0800d400   0x00000018   Data   RO          762    .rodata.acFontHZSimSun_12_c9e8  simsun_12.o
    0x0800d418   0x0800d418   0x00000018   Data   RO          763    .rodata.acFontHZSimSun_12_cab1  simsun_12.o
    0x0800d430   0x0800d430   0x00000018   Data   RO          764    .rodata.acFontHZSimSun_12_cab5  simsun_12.o
    0x0800d448   0x0800d448   0x00000018   Data   RO          765    .rodata.acFontHZSimSun_12_cafd  simsun_12.o
    0x0800d460   0x0800d460   0x00000018   Data   RO          766    .rodata.acFontHZSimSun_12_cda8  simsun_12.o
    0x0800d478   0x0800d478   0x00000018   Data   RO          767    .rodata.acFontHZSimSun_12_cec2  simsun_12.o
    0x0800d490   0x0800d490   0x00000018   Data   RO          768    .rodata.acFontHZSimSun_12_cede  simsun_12.o
    0x0800d4a8   0x0800d4a8   0x00000018   Data   RO          769    .rodata.acFontHZSimSun_12_cfdf  simsun_12.o
    0x0800d4c0   0x0800d4c0   0x00000018   Data   RO          770    .rodata.acFontHZSimSun_12_d0c5  simsun_12.o
    0x0800d4d8   0x0800d4d8   0x00000018   Data   RO          771    .rodata.acFontHZSimSun_12_d1a7  simsun_12.o
    0x0800d4f0   0x0800d4f0   0x00000018   Data   RO          772    .rodata.acFontHZSimSun_12_d4f8  simsun_12.o
    0x0800d508   0x0800d508   0x00000018   Data   RO          773    .rodata.acFontHZSimSun_12_d5f0  simsun_12.o
    0x0800d520   0x0800d520   0x00000018   Data   RO          774    .rodata.acFontHZSimSun_12_d6c3  simsun_12.o
    0x0800d538   0x0800d538   0x00000018   Data   RO          775    .rodata.acFontHZSimSun_12_d6dd  simsun_12.o
    0x0800d550   0x0800d550   0x00000018   Data   RO          776    .rodata.acFontHZSimSun_12_d7d3  simsun_12.o
    0x0800d568   0x0800d568   0x00000018   Data   RO          777    .rodata.acFontHZSimSun_12_d8b9  simsun_12.o
    0x0800d580   0x0800d580   0x00000010   Data   RO          468    .rodata.bmh         h.o
    0x0800d590   0x0800d590   0x00000010   Data   RO          476    .rodata.bmz         z.o
    0x0800d5a0   0x0800d5a0   0x00000bf6   Data   RO         2888    .rodata.dmp_memory  inv_mpu_dmp_motion_driver.o
    0x0800e196   0x0800e196   0x0000000c   Data   RO         2819    .rodata.hw          inv_mpu.o
    0x0800e1a2   0x0800e1a2   0x0000001b   Data   RO         2820    .rodata.reg         inv_mpu.o
    0x0800e1bd   0x0800e1bd   0x0000002b   Data   RO          545    .rodata.str1.1      freertos.o
    0x0800e1e8   0x0800e1e8   0x0000004c   Data   RO         2823    .rodata.str1.1      inv_mpu.o
    0x0800e234   0x0800e234   0x0000022a   Data   RO         2938    .rodata.str1.1      mpu6050.o
    0x0800e45e   0x0800e45e   0x00000002   PAD
    0x0800e460   0x0800e460   0x00000028   Data   RO         2821    .rodata.test        inv_mpu.o
    0x0800e488   0x0800e488   0x00000020   Data   RO         3386    Region$$Table       anon$$obj.o


    Execution Region RW_IRAM2 (Exec base: 0x10000000, Load base: 0x0800e500, Size: 0x00000000, Max: 0x00010000, ABSOLUTE)

    **** No section assigned to this execution region ****


    Execution Region RW_IRAM1 (Exec base: 0x20000000, Load base: 0x0800e4a8, Size: 0x00008c48, Max: 0x00020000, ABSOLUTE)

    Exec Addr    Load Addr    Size         Type   Attr      Idx    E Section Name        Object

    0x20000000   0x0800e4a8   0x00000004   Data   RW         3343    .data               mc_w.l(stdout.o)
    0x20000004   0x0800e4ac   0x00000004   Data   RW         3364    .data               mc_w.l(errno.o)
    0x20000008   0x0800e4b0   0x00000004   Data   RW         1736    .data.SystemCoreClock  system_stm32f4xx.o
    0x2000000c   0x0800e4b4   0x00000009   Data   RW         2931    .data.gyro_orientation  mpu6050.o
    0x20000015   0x0800e4bd   0x00000003   PAD
    0x20000018   0x0800e4c0   0x00000004   Data   RW         2924    .data.q0            mpu6050.o
    0x2000001c   0x0800e4c4   0x0000002c   Data   RW         2822    .data.st            inv_mpu.o
    0x20000048   0x0800e4f0   0x00000001   Data   RW         1228    .data.uwTickFreq    stm32f4xx_hal.o
    0x20000049   0x0800e4f1   0x00000003   PAD
    0x2000004c   0x0800e4f4   0x00000004   Data   RW         1227    .data.uwTickPrio    stm32f4xx_hal.o
    0x20000050   0x0800e4f8   0x00000004   Data   RW         2415    .data.uxCriticalNesting  port.o
    0x20000054   0x0800e4fc   0x00000004   PAD
    0x20000058        -       0x00000004   Zero   RW          555    .bss.DataTaskHandle  freertos.o
    0x2000005c        -       0x00000004   Zero   RW          554    .bss.GUITaskHandle  freertos.o
    0x20000060        -       0x00000020   Zero   RW         2620    .bss.GUI_Context    guislim.o
    0x20000080        -       0x00000001   Zero   RW         2619    .bss.GUI_DecChar    guislim.o
    0x20000081   0x0800e4fc   0x00000003   PAD
    0x20000084        -       0x00000004   Zero   RW         2341    .bss.KernelState    cmsis_os2.o
    0x20000088        -       0x00000004   Zero   RW          552    .bss.KeyTaskHandle  freertos.o
    0x2000008c        -       0x00000004   Zero   RW          551    .bss.MainTaskHandle  freertos.o
    0x20000090        -       0x00000001   Zero   RW         2664    .bss.SSD1306.2      ssd1306.o
    0x20000091   0x0800e4fc   0x00000003   PAD
    0x20000094        -       0x00000400   Zero   RW         2663    .bss.SSD1306_Buffer  ssd1306.o
    0x20000494        -       0x00000001   Zero   RW          508    .bss.ScanKey.keycnt  gpio.o
    0x20000495        -       0x00000001   Zero   RW          507    .bss.ScanKey.oldkey  gpio.o
    0x20000496   0x0800e4fc   0x00000002   PAD
    0x20000498        -       0x00000004   Zero   RW          553    .bss.UartTaskHandle  freertos.o
    0x2000049c        -       0x00000001   Zero   RW          557    .bss.WSLogo.leds_sta  freertos.o
    0x2000049d   0x0800e4fc   0x00000003   PAD
    0x200004a0        -       0x00000004   Zero   RW          556    .bss.WSLogo.tick    freertos.o
    0x200004a4        -       0x00000002   Zero   RW         2935    .bss.ax             mpu6050.o
    0x200004a6        -       0x00000002   Zero   RW         2936    .bss.ay             mpu6050.o
    0x200004a8        -       0x00000002   Zero   RW         2937    .bss.az             mpu6050.o
    0x200004aa   0x0800e4fc   0x00000002   PAD
    0x200004ac        -       0x00000004   Zero   RW          544    .bss.beeptick       freertos.o
    0x200004b0        -       0x00000004   Zero   RW         2898    .bss.dmp.0          inv_mpu_dmp_motion_driver.o
    0x200004b4        -       0x00000004   Zero   RW         2899    .bss.dmp.1          inv_mpu_dmp_motion_driver.o
    0x200004b8        -       0x00000002   Zero   RW         2900    .bss.dmp.2          inv_mpu_dmp_motion_driver.o
    0x200004ba   0x0800e4fc   0x00000002   PAD
    0x200004bc        -       0x00000002   Zero   RW         2901    .bss.dmp.3          inv_mpu_dmp_motion_driver.o
    0x200004be   0x0800e4fc   0x00000002   PAD
    0x200004c0        -       0x00000002   Zero   RW         2902    .bss.dmp.4          inv_mpu_dmp_motion_driver.o
    0x200004c2        -       0x00000001   Zero   RW         2903    .bss.dmp.5          inv_mpu_dmp_motion_driver.o
    0x200004c3   0x0800e4fc   0x00000001   PAD
    0x200004c4        -       0x00000004   Zero   RW         2928    .bss.fAX            mpu6050.o
    0x200004c8        -       0x00000004   Zero   RW         2929    .bss.fAY            mpu6050.o
    0x200004cc        -       0x00000004   Zero   RW         2930    .bss.fAZ            mpu6050.o
    0x200004d0        -       0x00000004   Zero   RW          541    .bss.g_ws           freertos.o
    0x200004d4        -       0x00000002   Zero   RW         2932    .bss.gx             mpu6050.o
    0x200004d6        -       0x00000002   Zero   RW         2933    .bss.gy             mpu6050.o
    0x200004d8        -       0x00000002   Zero   RW         2934    .bss.gz             mpu6050.o
    0x200004da   0x0800e4fc   0x00000002   PAD
    0x200004dc        -       0x00000048   Zero   RW          574    .bss.htim3          tim.o
    0x20000524        -       0x00000048   Zero   RW          636    .bss.htim7          stm32f4xx_hal_timebase_tim.o
    0x2000056c        -       0x00000044   Zero   RW          591    .bss.huart1         usart.o
    0x200005b0        -       0x00000004   Zero   RW          542    .bss.intick         freertos.o
    0x200005b4        -       0x000000a0   Zero   RW         2166    .bss.prvCheckForValidListAndQueue.ucStaticTimerQueueStorage  timers.o
    0x20000654        -       0x00000050   Zero   RW         2165    .bss.prvCheckForValidListAndQueue.xStaticTimerQueue  timers.o
    0x200006a4        -       0x00000004   Zero   RW         2162    .bss.prvSampleTimeNow.xLastTime  timers.o
    0x200006a8        -       0x00000004   Zero   RW         2075    .bss.pxCurrentTCB   tasks.o
    0x200006ac        -       0x00000004   Zero   RW         2160    .bss.pxCurrentTimerList  timers.o
    0x200006b0        -       0x00000004   Zero   RW         2083    .bss.pxDelayedTaskList  tasks.o
    0x200006b4        -       0x00000004   Zero   RW         2371    .bss.pxEnd          heap_4.o
    0x200006b8        -       0x00000004   Zero   RW         2084    .bss.pxOverflowDelayedTaskList  tasks.o
    0x200006bc        -       0x00000004   Zero   RW         2161    .bss.pxOverflowTimerList  timers.o
    0x200006c0        -       0x00000460   Zero   RW         2086    .bss.pxReadyTasksLists  tasks.o
    0x20000b20        -       0x00000004   Zero   RW         2925    .bss.q1             mpu6050.o
    0x20000b24        -       0x00000004   Zero   RW         2926    .bss.q2             mpu6050.o
    0x20000b28        -       0x00000004   Zero   RW         2927    .bss.q3             mpu6050.o
    0x20000b2c        -       0x00000004   Zero   RW          543    .bss.temp           freertos.o
    0x20000b30        -       0x00007530   Zero   RW         2378    .bss.ucHeap         heap_4.o
    0x20008060        -       0x00000001   Zero   RW         2413    .bss.ucMaxSysCallPriority  port.o
    0x20008061   0x0800e4fc   0x00000003   PAD
    0x20008064        -       0x00000004   Zero   RW         2414    .bss.ulMaxPRIGROUPValue  port.o
    0x20008068        -       0x00000004   Zero   RW         1229    .bss.uwTick         stm32f4xx_hal.o
    0x2000806c        -       0x00000004   Zero   RW         2079    .bss.uxCurrentNumberOfTasks  tasks.o
    0x20008070        -       0x00000004   Zero   RW         2078    .bss.uxDeletedTasksWaitingCleanUp  tasks.o
    0x20008074        -       0x00000004   Zero   RW         2081    .bss.uxSchedulerSuspended  tasks.o
    0x20008078        -       0x00000004   Zero   RW         2076    .bss.uxTaskNumber   tasks.o
    0x2000807c        -       0x00000004   Zero   RW         2087    .bss.uxTopReadyPriority  tasks.o
    0x20008080        -       0x00000200   Zero   RW         2344    .bss.vApplicationGetIdleTaskMemory.Idle_Stack  cmsis_os2.o
    0x20008280        -       0x0000005c   Zero   RW         2343    .bss.vApplicationGetIdleTaskMemory.Idle_TCB  cmsis_os2.o
    0x200082dc        -       0x00000400   Zero   RW         2346    .bss.vApplicationGetTimerTaskMemory.Timer_Stack  cmsis_os2.o
    0x200086dc        -       0x0000005c   Zero   RW         2345    .bss.vApplicationGetTimerTaskMemory.Timer_TCB  cmsis_os2.o
    0x20008738        -       0x00000014   Zero   RW         2163    .bss.xActiveTimerList1  timers.o
    0x2000874c        -       0x00000014   Zero   RW         2164    .bss.xActiveTimerList2  timers.o
    0x20008760        -       0x00000001   Zero   RW         2372    .bss.xBlockAllocatedBit  heap_4.o
    0x20008761   0x0800e4fc   0x00000003   PAD
    0x20008764        -       0x00000014   Zero   RW         2094    .bss.xDelayedTaskList1  tasks.o
    0x20008778        -       0x00000014   Zero   RW         2095    .bss.xDelayedTaskList2  tasks.o
    0x2000878c        -       0x00000004   Zero   RW         2373    .bss.xFreeBytesRemaining  heap_4.o
    0x20008790        -       0x00000004   Zero   RW         2089    .bss.xIdleTaskHandle  tasks.o
    0x20008794        -       0x00000004   Zero   RW         2375    .bss.xMinimumEverFreeBytesRemaining  heap_4.o
    0x20008798        -       0x00000004   Zero   RW         2090    .bss.xNextTaskUnblockTime  tasks.o
    0x2000879c        -       0x00000004   Zero   RW         2093    .bss.xNumOfOverflows  tasks.o
    0x200087a0        -       0x00000004   Zero   RW         2376    .bss.xNumberOfSuccessfulAllocations  heap_4.o
    0x200087a4        -       0x00000004   Zero   RW         2377    .bss.xNumberOfSuccessfulFrees  heap_4.o
    0x200087a8        -       0x00000004   Zero   RW         2092    .bss.xPendedTicks   tasks.o
    0x200087ac        -       0x00000014   Zero   RW         2088    .bss.xPendingReadyList  tasks.o
    0x200087c0        -       0x00000040   Zero   RW         1884    .bss.xQueueRegistry  queue.o
    0x20008800        -       0x00000004   Zero   RW         2080    .bss.xSchedulerRunning  tasks.o
    0x20008804        -       0x00000008   Zero   RW         2374    .bss.xStart         heap_4.o
    0x2000880c        -       0x00000014   Zero   RW         2085    .bss.xSuspendedTaskList  tasks.o
    0x20008820        -       0x00000014   Zero   RW         2077    .bss.xTasksWaitingTermination  tasks.o
    0x20008834        -       0x00000004   Zero   RW         2082    .bss.xTickCount     tasks.o
    0x20008838        -       0x00000004   Zero   RW         2158    .bss.xTimerQueue    timers.o
    0x2000883c        -       0x00000004   Zero   RW         2159    .bss.xTimerTaskHandle  timers.o
    0x20008840        -       0x00000004   Zero   RW         2091    .bss.xYieldPending  tasks.o
    0x20008844   0x0800e4fc   0x00000004   PAD
    0x20008848        -       0x00000400   Zero   RW            1    STACK               startup_stm32f407xx.o


==============================================================================

Image component sizes


      Code (inc. data)   RO Data    RW Data    ZI Data      Debug   Object Name

       426          0          0          0       1724      42610   cmsis_os2.o
       698          8          0          0          0       4791   ds_18b20.o
         0          0       1564          0          0       1826   f08_ascii.o
      1426        232        223          0         41       5635   freertos.o
       880         16          0          0          2       3331   gpio.o
      1888          8          0          0         33      29097   guislim.o
         0          0        540          0          0        882   h.o
       674          0          0          0      30029       4684   heap_4.o
      5132        186        155         44          0      22376   inv_mpu.o
      2538         68       3068          0         15       9711   inv_mpu_dmp_motion_driver.o
         0          0       3220          0          0       7194   kaiti_16.o
         0          0       6860          0          0       8176   kaiti_20.o
       150          0          0          0          0       2198   list.o
       228          0          0          0          0       5571   main.o
      1304        200        554         13         36       3035   mpu6050.o
       872         16          0          4          5       3807   port.o
      1754          0          0          0         64      22556   queue.o
         0          0       3568          0          0       9076   simsun_12.o
       914          0          0          0       1025       8096   ssd1306.o
       278          0          0          0          0       1826   ssd1306_i2c.o
        36          8        392          0       1024        812   startup_stm32f407xx.o
       888          0          0          0          0       4509   stm32_i2c.o
       132          0          0          5          4       7290   stm32f4xx_hal.o
       204          0          0          0          0      10664   stm32f4xx_hal_cortex.o
       426          0          0          0          0       5162   stm32f4xx_hal_gpio.o
        70          0          0          0          0       3334   stm32f4xx_hal_msp.o
      1440          0          0          0          0       7288   stm32f4xx_hal_rcc.o
      2482          4          0          0          0      42856   stm32f4xx_hal_tim.o
       188          0          0          0          0      18067   stm32f4xx_hal_tim_ex.o
       142          0          0          0         72       7072   stm32f4xx_hal_timebase_tim.o
       618          0          0          0          0      20743   stm32f4xx_hal_uart.o
        28          0          0          0          0        855   stm32f4xx_it.o
        18          0         24          4          0       2589   system_stm32f4xx.o
      2674          8          0          0       1280      29881   tasks.o
       352          0          0          0         72       6101   tim.o
      1174         26          0          0        300      14774   timers.o
       204          0          0          0         68       5283   usart.o
         0          0        540          0          0        882   z.o

    ----------------------------------------------------------------------
     30548        780      20744         76      35828     384640   Object Totals
         0          0         32          0          0          0   (incl. Generated)
       310          0          4          6         34          0   (incl. Padding)

    ----------------------------------------------------------------------

      Code (inc. data)   RO Data    RW Data    ZI Data      Debug   Library Member Name

       864         94         80          0          0        280   asin.o
       744        106        152          0          0        352   atan.o
       512         64          0          0          0        208   atan2.o
       104         16          0          0          0        496   dunder.o
        24          0          0          0          0        124   fabs.o
        48          0          0          0          0        124   fpclassify.o
       248          0          0          0          0        152   poly.o
         0          0          8          0          0          0   qnan.o
       110          0          0          0          0        148   sqrt.o
         0          0          0          0          0          0   entry.o
         0          0          0          0          0          0   entry10a.o
         0          0          0          0          0          0   entry11a.o
         8          4          0          0          0          0   entry2.o
         4          0          0          0          0          0   entry5.o
         0          0          0          0          0          0   entry7b.o
         0          0          0          0          0          0   entry8b.o
         8          4          0          0          0          0   entry9a.o
        12          6          0          4          0         68   errno.o
        30          0          0          0          0          0   handlers.o
        36          8          0          0          0         68   init.o
         0          0          0          0          0          0   iusefp.o
        98          0          0          0          0         84   ldiv.o
        30          0          0          0          0         68   llshl.o
        36          0          0          0          0         68   llsshr.o
        32          0          0          0          0         68   llushr.o
        26          0          0          0          0         80   memcmp.o
        36          0          0          0          0         68   memcpya.o
        36          0          0          0          0        108   memseta.o
      2258         90          0          0          0        452   printfa.o
        36          6          0          0          0         80   puts.o
         0          0          0          4          0          0   stdout.o
        44          0          0          0          0         80   uidiv.o
        98          0          0          0          0         92   uldiv.o
        48          0          0          0          0         68   cdcmple.o
        48          0          0          0          0         68   cdrcmple.o
        56          0          0          0          0         88   d2f.o
       334          0          0          0          0        148   dadd.o
       222          0          0          0          0        100   ddiv.o
       186          0          0          0          0        176   depilogue.o
        48          0          0          0          0         68   dfixul.o
        26          0          0          0          0         76   dfltui.o
       228          0          0          0          0         96   dmul.o
       162          0          0          0          0        100   dsqrt.o
        38          0          0          0          0         68   f2d.o
       110          0          0          0          0        168   fepilogue.o

    ----------------------------------------------------------------------
      7004        398        240          8          0       4492   Library Totals
        16          0          0          0          0          0   (incl. Padding)

    ----------------------------------------------------------------------

      Code (inc. data)   RO Data    RW Data    ZI Data      Debug   Library Name

      2654        280        240          0          0       1884   m_wm.l
      2828        118          0          8          0       1384   mc_w.l
      1506          0          0          0          0       1224   mf_w.l

    ----------------------------------------------------------------------
      7004        398        240          8          0       4492   Library Totals

    ----------------------------------------------------------------------

==============================================================================


      Code (inc. data)   RO Data    RW Data    ZI Data      Debug   

     37552       1178      20984         84      35828     386404   Grand Totals
     37552       1178      20984         84      35828     386404   ELF Image Totals
     37552       1178      20984         84          0          0   ROM Totals

==============================================================================

    Total RO  Size (Code + RO Data)                58536 (  57.16kB)
    Total RW  Size (RW Data + ZI Data)             35912 (  35.07kB)
    Total ROM Size (Code + RO Data + RW Data)      58620 (  57.25kB)

==============================================================================

