Component: ARM Compiler 6.16 Tool: armlink [5dfeaa00]

==============================================================================

Section Cross References

    startup_stm32f407xx.o(RESET) refers to startup_stm32f407xx.o(STACK) for __initial_sp
    startup_stm32f407xx.o(RESET) refers to startup_stm32f407xx.o(.text) for Reset_Handler
    startup_stm32f407xx.o(RESET) refers to stm32f4xx_it.o(.text.NMI_Handler) for NMI_Handler
    startup_stm32f407xx.o(RESET) refers to stm32f4xx_it.o(.text.HardFault_Handler) for HardFault_Handler
    startup_stm32f407xx.o(RESET) refers to stm32f4xx_it.o(.text.MemManage_Handler) for MemManage_Handler
    startup_stm32f407xx.o(RESET) refers to stm32f4xx_it.o(.text.BusFault_Handler) for BusFault_Handler
    startup_stm32f407xx.o(RESET) refers to stm32f4xx_it.o(.text.UsageFault_Handler) for UsageFault_Handler
    startup_stm32f407xx.o(RESET) refers to port.o(.text.SVC_Handler) for SVC_Handler
    startup_stm32f407xx.o(RESET) refers to stm32f4xx_it.o(.text.DebugMon_Handler) for DebugMon_Handler
    startup_stm32f407xx.o(RESET) refers to port.o(.text.PendSV_Handler) for PendSV_Handler
    startup_stm32f407xx.o(RESET) refers to cmsis_os2.o(.text.SysTick_Handler) for SysTick_Handler
    startup_stm32f407xx.o(RESET) refers to stm32f4xx_it.o(.text.TIM7_IRQHandler) for TIM7_IRQHandler
    startup_stm32f407xx.o(.text) refers to system_stm32f4xx.o(.text.SystemInit) for SystemInit
    startup_stm32f407xx.o(.text) refers to entry.o(.ARM.Collect$$$$00000000) for __main
    stxingkai_20.o(.rodata.GUI_FontHZSTXingKai_20_CharInfo) refers to stxingkai_20.o(.rodata.acFontHZSTXingKai_20_0020) for acFontHZSTXingKai_20_0020
    stxingkai_20.o(.rodata.GUI_FontHZSTXingKai_20_CharInfo) refers to stxingkai_20.o(.rodata.acFontHZSTXingKai_20_0021) for acFontHZSTXingKai_20_0021
    stxingkai_20.o(.rodata.GUI_FontHZSTXingKai_20_CharInfo) refers to stxingkai_20.o(.rodata.acFontHZSTXingKai_20_0022) for acFontHZSTXingKai_20_0022
    stxingkai_20.o(.rodata.GUI_FontHZSTXingKai_20_CharInfo) refers to stxingkai_20.o(.rodata.acFontHZSTXingKai_20_0023) for acFontHZSTXingKai_20_0023
    stxingkai_20.o(.rodata.GUI_FontHZSTXingKai_20_CharInfo) refers to stxingkai_20.o(.rodata.acFontHZSTXingKai_20_0024) for acFontHZSTXingKai_20_0024
    stxingkai_20.o(.rodata.GUI_FontHZSTXingKai_20_CharInfo) refers to stxingkai_20.o(.rodata.acFontHZSTXingKai_20_0025) for acFontHZSTXingKai_20_0025
    stxingkai_20.o(.rodata.GUI_FontHZSTXingKai_20_CharInfo) refers to stxingkai_20.o(.rodata.acFontHZSTXingKai_20_0026) for acFontHZSTXingKai_20_0026
    stxingkai_20.o(.rodata.GUI_FontHZSTXingKai_20_CharInfo) refers to stxingkai_20.o(.rodata.acFontHZSTXingKai_20_0027) for acFontHZSTXingKai_20_0027
    stxingkai_20.o(.rodata.GUI_FontHZSTXingKai_20_CharInfo) refers to stxingkai_20.o(.rodata.acFontHZSTXingKai_20_0028) for acFontHZSTXingKai_20_0028
    stxingkai_20.o(.rodata.GUI_FontHZSTXingKai_20_CharInfo) refers to stxingkai_20.o(.rodata.acFontHZSTXingKai_20_0029) for acFontHZSTXingKai_20_0029
    stxingkai_20.o(.rodata.GUI_FontHZSTXingKai_20_CharInfo) refers to stxingkai_20.o(.rodata.acFontHZSTXingKai_20_002a) for acFontHZSTXingKai_20_002a
    stxingkai_20.o(.rodata.GUI_FontHZSTXingKai_20_CharInfo) refers to stxingkai_20.o(.rodata.acFontHZSTXingKai_20_002b) for acFontHZSTXingKai_20_002b
    stxingkai_20.o(.rodata.GUI_FontHZSTXingKai_20_CharInfo) refers to stxingkai_20.o(.rodata.acFontHZSTXingKai_20_002c) for acFontHZSTXingKai_20_002c
    stxingkai_20.o(.rodata.GUI_FontHZSTXingKai_20_CharInfo) refers to stxingkai_20.o(.rodata.acFontHZSTXingKai_20_002d) for acFontHZSTXingKai_20_002d
    stxingkai_20.o(.rodata.GUI_FontHZSTXingKai_20_CharInfo) refers to stxingkai_20.o(.rodata.acFontHZSTXingKai_20_002e) for acFontHZSTXingKai_20_002e
    stxingkai_20.o(.rodata.GUI_FontHZSTXingKai_20_CharInfo) refers to stxingkai_20.o(.rodata.acFontHZSTXingKai_20_002f) for acFontHZSTXingKai_20_002f
    stxingkai_20.o(.rodata.GUI_FontHZSTXingKai_20_CharInfo) refers to stxingkai_20.o(.rodata.acFontHZSTXingKai_20_0030) for acFontHZSTXingKai_20_0030
    stxingkai_20.o(.rodata.GUI_FontHZSTXingKai_20_CharInfo) refers to stxingkai_20.o(.rodata.acFontHZSTXingKai_20_0031) for acFontHZSTXingKai_20_0031
    stxingkai_20.o(.rodata.GUI_FontHZSTXingKai_20_CharInfo) refers to stxingkai_20.o(.rodata.acFontHZSTXingKai_20_0032) for acFontHZSTXingKai_20_0032
    stxingkai_20.o(.rodata.GUI_FontHZSTXingKai_20_CharInfo) refers to stxingkai_20.o(.rodata.acFontHZSTXingKai_20_0033) for acFontHZSTXingKai_20_0033
    stxingkai_20.o(.rodata.GUI_FontHZSTXingKai_20_CharInfo) refers to stxingkai_20.o(.rodata.acFontHZSTXingKai_20_0034) for acFontHZSTXingKai_20_0034
    stxingkai_20.o(.rodata.GUI_FontHZSTXingKai_20_CharInfo) refers to stxingkai_20.o(.rodata.acFontHZSTXingKai_20_0035) for acFontHZSTXingKai_20_0035
    stxingkai_20.o(.rodata.GUI_FontHZSTXingKai_20_CharInfo) refers to stxingkai_20.o(.rodata.acFontHZSTXingKai_20_0036) for acFontHZSTXingKai_20_0036
[...]
    0x08005dac   0x08005dac   0x00000054   Code   RO         2987    .text.i2cWriteBuffer  stm32_i2c.o
    0x08005e00   0x08005e00   0x00000014   Code   RO         2999    .text.i2cread       stm32_i2c.o
    0x08005e14   0x08005e14   0x00000014   Code   RO         2997    .text.i2cwrite      stm32_i2c.o
    0x08005e28   0x08005e28   0x0000002a   Code   RO         2952    .text.inv_orientation_matrix_to_scalar  mpu6050.o
    0x08005e52   0x08005e52   0x00000002   PAD
    0x08005e54   0x08005e54   0x0000003a   Code   RO         2960    .text.inv_row_2_scale  mpu6050.o
    0x08005e8e   0x08005e8e   0x00000002   PAD
    0x08005e90   0x08005e90   0x00000022   Code   RO          482    .text.main          main.o
    0x08005eb2   0x08005eb2   0x00000002   PAD
    0x08005eb4   0x08005eb4   0x00000056   Code   RO         2779    .text.mpu_configure_fifo  inv_mpu.o
    0x08005f0a   0x08005f0a   0x00000002   PAD
    0x08005f0c   0x08005f0c   0x00000038   Code   RO         2803    .text.mpu_get_accel_fsr  inv_mpu.o
    0x08005f44   0x08005f44   0x0000004a   Code   RO         2815    .text.mpu_get_accel_sens  inv_mpu.o
    0x08005f8e   0x08005f8e   0x00000002   PAD
    0x08005f90   0x08005f90   0x00000012   Code   RO         2817    .text.mpu_get_fifo_config  inv_mpu.o
    0x08005fa2   0x08005fa2   0x00000002   PAD
    0x08005fa4   0x08005fa4   0x00000034   Code   RO         2801    .text.mpu_get_gyro_fsr  inv_mpu.o
    0x08005fd8   0x08005fd8   0x00000034   Code   RO         2813    .text.mpu_get_gyro_sens  inv_mpu.o
    0x0800600c   0x0800600c   0x0000003a   Code   RO         2805    .text.mpu_get_lpf   inv_mpu.o
    0x08006046   0x08006046   0x00000002   PAD
    0x08006048   0x08006048   0x0000001e   Code   RO         2807    .text.mpu_get_sample_rate  inv_mpu.o
    0x08006066   0x08006066   0x00000002   PAD
    0x08006068   0x08006068   0x00000220   Code   RO         2769    .text.mpu_init      inv_mpu.o
    0x08006288   0x08006288   0x000000c6   Code   RO         2845    .text.mpu_load_firmware  inv_mpu.o
    0x0800634e   0x0800634e   0x00000002   PAD
    0x08006350   0x08006350   0x000000ca   Code   RO         2785    .text.mpu_lp_accel_mode  inv_mpu.o
    0x0800641a   0x0800641a   0x00000002   PAD
    0x0800641c   0x0800641c   0x000000a8   Code   RO         2827    .text.mpu_read_fifo_stream  inv_mpu.o
    0x080064c4   0x080064c4   0x00000064   Code   RO         2843    .text.mpu_read_mem  inv_mpu.o
    0x08006528   0x08006528   0x00000180   Code   RO         2799    .text.mpu_reset_fifo  inv_mpu.o
    0x080066a8   0x080066a8   0x00000108   Code   RO         2831    .text.mpu_run_self_test  inv_mpu.o
    0x080067b0   0x080067b0   0x00000078   Code   RO         2773    .text.mpu_set_accel_fsr  inv_mpu.o
    0x08006828   0x08006828   0x000000ea   Code   RO         2781    .text.mpu_set_bypass  inv_mpu.o
    0x08006912   0x08006912   0x00000002   PAD
    0x08006914   0x08006914   0x0000008c   Code   RO         2833    .text.mpu_set_dmp_state  inv_mpu.o
    0x080069a0   0x080069a0   0x00000080   Code   RO         2771    .text.mpu_set_gyro_fsr  inv_mpu.o
    0x08006a20   0x08006a20   0x00000066   Code   RO         2787    .text.mpu_set_int_latched  inv_mpu.o
    0x08006a86   0x08006a86   0x00000002   PAD
    0x08006a88   0x08006a88   0x0000006e   Code   RO         2775    .text.mpu_set_lpf   inv_mpu.o
    0x08006af6   0x08006af6   0x00000002   PAD
    0x08006af8   0x08006af8   0x0000008a   Code   RO         2777    .text.mpu_set_sample_rate  inv_mpu.o
    0x08006b82   0x08006b82   0x00000002   PAD
    0x08006b84   0x08006b84   0x000000bc   Code   RO         2783    .text.mpu_set_sensors  inv_mpu.o
    0x08006c40   0x08006c40   0x00000064   Code   RO         2841    .text.mpu_write_mem  inv_mpu.o
    0x08006ca4   0x08006ca4   0x00000020   Code   RO         2281    .text.osDelay       cmsis_os2.o
    0x08006cc4   0x08006cc4   0x00000014   Code   RO         2231    .text.osKernelGetTickCount  cmsis_os2.o
    0x08006cd8   0x08006cd8   0x00000028   Code   RO         2215    .text.osKernelInitialize  cmsis_os2.o
    0x08006d00   0x08006d00   0x00000034   Code   RO         2221    .text.osKernelStart  cmsis_os2.o
    0x08006d34   0x08006d34   0x000000b4   Code   RO         2245    .text.osThreadNew   cmsis_os2.o
    0x08006de8   0x08006de8   0x00000080   Code   RO         2007    .text.prvAddCurrentTaskToDelayedList  tasks.o
    0x08006e68   0x08006e68   0x000000ac   Code   RO         1993    .text.prvAddNewTaskToReadyList  tasks.o
    0x08006f14   0x08006f14   0x0000007c   Code   RO         2144    .text.prvCheckForValidListAndQueue  timers.o
    0x08006f90   0x08006f90   0x0000004e   Code   RO         2111    .text.prvCheckTasksWaitingTermination  tasks.o
    0x08006fde   0x08006fde   0x00000002   PAD
    0x08006fe0   0x08006fe0   0x00000026   Code   RO         1884    .text.prvCopyDataFromQueue  queue.o
    0x08007006   0x08007006   0x00000002   PAD
    0x08007008   0x08007008   0x0000007a   Code   RO         1872    .text.prvCopyDataToQueue  queue.o
    0x08007082   0x08007082   0x00000002   PAD
    0x08007084   0x08007084   0x00000036   Code   RO         1999    .text.prvDeleteTCB  tasks.o
    0x080070ba   0x080070ba   0x00000002   PAD
    0x080070bc   0x080070bc   0x00000020   Code   RO         2182    .text.prvGetNextExpireTime  timers.o
    0x080070dc   0x080070dc   0x00000074   Code   RO         2395    .text.prvHeapInit   heap_4.o
    0x08007150   0x08007150   0x0000002a   Code   RO         2033    .text.prvIdleTask   tasks.o
    0x0800717a   0x0800717a   0x00000002   PAD
    0x0800717c   0x0800717c   0x00000020   Code   RO         1846    .text.prvInitialiseNewQueue  queue.o
    0x0800719c   0x0800719c   0x00000098   Code   RO         1991    .text.prvInitialiseNewTask  tasks.o
    0x08007234   0x08007234   0x00000070   Code   RO         2109    .text.prvInitialiseTaskLists  tasks.o
    0x080072a4   0x080072a4   0x0000005a   Code   RO         2397    .text.prvInsertBlockIntoFreeList  heap_4.o
    0x080072fe   0x080072fe   0x00000002   PAD
    0x08007300   0x08007300   0x00000040   Code   RO         2194    .text.prvInsertTimerInActiveList  timers.o
    0x08007340   0x08007340   0x00000018   Code   RO         1886    .text.prvIsQueueEmpty  queue.o
    0x08007358   0x08007358   0x0000001c   Code   RO         1874    .text.prvIsQueueFull  queue.o
    0x08007374   0x08007374   0x00000028   Code   RO         2437    .text.prvPortStartFirstTask  port.o
    0x0800739c   0x0800739c   0x0000006e   Code   RO         2190    .text.prvProcessExpiredTimer  timers.o
    0x0800740a   0x0800740a   0x00000002   PAD
    0x0800740c   0x0800740c   0x00000122   Code   RO         2186    .text.prvProcessReceivedCommands  timers.o
    0x0800752e   0x0800752e   0x00000002   PAD
    0x08007530   0x08007530   0x00000080   Code   RO         2184    .text.prvProcessTimerOrBlockTask  timers.o
    0x080075b0   0x080075b0   0x00000028   Code   RO         2001    .text.prvResetNextTaskUnblockTime  tasks.o
    0x080075d8   0x080075d8   0x0000002a   Code   RO         2188    .text.prvSampleTimeNow  timers.o
    0x08007602   0x08007602   0x00000002   PAD
    0x08007604   0x08007604   0x0000008e   Code   RO         2192    .text.prvSwitchTimerLists  timers.o
    0x08007692   0x08007692   0x00000002   PAD
    0x08007694   0x08007694   0x00000032   Code   RO         2427    .text.prvTaskExitError  port.o
    0x080076c6   0x080076c6   0x00000002   PAD
    0x080076c8   0x080076c8   0x00000016   Code   RO         2146    .text.prvTimerTask  timers.o
    0x080076de   0x080076de   0x00000002   PAD
    0x080076e0   0x080076e0   0x00000072   Code   RO         1876    .text.prvUnlockQueue  queue.o
    0x08007752   0x08007752   0x00000002   PAD
    0x08007754   0x08007754   0x0000014a   Code   RO         2393    .text.pvPortMalloc  heap_4.o
    0x0800789e   0x0800789e   0x00000002   PAD
    0x080078a0   0x080078a0   0x00000028   Code   RO         2425    .text.pxPortInitialiseStack  port.o
    0x080078c8   0x080078c8   0x000000d4   Code   RO         2954    .text.run_self_test  mpu6050.o
    0x0800799c   0x0800799c   0x00000056   Code   RO         2819    .text.set_int_enable  inv_mpu.o
    0x080079f2   0x080079f2   0x00000002   PAD
    0x080079f4   0x080079f4   0x00000024   Code   RO         1832    .text.uxListRemove  list.o
    0x08007a18   0x08007a18   0x0000001a   Code   RO         2373    .text.vApplicationGetIdleTaskMemory  cmsis_os2.o
    0x08007a32   0x08007a32   0x00000002   PAD
    0x08007a34   0x08007a34   0x0000001c   Code   RO         2375    .text.vApplicationGetTimerTaskMemory  cmsis_os2.o
    0x08007a50   0x08007a50   0x00000016   Code   RO         1824    .text.vListInitialise  list.o
    0x08007a66   0x08007a66   0x00000002   PAD
    0x08007a68   0x08007a68   0x00000006   Code   RO         1826    .text.vListInitialiseItem  list.o
    0x08007a6e   0x08007a6e   0x00000002   PAD
    0x08007a70   0x08007a70   0x0000003a   Code   RO         1830    .text.vListInsert   list.o
    0x08007aaa   0x08007aaa   0x00000002   PAD
    0x08007aac   0x08007aac   0x0000001c   Code   RO         1828    .text.vListInsertEnd  list.o
    0x08007ac8   0x08007ac8   0x00000014   Code   RO         2435    .text.vPortEnableVFP  port.o
    0x08007adc   0x08007adc   0x00000046   Code   RO         2441    .text.vPortEnterCritical  port.o
    0x08007b22   0x08007b22   0x00000002   PAD
    0x08007b24   0x08007b24   0x0000002e   Code   RO         2443    .text.vPortExitCritical  port.o
    0x08007b52   0x08007b52   0x00000002   PAD
    0x08007b54   0x08007b54   0x0000008a   Code   RO         2399    .text.vPortFree     heap_4.o
    0x08007bde   0x08007bde   0x00000002   PAD
    0x08007be0   0x08007be0   0x00000034   Code   RO         2433    .text.vPortSetupTimerInterrupt  port.o
    0x08007c14   0x08007c14   0x00000062   Code   RO         2449    .text.vPortValidateInterruptPriority  port.o
    0x08007c76   0x08007c76   0x00000002   PAD
    0x08007c78   0x08007c78   0x00000028   Code   RO         1916    .text.vQueueAddToRegistry  queue.o
    0x08007ca0   0x08007ca0   0x00000044   Code   RO         1920    .text.vQueueWaitForMessageRestricted  queue.o
    0x08007ce4   0x08007ce4   0x00000054   Code   RO         2011    .text.vTaskDelay    tasks.o
    0x08007d38   0x08007d38   0x0000001a   Code   RO         2065    .text.vTaskInternalSetTimeOutState  tasks.o
    0x08007d52   0x08007d52   0x00000002   PAD
    0x08007d54   0x08007d54   0x0000000e   Code   RO         2069    .text.vTaskMissedYield  tasks.o
    0x08007d62   0x08007d62   0x00000002   PAD
    0x08007d64   0x08007d64   0x00000032   Code   RO         2053    .text.vTaskPlaceOnEventList  tasks.o
    0x08007d96   0x08007d96   0x00000002   PAD
    0x08007d98   0x08007d98   0x0000003e   Code   RO         2057    .text.vTaskPlaceOnEventListRestricted  tasks.o
    0x08007dd6   0x08007dd6   0x00000002   PAD
    0x08007dd8   0x08007dd8   0x000000a4   Code   RO         2031    .text.vTaskStartScheduler  tasks.o
    0x08007e7c   0x08007e7c   0x00000010   Code   RO         2005    .text.vTaskSuspendAll  tasks.o
    0x08007e8c   0x08007e8c   0x0000009a   Code   RO         2023    .text.vTaskSwitchContext  tasks.o
    0x08007f26   0x08007f26   0x00000002   PAD
    0x08007f28   0x08007f28   0x00000112   Code   RO         2431    .text.xPortStartScheduler  port.o
    0x0800803a   0x0800803a   0x00000002   PAD
    0x0800803c   0x0800803c   0x0000002e   Code   RO         2447    .text.xPortSysTickHandler  port.o
    0x0800806a   0x0800806a   0x00000002   PAD
    0x0800806c   0x0800806c   0x00000096   Code   RO         1844    .text.xQueueGenericCreateStatic  queue.o
    0x08008102   0x08008102   0x00000002   PAD
    0x08008104   0x08008104   0x0000007e   Code   RO         1842    .text.xQueueGenericReset  queue.o
    0x08008182   0x08008182   0x00000002   PAD
    0x08008184   0x08008184   0x000001a2   Code   RO         1862    .text.xQueueGenericSend  queue.o
    0x08008326   0x08008326   0x00000002   PAD
    0x08008328   0x08008328   0x000000ce   Code   RO         1878    .text.xQueueGenericSendFromISR  queue.o
    0x080083f6   0x080083f6   0x00000002   PAD
    0x080083f8   0x080083f8   0x00000184   Code   RO         1882    .text.xQueueReceive  queue.o
    0x0800857c   0x0800857c   0x00000088   Code   RO         2067    .text.xTaskCheckForTimeOut  tasks.o
    0x08008604   0x08008604   0x00000066   Code   RO         1995    .text.xTaskCreate   tasks.o
    0x0800866a   0x0800866a   0x00000002   PAD
    0x0800866c   0x0800866c   0x00000076   Code   RO         1989    .text.xTaskCreateStatic  tasks.o
    0x080086e2   0x080086e2   0x00000002   PAD
    0x080086e4   0x080086e4   0x00000026   Code   RO         2083    .text.xTaskGetSchedulerState  tasks.o
    0x0800870a   0x0800870a   0x00000002   PAD
    0x0800870c   0x0800870c   0x0000000c   Code   RO         2039    .text.xTaskGetTickCount  tasks.o
    0x08008718   0x08008718   0x00000012   Code   RO         2041    .text.xTaskGetTickCountFromISR  tasks.o
    0x0800872a   0x0800872a   0x00000002   PAD
    0x0800872c   0x0800872c   0x00000152   Code   RO         2037    .text.xTaskIncrementTick  tasks.o
    0x0800887e   0x0800887e   0x00000002   PAD
    0x08008880   0x08008880   0x00000092   Code   RO         2087    .text.xTaskPriorityDisinherit  tasks.o
    0x08008912   0x08008912   0x00000002   PAD
    0x08008914   0x08008914   0x0000008e   Code   RO         2059    .text.xTaskRemoveFromEventList  tasks.o
    0x080089a2   0x080089a2   0x00000002   PAD
    0x080089a4   0x080089a4   0x00000114   Code   RO         2009    .text.xTaskResumeAll  tasks.o
    0x08008ab8   0x08008ab8   0x00000074   Code   RO         2142    .text.xTimerCreateTimerTask  timers.o
    0x08008b2c   0x08008b2c   0x00000068   Code   RO         2154    .text.xTimerGenericCommand  timers.o
    0x08008b94   0x08008b94   0x00000020   Code   RO         3287    i.__0printf         mc_w.l(printfa.o)
    0x08008bb4   0x08008bb4   0x00000028   Code   RO         3289    i.__0sprintf        mc_w.l(printfa.o)
    0x08008bdc   0x08008bdc   0x00000030   Code   RO         3356    i.__ARM_fpclassify  m_wm.l(fpclassify.o)
    0x08008c0c   0x08008c0c   0x00000004   PAD
    0x08008c10   0x08008c10   0x00000360   Code   RO         3022    i.__hardfp_asin     m_wm.l(asin.o)
    0x08008f70   0x08008f70   0x000002d8   Code   RO         3329    i.__hardfp_atan     m_wm.l(atan.o)
    0x08009248   0x08009248   0x00000200   Code   RO         3029    i.__hardfp_atan2    m_wm.l(atan2.o)
    0x08009448   0x08009448   0x000000f8   Code   RO         3358    i.__kernel_poly     m_wm.l(poly.o)
    0x08009540   0x08009540   0x00000014   Code   RO         3337    i.__mathlib_dbl_infnan  m_wm.l(dunder.o)
    0x08009554   0x08009554   0x00000014   Code   RO         3338    i.__mathlib_dbl_infnan2  m_wm.l(dunder.o)
    0x08009568   0x08009568   0x00000020   Code   RO         3339    i.__mathlib_dbl_invalid  m_wm.l(dunder.o)
    0x08009588   0x08009588   0x00000020   Code   RO         3342    i.__mathlib_dbl_underflow  m_wm.l(dunder.o)
    0x080095a8   0x080095a8   0x0000000e   Code   RO         3425    i.__scatterload_copy  mc_w.l(handlers.o)
    0x080095b6   0x080095b6   0x00000002   Code   RO         3426    i.__scatterload_null  mc_w.l(handlers.o)
    0x080095b8   0x080095b8   0x0000000e   Code   RO         3427    i.__scatterload_zeroinit  mc_w.l(handlers.o)
    0x080095c6   0x080095c6   0x00000002   PAD
    0x080095c8   0x080095c8   0x0000000c   Code   RO         3401    i.__set_errno       mc_w.l(errno.o)
    0x080095d4   0x080095d4   0x00000184   Code   RO         3294    i._fp_digits        mc_w.l(printfa.o)
    0x08009758   0x08009758   0x000006dc   Code   RO         3295    i._printf_core      mc_w.l(printfa.o)
    0x08009e34   0x08009e34   0x00000024   Code   RO         3296    i._printf_post_padding  mc_w.l(printfa.o)
    0x08009e58   0x08009e58   0x0000002e   Code   RO         3297    i._printf_pre_padding  mc_w.l(printfa.o)
    0x08009e86   0x08009e86   0x0000000a   Code   RO         3299    i._sputc            mc_w.l(printfa.o)
    0x08009e90   0x08009e90   0x00000010   Code   RO         3331    i.atan              m_wm.l(atan.o)
    0x08009ea0   0x08009ea0   0x00000018   Code   RO         3352    i.fabs              m_wm.l(fabs.o)
    0x08009eb8   0x08009eb8   0x00000024   Code   RO         3038    i.puts              mc_w.l(puts.o)
    0x08009edc   0x08009edc   0x0000006e   Code   RO         3363    i.sqrt              m_wm.l(sqrt.o)
    0x08009f4a   0x08009f4a   0x00000006   PAD
    0x08009f50   0x08009f50   0x00000050   Data   RO         3025    .constdata          m_wm.l(asin.o)
    0x08009fa0   0x08009fa0   0x00000098   Data   RO         3332    .constdata          m_wm.l(atan.o)
    0x0800a038   0x0800a038   0x00000008   Data   RO         3360    .constdata          m_wm.l(qnan.o)
    0x0800a040   0x0800a040   0x00000003   Data   RO         2928    .rodata..L__const.dmp_set_orientation.accel_axes  inv_mpu_dmp_motion_driver.o
    0x0800a043   0x0800a043   0x00000003   Data   RO         2927    .rodata..L__const.dmp_set_orientation.gyro_axes  inv_mpu_dmp_motion_driver.o
    0x0800a046   0x0800a046   0x00000010   Data   RO         1775    .rodata.AHBPrescTable  system_stm32f4xx.o
    0x0800a056   0x0800a056   0x00000008   Data   RO         1776    .rodata.APBPrescTable  system_stm32f4xx.o
    0x0800a05e   0x0800a05e   0x00000002   PAD
    0x0800a060   0x0800a060   0x00000024   Data   RO          565    .rodata.DataTask_attributes  freertos.o
    0x0800a084   0x0800a084   0x00000024   Data   RO          564    .rodata.GUITask_attributes  freertos.o
    0x0800a0a8   0x0800a0a8   0x0000000c   Data   RO         2464    .rodata.GUI_Font8ASCII_Prop  f08_ascii.o
    0x0800a0b4   0x0800a0b4   0x00000020   Data   RO         2465    .rodata.GUI_Font8_ASCII  f08_ascii.o
    0x0800a0d4   0x0800a0d4   0x000002f8   Data   RO         2463    .rodata.GUI_Font8_ASCII_CharInfo  f08_ascii.o
    0x0800a3cc   0x0800a3cc   0x00000388   Data   RO          442    .rodata.GUI_FontHZKaiTi_16_CharInfo  kaiti_16.o
    0x0800a754   0x0800a754   0x0000000c   Data   RO          459    .rodata.GUI_FontHZKaiTi_16_Prop0020  kaiti_16.o
    0x0800a760   0x0800a760   0x0000000c   Data   RO          458    .rodata.GUI_FontHZKaiTi_16_Propb3c9  kaiti_16.o
    0x0800a76c   0x0800a76c   0x0000000c   Data   RO          457    .rodata.GUI_FontHZKaiTi_16_Propb4f3  kaiti_16.o
    0x0800a778   0x0800a778   0x0000000c   Data   RO          456    .rodata.GUI_FontHZKaiTi_16_Propb5e7  kaiti_16.o
    0x0800a784   0x0800a784   0x0000000c   Data   RO          455    .rodata.GUI_FontHZKaiTi_16_Propbabc  kaiti_16.o
    0x0800a790   0x0800a790   0x0000000c   Data   RO          454    .rodata.GUI_FontHZKaiTi_16_Propbafa  kaiti_16.o
    0x0800a79c   0x0800a79c   0x0000000c   Data   RO          453    .rodata.GUI_FontHZKaiTi_16_Propbcbc  kaiti_16.o
    0x0800a7a8   0x0800a7a8   0x0000000c   Data   RO          452    .rodata.GUI_FontHZKaiTi_16_Propbfac  kaiti_16.o
    0x0800a7b4   0x0800a7b4   0x0000000c   Data   RO          451    .rodata.GUI_FontHZKaiTi_16_Propbfc6  kaiti_16.o
    0x0800a7c0   0x0800a7c0   0x0000000c   Data   RO          450    .rodata.GUI_FontHZKaiTi_16_Propcec4  kaiti_16.o
    0x0800a7cc   0x0800a7cc   0x0000000c   Data   RO          449    .rodata.GUI_FontHZKaiTi_16_Propd1a7  kaiti_16.o
    0x0800a7d8   0x0800a7d8   0x0000000c   Data   RO          448    .rodata.GUI_FontHZKaiTi_16_Propd1e5  kaiti_16.o
    0x0800a7e4   0x0800a7e4   0x0000000c   Data   RO          447    .rodata.GUI_FontHZKaiTi_16_Propd4b1  kaiti_16.o
    0x0800a7f0   0x0800a7f0   0x0000000c   Data   RO          446    .rodata.GUI_FontHZKaiTi_16_Propd4f8  kaiti_16.o
    0x0800a7fc   0x0800a7fc   0x0000000c   Data   RO          445    .rodata.GUI_FontHZKaiTi_16_Propd6dc  kaiti_16.o
    0x0800a808   0x0800a808   0x0000000c   Data   RO          444    .rodata.GUI_FontHZKaiTi_16_Propd7d3  kaiti_16.o
    0x0800a814   0x0800a814   0x0000000c   Data   RO          443    .rodata.GUI_FontHZKaiTi_16_Propd8b9  kaiti_16.o
    0x0800a820   0x0800a820   0x000003e0   Data   RO          294    .rodata.GUI_FontHZKaiTi_20_CharInfo  kaiti_20.o
    0x0800ac00   0x0800ac00   0x0000000c   Data   RO          322    .rodata.GUI_FontHZKaiTi_20_Prop0020  kaiti_20.o
    0x0800ac0c   0x0800ac0c   0x0000000c   Data   RO          321    .rodata.GUI_FontHZKaiTi_20_Propa1a1  kaiti_20.o
    0x0800ac18   0x0800ac18   0x0000000c   Data   RO          320    .rodata.GUI_FontHZKaiTi_20_Propb2e2  kaiti_20.o
    0x0800ac24   0x0800ac24   0x0000000c   Data   RO          319    .rodata.GUI_FontHZKaiTi_20_Propb3cc  kaiti_20.o
    0x0800ac30   0x0800ac30   0x0000000c   Data   RO          318    .rodata.GUI_FontHZKaiTi_20_Propb4f3  kaiti_20.o
    0x0800ac3c   0x0800ac3c   0x0000000c   Data   RO          317    .rodata.GUI_FontHZKaiTi_20_Propb5c1  kaiti_20.o
    0x0800ac48   0x0800ac48   0x0000000c   Data   RO          316    .rodata.GUI_FontHZKaiTi_20_Propb5e7  kaiti_20.o
    0x0800ac54   0x0800ac54   0x0000000c   Data   RO          315    .rodata.GUI_FontHZKaiTi_20_Propb7c0  kaiti_20.o
    0x0800ac60   0x0800ac60   0x0000000c   Data   RO          314    .rodata.GUI_FontHZKaiTi_20_Propbabc  kaiti_20.o
    0x0800ac6c   0x0800ac6c   0x0000000c   Data   RO          313    .rodata.GUI_FontHZKaiTi_20_Propbacf  kaiti_20.o
    0x0800ac78   0x0800ac78   0x0000000c   Data   RO          312    .rodata.GUI_FontHZKaiTi_20_Propbbf0  kaiti_20.o
    0x0800ac84   0x0800ac84   0x0000000c   Data   RO          311    .rodata.GUI_FontHZKaiTi_20_Propbcbc  kaiti_20.o
    0x0800ac90   0x0800ac90   0x0000000c   Data   RO          310    .rodata.GUI_FontHZKaiTi_20_Propbcc6  kaiti_20.o
    0x0800ac9c   0x0800ac9c   0x0000000c   Data   RO          309    .rodata.GUI_FontHZKaiTi_20_Propbce0  kaiti_20.o
    0x0800aca8   0x0800aca8   0x0000000c   Data   RO          308    .rodata.GUI_FontHZKaiTi_20_Propbcf9  kaiti_20.o
    0x0800acb4   0x0800acb4   0x0000000c   Data   RO          307    .rodata.GUI_FontHZKaiTi_20_Propbfc6  kaiti_20.o
    0x0800acc0   0x0800acc0   0x0000000c   Data   RO          306    .rodata.GUI_FontHZKaiTi_20_Propc6f7  kaiti_20.o
    0x0800accc   0x0800accc   0x0000000c   Data   RO          305    .rodata.GUI_FontHZKaiTi_20_Propc9e8  kaiti_20.o
    0x0800acd8   0x0800acd8   0x0000000c   Data   RO          304    .rodata.GUI_FontHZKaiTi_20_Propcab5  kaiti_20.o
    0x0800ace4   0x0800ace4   0x0000000c   Data   RO          303    .rodata.GUI_FontHZKaiTi_20_Propd1a7  kaiti_20.o
    0x0800acf0   0x0800acf0   0x0000000c   Data   RO          302    .rodata.GUI_FontHZKaiTi_20_Propd2b5  kaiti_20.o
    0x0800acfc   0x0800acfc   0x0000000c   Data   RO          301    .rodata.GUI_FontHZKaiTi_20_Propd4b6  kaiti_20.o
    0x0800ad08   0x0800ad08   0x0000000c   Data   RO          300    .rodata.GUI_FontHZKaiTi_20_Propd4f8  kaiti_20.o
    0x0800ad14   0x0800ad14   0x0000000c   Data   RO          299    .rodata.GUI_FontHZKaiTi_20_Propd6dd  kaiti_20.o
    0x0800ad20   0x0800ad20   0x0000000c   Data   RO          298    .rodata.GUI_FontHZKaiTi_20_Propd7a8  kaiti_20.o
    0x0800ad2c   0x0800ad2c   0x0000000c   Data   RO          297    .rodata.GUI_FontHZKaiTi_20_Propd7d3  kaiti_20.o
    0x0800ad38   0x0800ad38   0x0000000c   Data   RO          296    .rodata.GUI_FontHZKaiTi_20_Propd7db  kaiti_20.o
    0x0800ad44   0x0800ad44   0x0000000c   Data   RO          295    .rodata.GUI_FontHZKaiTi_20_Propd8b9  kaiti_20.o
    0x0800ad50   0x0800ad50   0x00000478   Data   RO          807    .rodata.GUI_FontHZSimSun_12_CharInfo  simsun_12.o
    0x0800b1c8   0x0800b1c8   0x0000000c   Data   RO          852    .rodata.GUI_FontHZSimSun_12_Prop0020  simsun_12.o
    0x0800b1d4   0x0800b1d4   0x0000000c   Data   RO          851    .rodata.GUI_FontHZSimSun_12_Propa1b6  simsun_12.o
    0x0800b1e0   0x0800b1e0   0x0000000c   Data   RO          850    .rodata.GUI_FontHZSimSun_12_Propa1e3  simsun_12.o
    0x0800b1ec   0x0800b1ec   0x0000000c   Data   RO          849    .rodata.GUI_FontHZSimSun_12_Propa1e6  simsun_12.o
    0x0800b1f8   0x0800b1f8   0x0000000c   Data   RO          848    .rodata.GUI_FontHZSimSun_12_Propa6e6  simsun_12.o
    0x0800b204   0x0800b204   0x0000000c   Data   RO          847    .rodata.GUI_FontHZSimSun_12_Propb1a8  simsun_12.o
    0x0800b210   0x0800b210   0x0000000c   Data   RO          846    .rodata.GUI_FontHZSimSun_12_Propb2ce  simsun_12.o
    0x0800b21c   0x0800b21c   0x0000000c   Data   RO          845    .rodata.GUI_FontHZSimSun_12_Propb2e2  simsun_12.o
    0x0800b228   0x0800b228   0x0000000c   Data   RO          844    .rodata.GUI_FontHZSimSun_12_Propb4f3  simsun_12.o
    0x0800b234   0x0800b234   0x0000000c   Data   RO          843    .rodata.GUI_FontHZSimSun_12_Propb5b1  simsun_12.o
    0x0800b240   0x0800b240   0x0000000c   Data   RO          842    .rodata.GUI_FontHZSimSun_12_Propb5e7  simsun_12.o
    0x0800b24c   0x0800b24c   0x0000000c   Data   RO          841    .rodata.GUI_FontHZSimSun_12_Propb6af  simsun_12.o
    0x0800b258   0x0800b258   0x0000000c   Data   RO          840    .rodata.GUI_FontHZSimSun_12_Propb6c8  simsun_12.o
    0x0800b264   0x0800b264   0x0000000c   Data   RO          839    .rodata.GUI_FontHZSimSun_12_Propb7f1  simsun_12.o
    0x0800b270   0x0800b270   0x0000000c   Data   RO          838    .rodata.GUI_FontHZSimSun_12_Propb8a9  simsun_12.o
    0x0800b27c   0x0800b27c   0x0000000c   Data   RO          837    .rodata.GUI_FontHZSimSun_12_Propb9f6  simsun_12.o
    0x0800b288   0x0800b288   0x0000000c   Data   RO          836    .rodata.GUI_FontHZSimSun_12_Propbabc  simsun_12.o
    0x0800b294   0x0800b294   0x0000000c   Data   RO          835    .rodata.GUI_FontHZSimSun_12_Propbae1  simsun_12.o
    0x0800b2a0   0x0800b2a0   0x0000000c   Data   RO          834    .rodata.GUI_FontHZSimSun_12_Propbcbc  simsun_12.o
    0x0800b2ac   0x0800b2ac   0x0000000c   Data   RO          833    .rodata.GUI_FontHZSimSun_12_Propbce0  simsun_12.o
    0x0800b2b8   0x0800b2b8   0x0000000c   Data   RO          832    .rodata.GUI_FontHZSimSun_12_Propbdc7  simsun_12.o
    0x0800b2c4   0x0800b2c4   0x0000000c   Data   RO          831    .rodata.GUI_FontHZSimSun_12_Propbeaf  simsun_12.o
    0x0800b2d0   0x0800b2d0   0x0000000c   Data   RO          830    .rodata.GUI_FontHZSimSun_12_Propbedd  simsun_12.o
    0x0800b2dc   0x0800b2dc   0x0000000c   Data   RO          829    .rodata.GUI_FontHZSimSun_12_Propbfc6  simsun_12.o
    0x0800b2e8   0x0800b2e8   0x0000000c   Data   RO          828    .rodata.GUI_FontHZSimSun_12_Propc7b0  simsun_12.o
    0x0800b2f4   0x0800b2f4   0x0000000c   Data   RO          827    .rodata.GUI_FontHZSimSun_12_Propc7fa  simsun_12.o
    0x0800b300   0x0800b300   0x0000000c   Data   RO          826    .rodata.GUI_FontHZSimSun_12_Propc9e8  simsun_12.o
    0x0800b30c   0x0800b30c   0x0000000c   Data   RO          825    .rodata.GUI_FontHZSimSun_12_Propcab1  simsun_12.o
    0x0800b318   0x0800b318   0x0000000c   Data   RO          824    .rodata.GUI_FontHZSimSun_12_Propcab5  simsun_12.o
    0x0800b324   0x0800b324   0x0000000c   Data   RO          823    .rodata.GUI_FontHZSimSun_12_Propcac7  simsun_12.o
    0x0800b330   0x0800b330   0x0000000c   Data   RO          822    .rodata.GUI_FontHZSimSun_12_Propcafd  simsun_12.o
    0x0800b33c   0x0800b33c   0x0000000c   Data   RO          821    .rodata.GUI_FontHZSimSun_12_Propcda8  simsun_12.o
    0x0800b348   0x0800b348   0x0000000c   Data   RO          820    .rodata.GUI_FontHZSimSun_12_Propcec2  simsun_12.o
    0x0800b354   0x0800b354   0x0000000c   Data   RO          819    .rodata.GUI_FontHZSimSun_12_Propcede  simsun_12.o
    0x0800b360   0x0800b360   0x0000000c   Data   RO          818    .rodata.GUI_FontHZSimSun_12_Propcfdf  simsun_12.o
    0x0800b36c   0x0800b36c   0x0000000c   Data   RO          817    .rodata.GUI_FontHZSimSun_12_Propcff2  simsun_12.o
    0x0800b378   0x0800b378   0x0000000c   Data   RO          816    .rodata.GUI_FontHZSimSun_12_Propd0c5  simsun_12.o
    0x0800b384   0x0800b384   0x0000000c   Data   RO          815    .rodata.GUI_FontHZSimSun_12_Propd1a7  simsun_12.o
    0x0800b390   0x0800b390   0x0000000c   Data   RO          814    .rodata.GUI_FontHZSimSun_12_Propd1f6  simsun_12.o
    0x0800b39c   0x0800b39c   0x0000000c   Data   RO          813    .rodata.GUI_FontHZSimSun_12_Propd4f8  simsun_12.o
    0x0800b3a8   0x0800b3a8   0x0000000c   Data   RO          812    .rodata.GUI_FontHZSimSun_12_Propd5f0  simsun_12.o
    0x0800b3b4   0x0800b3b4   0x0000000c   Data   RO          811    .rodata.GUI_FontHZSimSun_12_Propd6c3  simsun_12.o
    0x0800b3c0   0x0800b3c0   0x0000000c   Data   RO          810    .rodata.GUI_FontHZSimSun_12_Propd6dd  simsun_12.o
    0x0800b3cc   0x0800b3cc   0x0000000c   Data   RO          809    .rodata.GUI_FontHZSimSun_12_Propd7d3  simsun_12.o
    0x0800b3d8   0x0800b3d8   0x0000000c   Data   RO          808    .rodata.GUI_FontHZSimSun_12_Propd8b9  simsun_12.o
    0x0800b3e4   0x0800b3e4   0x00000020   Data   RO          460    .rodata.GUI_FontHZ_KaiTi_16  kaiti_16.o
    0x0800b404   0x0800b404   0x00000020   Data   RO          323    .rodata.GUI_FontHZ_KaiTi_20  kaiti_20.o
    0x0800b424   0x0800b424   0x00000020   Data   RO          853    .rodata.GUI_FontHZ_SimSun_12  simsun_12.o
    0x0800b444   0x0800b444   0x00000024   Data   RO          562    .rodata.KeyTask_attributes  freertos.o
    0x0800b468   0x0800b468   0x00000024   Data   RO          561    .rodata.MainTask_attributes  freertos.o
    0x0800b48c   0x0800b48c   0x00000024   Data   RO          563    .rodata.UartTask_attributes  freertos.o
    0x0800b4b0   0x0800b4b0   0x0000000c   Data   RO          467    .rodata._Palh       h.o
    0x0800b4bc   0x0800b4bc   0x0000000c   Data   RO          475    .rodata._Palz       z.o
    0x0800b4c8   0x0800b4c8   0x00000200   Data   RO          466    .rodata._ach        h.o
    0x0800b6c8   0x0800b6c8   0x00000200   Data   RO          474    .rodata._acz        z.o
    0x0800b8c8   0x0800b8c8   0x000002f8   Data   RO         2462    .rodata.acFont8ASCII  f08_ascii.o
    0x0800bbc0   0x0800bbc0   0x00000010   Data   RO          329    .rodata.acFontHZKaiTi_16_0020  kaiti_16.o
    0x0800bbd0   0x0800bbd0   0x00000010   Data   RO          330    .rodata.acFontHZKaiTi_16_0021  kaiti_16.o
    0x0800bbe0   0x0800bbe0   0x00000010   Data   RO          331    .rodata.acFontHZKaiTi_16_0022  kaiti_16.o
    0x0800bbf0   0x0800bbf0   0x00000010   Data   RO          332    .rodata.acFontHZKaiTi_16_0023  kaiti_16.o
    0x0800bc00   0x0800bc00   0x00000010   Data   RO          333    .rodata.acFontHZKaiTi_16_0024  kaiti_16.o
    0x0800bc10   0x0800bc10   0x00000010   Data   RO          334    .rodata.acFontHZKaiTi_16_0025  kaiti_16.o
    0x0800bc20   0x0800bc20   0x00000010   Data   RO          335    .rodata.acFontHZKaiTi_16_0026  kaiti_16.o
    0x0800bc30   0x0800bc30   0x00000010   Data   RO          336    .rodata.acFontHZKaiTi_16_0027  kaiti_16.o
    0x0800bc40   0x0800bc40   0x00000010   Data   RO          337    .rodata.acFontHZKaiTi_16_0028  kaiti_16.o
    0x0800bc50   0x0800bc50   0x00000010   Data   RO          338    .rodata.acFontHZKaiTi_16_0029  kaiti_16.o
    0x0800bc60   0x0800bc60   0x00000010   Data   RO          339    .rodata.acFontHZKaiTi_16_002a  kaiti_16.o
    0x0800bc70   0x0800bc70   0x00000010   Data   RO          340    .rodata.acFontHZKaiTi_16_002b  kaiti_16.o
    0x0800bc80   0x0800bc80   0x00000010   Data   RO          341    .rodata.acFontHZKaiTi_16_002c  kaiti_16.o
    0x0800bc90   0x0800bc90   0x00000010   Data   RO          342    .rodata.acFontHZKaiTi_16_002d  kaiti_16.o
    0x0800bca0   0x0800bca0   0x00000010   Data   RO          343    .rodata.acFontHZKaiTi_16_002e  kaiti_16.o
    0x0800bcb0   0x0800bcb0   0x00000010   Data   RO          344    .rodata.acFontHZKaiTi_16_002f  kaiti_16.o
    0x0800bcc0   0x0800bcc0   0x00000010   Data   RO          345    .rodata.acFontHZKaiTi_16_0030  kaiti_16.o
    0x0800bcd0   0x0800bcd0   0x00000010   Data   RO          346    .rodata.acFontHZKaiTi_16_0031  kaiti_16.o
    0x0800bce0   0x0800bce0   0x00000010   Data   RO          347    .rodata.acFontHZKaiTi_16_0032  kaiti_16.o
    0x0800bcf0   0x0800bcf0   0x00000010   Data   RO          348    .rodata.acFontHZKaiTi_16_0033  kaiti_16.o
    0x0800bd00   0x0800bd00   0x00000010   Data   RO          349    .rodata.acFontHZKaiTi_16_0034  kaiti_16.o
    0x0800bd10   0x0800bd10   0x00000010   Data   RO          350    .rodata.acFontHZKaiTi_16_0035  kaiti_16.o
    0x0800bd20   0x0800bd20   0x00000010   Data   RO          351    .rodata.acFontHZKaiTi_16_0036  kaiti_16.o
    0x0800bd30   0x0800bd30   0x00000010   Data   RO          352    .rodata.acFontHZKaiTi_16_0037  kaiti_16.o
    0x0800bd40   0x0800bd40   0x00000010   Data   RO          353    .rodata.acFontHZKaiTi_16_0038  kaiti_16.o
    0x0800bd50   0x0800bd50   0x00000010   Data   RO          354    .rodata.acFontHZKaiTi_16_0039  kaiti_16.o
    0x0800bd60   0x0800bd60   0x00000010   Data   RO          355    .rodata.acFontHZKaiTi_16_003a  kaiti_16.o
    0x0800bd70   0x0800bd70   0x00000010   Data   RO          356    .rodata.acFontHZKaiTi_16_003b  kaiti_16.o
    0x0800bd80   0x0800bd80   0x00000010   Data   RO          357    .rodata.acFontHZKaiTi_16_003c  kaiti_16.o
    0x0800bd90   0x0800bd90   0x00000010   Data   RO          358    .rodata.acFontHZKaiTi_16_003d  kaiti_16.o
    0x0800bda0   0x0800bda0   0x00000010   Data   RO          359    .rodata.acFontHZKaiTi_16_003e  kaiti_16.o
    0x0800bdb0   0x0800bdb0   0x00000010   Data   RO          360    .rodata.acFontHZKaiTi_16_003f  kaiti_16.o
    0x0800bdc0   0x0800bdc0   0x00000010   Data   RO          361    .rodata.acFontHZKaiTi_16_0040  kaiti_16.o
    0x0800bdd0   0x0800bdd0   0x00000010   Data   RO          362    .rodata.acFontHZKaiTi_16_0041  kaiti_16.o
    0x0800bde0   0x0800bde0   0x00000010   Data   RO          363    .rodata.acFontHZKaiTi_16_0042  kaiti_16.o
    0x0800bdf0   0x0800bdf0   0x00000010   Data   RO          364    .rodata.acFontHZKaiTi_16_0043  kaiti_16.o
    0x0800be00   0x0800be00   0x00000010   Data   RO          365    .rodata.acFontHZKaiTi_16_0044  kaiti_16.o
    0x0800be10   0x0800be10   0x00000010   Data   RO          366    .rodata.acFontHZKaiTi_16_0045  kaiti_16.o
    0x0800be20   0x0800be20   0x00000010   Data   RO          367    .rodata.acFontHZKaiTi_16_0046  kaiti_16.o
    0x0800be30   0x0800be30   0x00000010   Data   RO          368    .rodata.acFontHZKaiTi_16_0047  kaiti_16.o
    0x0800be40   0x0800be40   0x00000010   Data   RO          369    .rodata.acFontHZKaiTi_16_0048  kaiti_16.o
    0x0800be50   0x0800be50   0x00000010   Data   RO          370    .rodata.acFontHZKaiTi_16_0049  kaiti_16.o
    0x0800be60   0x0800be60   0x00000010   Data   RO          371    .rodata.acFontHZKaiTi_16_004a  kaiti_16.o
    0x0800be70   0x0800be70   0x00000010   Data   RO          372    .rodata.acFontHZKaiTi_16_004b  kaiti_16.o
    0x0800be80   0x0800be80   0x00000010   Data   RO          373    .rodata.acFontHZKaiTi_16_004c  kaiti_16.o
    0x0800be90   0x0800be90   0x00000010   Data   RO          374    .rodata.acFontHZKaiTi_16_004d  kaiti_16.o
    0x0800bea0   0x0800bea0   0x00000010   Data   RO          375    .rodata.acFontHZKaiTi_16_004e  kaiti_16.o
    0x0800beb0   0x0800beb0   0x00000010   Data   RO          376    .rodata.acFontHZKaiTi_16_004f  kaiti_16.o
    0x0800bec0   0x0800bec0   0x00000010   Data   RO          377    .rodata.acFontHZKaiTi_16_0050  kaiti_16.o
    0x0800bed0   0x0800bed0   0x00000010   Data   RO          378    .rodata.acFontHZKaiTi_16_0051  kaiti_16.o
    0x0800bee0   0x0800bee0   0x00000010   Data   RO          379    .rodata.acFontHZKaiTi_16_0052  kaiti_16.o
    0x0800bef0   0x0800bef0   0x00000010   Data   RO          380    .rodata.acFontHZKaiTi_16_0053  kaiti_16.o
    0x0800bf00   0x0800bf00   0x00000010   Data   RO          381    .rodata.acFontHZKaiTi_16_0054  kaiti_16.o
    0x0800bf10   0x0800bf10   0x00000010   Data   RO          382    .rodata.acFontHZKaiTi_16_0055  kaiti_16.o
    0x0800bf20   0x0800bf20   0x00000010   Data   RO          383    .rodata.acFontHZKaiTi_16_0056  kaiti_16.o
    0x0800bf30   0x0800bf30   0x00000010   Data   RO          384    .rodata.acFontHZKaiTi_16_0057  kaiti_16.o
    0x0800bf40   0x0800bf40   0x00000010   Data   RO          385    .rodata.acFontHZKaiTi_16_0058  kaiti_16.o
    0x0800bf50   0x0800bf50   0x00000010   Data   RO          386    .rodata.acFontHZKaiTi_16_0059  kaiti_16.o
    0x0800bf60   0x0800bf60   0x00000010   Data   RO          387    .rodata.acFontHZKaiTi_16_005a  kaiti_16.o
    0x0800bf70   0x0800bf70   0x00000010   Data   RO          388    .rodata.acFontHZKaiTi_16_005b  kaiti_16.o
    0x0800bf80   0x0800bf80   0x00000010   Data   RO          389    .rodata.acFontHZKaiTi_16_005c  kaiti_16.o
    0x0800bf90   0x0800bf90   0x00000010   Data   RO          390    .rodata.acFontHZKaiTi_16_005d  kaiti_16.o
    0x0800bfa0   0x0800bfa0   0x00000010   Data   RO          391    .rodata.acFontHZKaiTi_16_005e  kaiti_16.o
    0x0800bfb0   0x0800bfb0   0x00000010   Data   RO          392    .rodata.acFontHZKaiTi_16_005f  kaiti_16.o
    0x0800bfc0   0x0800bfc0   0x00000010   Data   RO          393    .rodata.acFontHZKaiTi_16_0060  kaiti_16.o
    0x0800bfd0   0x0800bfd0   0x00000010   Data   RO          394    .rodata.acFontHZKaiTi_16_0061  kaiti_16.o
    0x0800bfe0   0x0800bfe0   0x00000010   Data   RO          395    .rodata.acFontHZKaiTi_16_0062  kaiti_16.o
    0x0800bff0   0x0800bff0   0x00000010   Data   RO          396    .rodata.acFontHZKaiTi_16_0063  kaiti_16.o
    0x0800c000   0x0800c000   0x00000010   Data   RO          397    .rodata.acFontHZKaiTi_16_0064  kaiti_16.o
    0x0800c010   0x0800c010   0x00000010   Data   RO          398    .rodata.acFontHZKaiTi_16_0065  kaiti_16.o
    0x0800c020   0x0800c020   0x00000010   Data   RO          399    .rodata.acFontHZKaiTi_16_0066  kaiti_16.o
    0x0800c030   0x0800c030   0x00000010   Data   RO          400    .rodata.acFontHZKaiTi_16_0067  kaiti_16.o
    0x0800c040   0x0800c040   0x00000010   Data   RO          401    .rodata.acFontHZKaiTi_16_0068  kaiti_16.o
    0x0800c050   0x0800c050   0x00000010   Data   RO          402    .rodata.acFontHZKaiTi_16_0069  kaiti_16.o
    0x0800c060   0x0800c060   0x00000010   Data   RO          403    .rodata.acFontHZKaiTi_16_006a  kaiti_16.o
    0x0800c070   0x0800c070   0x00000010   Data   RO          404    .rodata.acFontHZKaiTi_16_006b  kaiti_16.o
    0x0800c080   0x0800c080   0x00000010   Data   RO          405    .rodata.acFontHZKaiTi_16_006c  kaiti_16.o
    0x0800c090   0x0800c090   0x00000010   Data   RO          406    .rodata.acFontHZKaiTi_16_006d  kaiti_16.o
    0x0800c0a0   0x0800c0a0   0x00000010   Data   RO          407    .rodata.acFontHZKaiTi_16_006e  kaiti_16.o
    0x0800c0b0   0x0800c0b0   0x00000010   Data   RO          408    .rodata.acFontHZKaiTi_16_006f  kaiti_16.o
    0x0800c0c0   0x0800c0c0   0x00000010   Data   RO          409    .rodata.acFontHZKaiTi_16_0070  kaiti_16.o
    0x0800c0d0   0x0800c0d0   0x00000010   Data   RO          410    .rodata.acFontHZKaiTi_16_0071  kaiti_16.o
    0x0800c0e0   0x0800c0e0   0x00000010   Data   RO          411    .rodata.acFontHZKaiTi_16_0072  kaiti_16.o
    0x0800c0f0   0x0800c0f0   0x00000010   Data   RO          412    .rodata.acFontHZKaiTi_16_0073  kaiti_16.o
    0x0800c100   0x0800c100   0x00000010   Data   RO          413    .rodata.acFontHZKaiTi_16_0074  kaiti_16.o
    0x0800c110   0x0800c110   0x00000010   Data   RO          414    .rodata.acFontHZKaiTi_16_0075  kaiti_16.o
    0x0800c120   0x0800c120   0x00000010   Data   RO          415    .rodata.acFontHZKaiTi_16_0076  kaiti_16.o
    0x0800c130   0x0800c130   0x00000010   Data   RO          416    .rodata.acFontHZKaiTi_16_0077  kaiti_16.o
    0x0800c140   0x0800c140   0x00000010   Data   RO          417    .rodata.acFontHZKaiTi_16_0078  kaiti_16.o
    0x0800c150   0x0800c150   0x00000010   Data   RO          418    .rodata.acFontHZKaiTi_16_0079  kaiti_16.o
    0x0800c160   0x0800c160   0x00000010   Data   RO          419    .rodata.acFontHZKaiTi_16_007a  kaiti_16.o
    0x0800c170   0x0800c170   0x00000010   Data   RO          420    .rodata.acFontHZKaiTi_16_007b  kaiti_16.o
    0x0800c180   0x0800c180   0x00000010   Data   RO          421    .rodata.acFontHZKaiTi_16_007c  kaiti_16.o
    0x0800c190   0x0800c190   0x00000010   Data   RO          422    .rodata.acFontHZKaiTi_16_007d  kaiti_16.o
    0x0800c1a0   0x0800c1a0   0x00000010   Data   RO          423    .rodata.acFontHZKaiTi_16_007e  kaiti_16.o
    0x0800c1b0   0x0800c1b0   0x00000010   Data   RO          424    .rodata.acFontHZKaiTi_16_007f  kaiti_16.o
    0x0800c1c0   0x0800c1c0   0x00000020   Data   RO          425    .rodata.acFontHZKaiTi_16_b3c9  kaiti_16.o
    0x0800c1e0   0x0800c1e0   0x00000020   Data   RO          426    .rodata.acFontHZKaiTi_16_b4f3  kaiti_16.o
    0x0800c200   0x0800c200   0x00000020   Data   RO          427    .rodata.acFontHZKaiTi_16_b5e7  kaiti_16.o
    0x0800c220   0x0800c220   0x00000020   Data   RO          428    .rodata.acFontHZKaiTi_16_babc  kaiti_16.o
    0x0800c240   0x0800c240   0x00000020   Data   RO          429    .rodata.acFontHZKaiTi_16_bafa  kaiti_16.o
    0x0800c260   0x0800c260   0x00000020   Data   RO          430    .rodata.acFontHZKaiTi_16_bcbc  kaiti_16.o
    0x0800c280   0x0800c280   0x00000020   Data   RO          431    .rodata.acFontHZKaiTi_16_bfac  kaiti_16.o
    0x0800c2a0   0x0800c2a0   0x00000020   Data   RO          432    .rodata.acFontHZKaiTi_16_bfc6  kaiti_16.o
    0x0800c2c0   0x0800c2c0   0x00000020   Data   RO          433    .rodata.acFontHZKaiTi_16_cec4  kaiti_16.o
    0x0800c2e0   0x0800c2e0   0x00000020   Data   RO          434    .rodata.acFontHZKaiTi_16_d1a7  kaiti_16.o
    0x0800c300   0x0800c300   0x00000020   Data   RO          435    .rodata.acFontHZKaiTi_16_d1e5  kaiti_16.o
    0x0800c320   0x0800c320   0x00000020   Data   RO          436    .rodata.acFontHZKaiTi_16_d4b1  kaiti_16.o
    0x0800c340   0x0800c340   0x00000020   Data   RO          437    .rodata.acFontHZKaiTi_16_d4f8  kaiti_16.o
    0x0800c360   0x0800c360   0x00000020   Data   RO          438    .rodata.acFontHZKaiTi_16_d6dc  kaiti_16.o
    0x0800c380   0x0800c380   0x00000020   Data   RO          439    .rodata.acFontHZKaiTi_16_d6dd  kaiti_16.o
    0x0800c3a0   0x0800c3a0   0x00000020   Data   RO          440    .rodata.acFontHZKaiTi_16_d7d3  kaiti_16.o
    0x0800c3c0   0x0800c3c0   0x00000020   Data   RO          441    .rodata.acFontHZKaiTi_16_d8b9  kaiti_16.o
    0x0800c3e0   0x0800c3e0   0x00000028   Data   RO          170    .rodata.acFontHZKaiTi_20_0020  kaiti_20.o
    0x0800c408   0x0800c408   0x00000028   Data   RO          171    .rodata.acFontHZKaiTi_20_0021  kaiti_20.o
    0x0800c430   0x0800c430   0x00000028   Data   RO          172    .rodata.acFontHZKaiTi_20_0022  kaiti_20.o
    0x0800c458   0x0800c458   0x00000028   Data   RO          173    .rodata.acFontHZKaiTi_20_0023  kaiti_20.o
    0x0800c480   0x0800c480   0x00000028   Data   RO          174    .rodata.acFontHZKaiTi_20_0024  kaiti_20.o
    0x0800c4a8   0x0800c4a8   0x00000028   Data   RO          175    .rodata.acFontHZKaiTi_20_0025  kaiti_20.o
    0x0800c4d0   0x0800c4d0   0x00000028   Data   RO          176    .rodata.acFontHZKaiTi_20_0026  kaiti_20.o
    0x0800c4f8   0x0800c4f8   0x00000028   Data   RO          177    .rodata.acFontHZKaiTi_20_0027  kaiti_20.o
    0x0800c520   0x0800c520   0x00000028   Data   RO          178    .rodata.acFontHZKaiTi_20_0028  kaiti_20.o
    0x0800c548   0x0800c548   0x00000028   Data   RO          179    .rodata.acFontHZKaiTi_20_0029  kaiti_20.o
    0x0800c570   0x0800c570   0x00000028   Data   RO          180    .rodata.acFontHZKaiTi_20_002a  kaiti_20.o
    0x0800c598   0x0800c598   0x00000028   Data   RO          181    .rodata.acFontHZKaiTi_20_002b  kaiti_20.o
    0x0800c5c0   0x0800c5c0   0x00000028   Data   RO          182    .rodata.acFontHZKaiTi_20_002c  kaiti_20.o
    0x0800c5e8   0x0800c5e8   0x00000028   Data   RO          183    .rodata.acFontHZKaiTi_20_002d  kaiti_20.o
    0x0800c610   0x0800c610   0x00000028   Data   RO          184    .rodata.acFontHZKaiTi_20_002e  kaiti_20.o
    0x0800c638   0x0800c638   0x00000028   Data   RO          185    .rodata.acFontHZKaiTi_20_002f  kaiti_20.o
    0x0800c660   0x0800c660   0x00000028   Data   RO          186    .rodata.acFontHZKaiTi_20_0030  kaiti_20.o
    0x0800c688   0x0800c688   0x00000028   Data   RO          187    .rodata.acFontHZKaiTi_20_0031  kaiti_20.o
    0x0800c6b0   0x0800c6b0   0x00000028   Data   RO          188    .rodata.acFontHZKaiTi_20_0032  kaiti_20.o
    0x0800c6d8   0x0800c6d8   0x00000028   Data   RO          189    .rodata.acFontHZKaiTi_20_0033  kaiti_20.o
    0x0800c700   0x0800c700   0x00000028   Data   RO          190    .rodata.acFontHZKaiTi_20_0034  kaiti_20.o
    0x0800c728   0x0800c728   0x00000028   Data   RO          191    .rodata.acFontHZKaiTi_20_0035  kaiti_20.o
    0x0800c750   0x0800c750   0x00000028   Data   RO          192    .rodata.acFontHZKaiTi_20_0036  kaiti_20.o
    0x0800c778   0x0800c778   0x00000028   Data   RO          193    .rodata.acFontHZKaiTi_20_0037  kaiti_20.o
    0x0800c7a0   0x0800c7a0   0x00000028   Data   RO          194    .rodata.acFontHZKaiTi_20_0038  kaiti_20.o
    0x0800c7c8   0x0800c7c8   0x00000028   Data   RO          195    .rodata.acFontHZKaiTi_20_0039  kaiti_20.o
    0x0800c7f0   0x0800c7f0   0x00000028   Data   RO          196    .rodata.acFontHZKaiTi_20_003a  kaiti_20.o
    0x0800c818   0x0800c818   0x00000028   Data   RO          197    .rodata.acFontHZKaiTi_20_003b  kaiti_20.o
    0x0800c840   0x0800c840   0x00000028   Data   RO          198    .rodata.acFontHZKaiTi_20_003c  kaiti_20.o
    0x0800c868   0x0800c868   0x00000028   Data   RO          199    .rodata.acFontHZKaiTi_20_003d  kaiti_20.o
    0x0800c890   0x0800c890   0x00000028   Data   RO          200    .rodata.acFontHZKaiTi_20_003e  kaiti_20.o
    0x0800c8b8   0x0800c8b8   0x00000028   Data   RO          201    .rodata.acFontHZKaiTi_20_003f  kaiti_20.o
    0x0800c8e0   0x0800c8e0   0x00000028   Data   RO          202    .rodata.acFontHZKaiTi_20_0040  kaiti_20.o
    0x0800c908   0x0800c908   0x00000028   Data   RO          203    .rodata.acFontHZKaiTi_20_0041  kaiti_20.o
    0x0800c930   0x0800c930   0x00000028   Data   RO          204    .rodata.acFontHZKaiTi_20_0042  kaiti_20.o
    0x0800c958   0x0800c958   0x00000028   Data   RO          205    .rodata.acFontHZKaiTi_20_0043  kaiti_20.o
    0x0800c980   0x0800c980   0x00000028   Data   RO          206    .rodata.acFontHZKaiTi_20_0044  kaiti_20.o
    0x0800c9a8   0x0800c9a8   0x00000028   Data   RO          207    .rodata.acFontHZKaiTi_20_0045  kaiti_20.o
    0x0800c9d0   0x0800c9d0   0x00000028   Data   RO          208    .rodata.acFontHZKaiTi_20_0046  kaiti_20.o
    0x0800c9f8   0x0800c9f8   0x00000028   Data   RO          209    .rodata.acFontHZKaiTi_20_0047  kaiti_20.o
    0x0800ca20   0x0800ca20   0x00000028   Data   RO          210    .rodata.acFontHZKaiTi_20_0048  kaiti_20.o
    0x0800ca48   0x0800ca48   0x00000028   Data   RO          211    .rodata.acFontHZKaiTi_20_0049  kaiti_20.o
    0x0800ca70   0x0800ca70   0x00000028   Data   RO          212    .rodata.acFontHZKaiTi_20_004a  kaiti_20.o
    0x0800ca98   0x0800ca98   0x00000028   Data   RO          213    .rodata.acFontHZKaiTi_20_004b  kaiti_20.o
    0x0800cac0   0x0800cac0   0x00000028   Data   RO          214    .rodata.acFontHZKaiTi_20_004c  kaiti_20.o
    0x0800cae8   0x0800cae8   0x00000028   Data   RO          215    .rodata.acFontHZKaiTi_20_004d  kaiti_20.o
    0x0800cb10   0x0800cb10   0x00000028   Data   RO          216    .rodata.acFontHZKaiTi_20_004e  kaiti_20.o
    0x0800cb38   0x0800cb38   0x00000028   Data   RO          217    .rodata.acFontHZKaiTi_20_004f  kaiti_20.o
    0x0800cb60   0x0800cb60   0x00000028   Data   RO          218    .rodata.acFontHZKaiTi_20_0050  kaiti_20.o
    0x0800cb88   0x0800cb88   0x00000028   Data   RO          219    .rodata.acFontHZKaiTi_20_0051  kaiti_20.o
    0x0800cbb0   0x0800cbb0   0x00000028   Data   RO          220    .rodata.acFontHZKaiTi_20_0052  kaiti_20.o
    0x0800cbd8   0x0800cbd8   0x00000028   Data   RO          221    .rodata.acFontHZKaiTi_20_0053  kaiti_20.o
    0x0800cc00   0x0800cc00   0x00000028   Data   RO          222    .rodata.acFontHZKaiTi_20_0054  kaiti_20.o
    0x0800cc28   0x0800cc28   0x00000028   Data   RO          223    .rodata.acFontHZKaiTi_20_0055  kaiti_20.o
    0x0800cc50   0x0800cc50   0x00000028   Data   RO          224    .rodata.acFontHZKaiTi_20_0056  kaiti_20.o
    0x0800cc78   0x0800cc78   0x00000028   Data   RO          225    .rodata.acFontHZKaiTi_20_0057  kaiti_20.o
    0x0800cca0   0x0800cca0   0x00000028   Data   RO          226    .rodata.acFontHZKaiTi_20_0058  kaiti_20.o
    0x0800ccc8   0x0800ccc8   0x00000028   Data   RO          227    .rodata.acFontHZKaiTi_20_0059  kaiti_20.o
    0x0800ccf0   0x0800ccf0   0x00000028   Data   RO          228    .rodata.acFontHZKaiTi_20_005a  kaiti_20.o
    0x0800cd18   0x0800cd18   0x00000028   Data   RO          229    .rodata.acFontHZKaiTi_20_005b  kaiti_20.o
    0x0800cd40   0x0800cd40   0x00000028   Data   RO          230    .rodata.acFontHZKaiTi_20_005c  kaiti_20.o
    0x0800cd68   0x0800cd68   0x00000028   Data   RO          231    .rodata.acFontHZKaiTi_20_005d  kaiti_20.o
    0x0800cd90   0x0800cd90   0x00000028   Data   RO          232    .rodata.acFontHZKaiTi_20_005e  kaiti_20.o
    0x0800cdb8   0x0800cdb8   0x00000028   Data   RO          233    .rodata.acFontHZKaiTi_20_005f  kaiti_20.o
    0x0800cde0   0x0800cde0   0x00000028   Data   RO          234    .rodata.acFontHZKaiTi_20_0060  kaiti_20.o
    0x0800ce08   0x0800ce08   0x00000028   Data   RO          235    .rodata.acFontHZKaiTi_20_0061  kaiti_20.o
    0x0800ce30   0x0800ce30   0x00000028   Data   RO          236    .rodata.acFontHZKaiTi_20_0062  kaiti_20.o
    0x0800ce58   0x0800ce58   0x00000028   Data   RO          237    .rodata.acFontHZKaiTi_20_0063  kaiti_20.o
    0x0800ce80   0x0800ce80   0x00000028   Data   RO          238    .rodata.acFontHZKaiTi_20_0064  kaiti_20.o
    0x0800cea8   0x0800cea8   0x00000028   Data   RO          239    .rodata.acFontHZKaiTi_20_0065  kaiti_20.o
    0x0800ced0   0x0800ced0   0x00000028   Data   RO          240    .rodata.acFontHZKaiTi_20_0066  kaiti_20.o
    0x0800cef8   0x0800cef8   0x00000028   Data   RO          241    .rodata.acFontHZKaiTi_20_0067  kaiti_20.o
    0x0800cf20   0x0800cf20   0x00000028   Data   RO          242    .rodata.acFontHZKaiTi_20_0068  kaiti_20.o
    0x0800cf48   0x0800cf48   0x00000028   Data   RO          243    .rodata.acFontHZKaiTi_20_0069  kaiti_20.o
    0x0800cf70   0x0800cf70   0x00000028   Data   RO          244    .rodata.acFontHZKaiTi_20_006a  kaiti_20.o
    0x0800cf98   0x0800cf98   0x00000028   Data   RO          245    .rodata.acFontHZKaiTi_20_006b  kaiti_20.o
    0x0800cfc0   0x0800cfc0   0x00000028   Data   RO          246    .rodata.acFontHZKaiTi_20_006c  kaiti_20.o
    0x0800cfe8   0x0800cfe8   0x00000028   Data   RO          247    .rodata.acFontHZKaiTi_20_006d  kaiti_20.o
    0x0800d010   0x0800d010   0x00000028   Data   RO          248    .rodata.acFontHZKaiTi_20_006e  kaiti_20.o
    0x0800d038   0x0800d038   0x00000028   Data   RO          249    .rodata.acFontHZKaiTi_20_006f  kaiti_20.o
    0x0800d060   0x0800d060   0x00000028   Data   RO          250    .rodata.acFontHZKaiTi_20_0070  kaiti_20.o
    0x0800d088   0x0800d088   0x00000028   Data   RO          251    .rodata.acFontHZKaiTi_20_0071  kaiti_20.o
    0x0800d0b0   0x0800d0b0   0x00000028   Data   RO          252    .rodata.acFontHZKaiTi_20_0072  kaiti_20.o
    0x0800d0d8   0x0800d0d8   0x00000028   Data   RO          253    .rodata.acFontHZKaiTi_20_0073  kaiti_20.o
    0x0800d100   0x0800d100   0x00000028   Data   RO          254    .rodata.acFontHZKaiTi_20_0074  kaiti_20.o
    0x0800d128   0x0800d128   0x00000028   Data   RO          255    .rodata.acFontHZKaiTi_20_0075  kaiti_20.o
    0x0800d150   0x0800d150   0x00000028   Data   RO          256    .rodata.acFontHZKaiTi_20_0076  kaiti_20.o
    0x0800d178   0x0800d178   0x00000028   Data   RO          257    .rodata.acFontHZKaiTi_20_0077  kaiti_20.o
    0x0800d1a0   0x0800d1a0   0x00000028   Data   RO          258    .rodata.acFontHZKaiTi_20_0078  kaiti_20.o
    0x0800d1c8   0x0800d1c8   0x00000028   Data   RO          259    .rodata.acFontHZKaiTi_20_0079  kaiti_20.o
    0x0800d1f0   0x0800d1f0   0x00000028   Data   RO          260    .rodata.acFontHZKaiTi_20_007a  kaiti_20.o
    0x0800d218   0x0800d218   0x00000028   Data   RO          261    .rodata.acFontHZKaiTi_20_007b  kaiti_20.o
    0x0800d240   0x0800d240   0x00000028   Data   RO          262    .rodata.acFontHZKaiTi_20_007c  kaiti_20.o
    0x0800d268   0x0800d268   0x00000028   Data   RO          263    .rodata.acFontHZKaiTi_20_007d  kaiti_20.o
    0x0800d290   0x0800d290   0x00000028   Data   RO          264    .rodata.acFontHZKaiTi_20_007e  kaiti_20.o
    0x0800d2b8   0x0800d2b8   0x00000014   Data   RO          265    .rodata.acFontHZKaiTi_20_007f  kaiti_20.o
    0x0800d2cc   0x0800d2cc   0x0000003c   Data   RO          266    .rodata.acFontHZKaiTi_20_a1a1  kaiti_20.o
    0x0800d308   0x0800d308   0x0000003c   Data   RO          267    .rodata.acFontHZKaiTi_20_a1a2  kaiti_20.o
    0x0800d344   0x0800d344   0x0000003c   Data   RO          268    .rodata.acFontHZKaiTi_20_b2e2  kaiti_20.o
    0x0800d380   0x0800d380   0x0000003c   Data   RO          269    .rodata.acFontHZKaiTi_20_b3cc  kaiti_20.o
    0x0800d3bc   0x0800d3bc   0x0000003c   Data   RO          270    .rodata.acFontHZKaiTi_20_b4f3  kaiti_20.o
    0x0800d3f8   0x0800d3f8   0x0000003c   Data   RO          271    .rodata.acFontHZKaiTi_20_b5c1  kaiti_20.o
    0x0800d434   0x0800d434   0x0000003c   Data   RO          272    .rodata.acFontHZKaiTi_20_b5e7  kaiti_20.o
    0x0800d470   0x0800d470   0x0000003c   Data   RO          273    .rodata.acFontHZKaiTi_20_b7c0  kaiti_20.o
    0x0800d4ac   0x0800d4ac   0x0000003c   Data   RO          274    .rodata.acFontHZKaiTi_20_babc  kaiti_20.o
    0x0800d4e8   0x0800d4e8   0x0000003c   Data   RO          275    .rodata.acFontHZKaiTi_20_bacf  kaiti_20.o
    0x0800d524   0x0800d524   0x0000003c   Data   RO          276    .rodata.acFontHZKaiTi_20_bbf0  kaiti_20.o
    0x0800d560   0x0800d560   0x0000003c   Data   RO          277    .rodata.acFontHZKaiTi_20_bcbc  kaiti_20.o
    0x0800d59c   0x0800d59c   0x0000003c   Data   RO          278    .rodata.acFontHZKaiTi_20_bcc6  kaiti_20.o
    0x0800d5d8   0x0800d5d8   0x0000003c   Data   RO          279    .rodata.acFontHZKaiTi_20_bce0  kaiti_20.o
    0x0800d614   0x0800d614   0x0000003c   Data   RO          280    .rodata.acFontHZKaiTi_20_bcf9  kaiti_20.o
    0x0800d650   0x0800d650   0x0000003c   Data   RO          281    .rodata.acFontHZKaiTi_20_bfc6  kaiti_20.o
    0x0800d68c   0x0800d68c   0x0000003c   Data   RO          282    .rodata.acFontHZKaiTi_20_c6f7  kaiti_20.o
    0x0800d6c8   0x0800d6c8   0x0000003c   Data   RO          283    .rodata.acFontHZKaiTi_20_c9e8  kaiti_20.o
    0x0800d704   0x0800d704   0x0000003c   Data   RO          284    .rodata.acFontHZKaiTi_20_cab5  kaiti_20.o
    0x0800d740   0x0800d740   0x0000003c   Data   RO          285    .rodata.acFontHZKaiTi_20_d1a7  kaiti_20.o
    0x0800d77c   0x0800d77c   0x0000003c   Data   RO          286    .rodata.acFontHZKaiTi_20_d2b5  kaiti_20.o
    0x0800d7b8   0x0800d7b8   0x0000003c   Data   RO          287    .rodata.acFontHZKaiTi_20_d4b6  kaiti_20.o
    0x0800d7f4   0x0800d7f4   0x0000003c   Data   RO          288    .rodata.acFontHZKaiTi_20_d4f8  kaiti_20.o
    0x0800d830   0x0800d830   0x0000003c   Data   RO          289    .rodata.acFontHZKaiTi_20_d6dd  kaiti_20.o
    0x0800d86c   0x0800d86c   0x0000003c   Data   RO          290    .rodata.acFontHZKaiTi_20_d7a8  kaiti_20.o
    0x0800d8a8   0x0800d8a8   0x0000003c   Data   RO          291    .rodata.acFontHZKaiTi_20_d7d3  kaiti_20.o
    0x0800d8e4   0x0800d8e4   0x0000003c   Data   RO          292    .rodata.acFontHZKaiTi_20_d7db  kaiti_20.o
    0x0800d920   0x0800d920   0x0000003c   Data   RO          293    .rodata.acFontHZKaiTi_20_d8b9  kaiti_20.o
    0x0800d95c   0x0800d95c   0x0000000c   Data   RO          664    .rodata.acFontHZSimSun_12_0020  simsun_12.o
    0x0800d968   0x0800d968   0x0000000c   Data   RO          665    .rodata.acFontHZSimSun_12_0021  simsun_12.o
    0x0800d974   0x0800d974   0x0000000c   Data   RO          666    .rodata.acFontHZSimSun_12_0022  simsun_12.o
    0x0800d980   0x0800d980   0x0000000c   Data   RO          667    .rodata.acFontHZSimSun_12_0023  simsun_12.o
    0x0800d98c   0x0800d98c   0x0000000c   Data   RO          668    .rodata.acFontHZSimSun_12_0024  simsun_12.o
    0x0800d998   0x0800d998   0x0000000c   Data   RO          669    .rodata.acFontHZSimSun_12_0025  simsun_12.o
    0x0800d9a4   0x0800d9a4   0x0000000c   Data   RO          670    .rodata.acFontHZSimSun_12_0026  simsun_12.o
    0x0800d9b0   0x0800d9b0   0x0000000c   Data   RO          671    .rodata.acFontHZSimSun_12_0027  simsun_12.o
    0x0800d9bc   0x0800d9bc   0x0000000c   Data   RO          672    .rodata.acFontHZSimSun_12_0028  simsun_12.o
    0x0800d9c8   0x0800d9c8   0x0000000c   Data   RO          673    .rodata.acFontHZSimSun_12_0029  simsun_12.o
    0x0800d9d4   0x0800d9d4   0x0000000c   Data   RO          674    .rodata.acFontHZSimSun_12_002a  simsun_12.o
    0x0800d9e0   0x0800d9e0   0x0000000c   Data   RO          675    .rodata.acFontHZSimSun_12_002b  simsun_12.o
    0x0800d9ec   0x0800d9ec   0x0000000c   Data   RO          676    .rodata.acFontHZSimSun_12_002c  simsun_12.o
    0x0800d9f8   0x0800d9f8   0x0000000c   Data   RO          677    .rodata.acFontHZSimSun_12_002d  simsun_12.o
    0x0800da04   0x0800da04   0x0000000c   Data   RO          678    .rodata.acFontHZSimSun_12_002e  simsun_12.o
    0x0800da10   0x0800da10   0x0000000c   Data   RO          679    .rodata.acFontHZSimSun_12_002f  simsun_12.o
    0x0800da1c   0x0800da1c   0x0000000c   Data   RO          680    .rodata.acFontHZSimSun_12_0030  simsun_12.o
    0x0800da28   0x0800da28   0x0000000c   Data   RO          681    .rodata.acFontHZSimSun_12_0031  simsun_12.o
    0x0800da34   0x0800da34   0x0000000c   Data   RO          682    .rodata.acFontHZSimSun_12_0032  simsun_12.o
    0x0800da40   0x0800da40   0x0000000c   Data   RO          683    .rodata.acFontHZSimSun_12_0033  simsun_12.o
    0x0800da4c   0x0800da4c   0x0000000c   Data   RO          684    .rodata.acFontHZSimSun_12_0034  simsun_12.o
    0x0800da58   0x0800da58   0x0000000c   Data   RO          685    .rodata.acFontHZSimSun_12_0035  simsun_12.o
    0x0800da64   0x0800da64   0x0000000c   Data   RO          686    .rodata.acFontHZSimSun_12_0036  simsun_12.o
    0x0800da70   0x0800da70   0x0000000c   Data   RO          687    .rodata.acFontHZSimSun_12_0037  simsun_12.o
    0x0800da7c   0x0800da7c   0x0000000c   Data   RO          688    .rodata.acFontHZSimSun_12_0038  simsun_12.o
    0x0800da88   0x0800da88   0x0000000c   Data   RO          689    .rodata.acFontHZSimSun_12_0039  simsun_12.o
    0x0800da94   0x0800da94   0x0000000c   Data   RO          690    .rodata.acFontHZSimSun_12_003a  simsun_12.o
    0x0800daa0   0x0800daa0   0x0000000c   Data   RO          691    .rodata.acFontHZSimSun_12_003b  simsun_12.o
    0x0800daac   0x0800daac   0x0000000c   Data   RO          692    .rodata.acFontHZSimSun_12_003c  simsun_12.o
    0x0800dab8   0x0800dab8   0x0000000c   Data   RO          693    .rodata.acFontHZSimSun_12_003d  simsun_12.o
    0x0800dac4   0x0800dac4   0x0000000c   Data   RO          694    .rodata.acFontHZSimSun_12_003e  simsun_12.o
    0x0800dad0   0x0800dad0   0x0000000c   Data   RO          695    .rodata.acFontHZSimSun_12_003f  simsun_12.o
    0x0800dadc   0x0800dadc   0x0000000c   Data   RO          696    .rodata.acFontHZSimSun_12_0040  simsun_12.o
    0x0800dae8   0x0800dae8   0x0000000c   Data   RO          697    .rodata.acFontHZSimSun_12_0041  simsun_12.o
    0x0800daf4   0x0800daf4   0x0000000c   Data   RO          698    .rodata.acFontHZSimSun_12_0042  simsun_12.o
    0x0800db00   0x0800db00   0x0000000c   Data   RO          699    .rodata.acFontHZSimSun_12_0043  simsun_12.o
    0x0800db0c   0x0800db0c   0x0000000c   Data   RO          700    .rodata.acFontHZSimSun_12_0044  simsun_12.o
    0x0800db18   0x0800db18   0x0000000c   Data   RO          701    .rodata.acFontHZSimSun_12_0045  simsun_12.o
    0x0800db24   0x0800db24   0x0000000c   Data   RO          702    .rodata.acFontHZSimSun_12_0046  simsun_12.o
    0x0800db30   0x0800db30   0x0000000c   Data   RO          703    .rodata.acFontHZSimSun_12_0047  simsun_12.o
    0x0800db3c   0x0800db3c   0x0000000c   Data   RO          704    .rodata.acFontHZSimSun_12_0048  simsun_12.o
    0x0800db48   0x0800db48   0x0000000c   Data   RO          705    .rodata.acFontHZSimSun_12_0049  simsun_12.o
    0x0800db54   0x0800db54   0x0000000c   Data   RO          706    .rodata.acFontHZSimSun_12_004a  simsun_12.o
    0x0800db60   0x0800db60   0x0000000c   Data   RO          707    .rodata.acFontHZSimSun_12_004b  simsun_12.o
    0x0800db6c   0x0800db6c   0x0000000c   Data   RO          708    .rodata.acFontHZSimSun_12_004c  simsun_12.o
    0x0800db78   0x0800db78   0x0000000c   Data   RO          709    .rodata.acFontHZSimSun_12_004d  simsun_12.o
    0x0800db84   0x0800db84   0x0000000c   Data   RO          710    .rodata.acFontHZSimSun_12_004e  simsun_12.o
    0x0800db90   0x0800db90   0x0000000c   Data   RO          711    .rodata.acFontHZSimSun_12_004f  simsun_12.o
    0x0800db9c   0x0800db9c   0x0000000c   Data   RO          712    .rodata.acFontHZSimSun_12_0050  simsun_12.o
    0x0800dba8   0x0800dba8   0x0000000c   Data   RO          713    .rodata.acFontHZSimSun_12_0051  simsun_12.o
    0x0800dbb4   0x0800dbb4   0x0000000c   Data   RO          714    .rodata.acFontHZSimSun_12_0052  simsun_12.o
    0x0800dbc0   0x0800dbc0   0x0000000c   Data   RO          715    .rodata.acFontHZSimSun_12_0053  simsun_12.o
    0x0800dbcc   0x0800dbcc   0x0000000c   Data   RO          716    .rodata.acFontHZSimSun_12_0054  simsun_12.o
    0x0800dbd8   0x0800dbd8   0x0000000c   Data   RO          717    .rodata.acFontHZSimSun_12_0055  simsun_12.o
    0x0800dbe4   0x0800dbe4   0x0000000c   Data   RO          718    .rodata.acFontHZSimSun_12_0056  simsun_12.o
    0x0800dbf0   0x0800dbf0   0x0000000c   Data   RO          719    .rodata.acFontHZSimSun_12_0057  simsun_12.o
    0x0800dbfc   0x0800dbfc   0x0000000c   Data   RO          720    .rodata.acFontHZSimSun_12_0058  simsun_12.o
    0x0800dc08   0x0800dc08   0x0000000c   Data   RO          721    .rodata.acFontHZSimSun_12_0059  simsun_12.o
    0x0800dc14   0x0800dc14   0x0000000c   Data   RO          722    .rodata.acFontHZSimSun_12_005a  simsun_12.o
    0x0800dc20   0x0800dc20   0x0000000c   Data   RO          723    .rodata.acFontHZSimSun_12_005b  simsun_12.o
    0x0800dc2c   0x0800dc2c   0x0000000c   Data   RO          724    .rodata.acFontHZSimSun_12_005c  simsun_12.o
    0x0800dc38   0x0800dc38   0x0000000c   Data   RO          725    .rodata.acFontHZSimSun_12_005d  simsun_12.o
    0x0800dc44   0x0800dc44   0x0000000c   Data   RO          726    .rodata.acFontHZSimSun_12_005e  simsun_12.o
    0x0800dc50   0x0800dc50   0x0000000c   Data   RO          727    .rodata.acFontHZSimSun_12_005f  simsun_12.o
    0x0800dc5c   0x0800dc5c   0x0000000c   Data   RO          728    .rodata.acFontHZSimSun_12_0060  simsun_12.o
    0x0800dc68   0x0800dc68   0x0000000c   Data   RO          729    .rodata.acFontHZSimSun_12_0061  simsun_12.o
    0x0800dc74   0x0800dc74   0x0000000c   Data   RO          730    .rodata.acFontHZSimSun_12_0062  simsun_12.o
    0x0800dc80   0x0800dc80   0x0000000c   Data   RO          731    .rodata.acFontHZSimSun_12_0063  simsun_12.o
    0x0800dc8c   0x0800dc8c   0x0000000c   Data   RO          732    .rodata.acFontHZSimSun_12_0064  simsun_12.o
    0x0800dc98   0x0800dc98   0x0000000c   Data   RO          733    .rodata.acFontHZSimSun_12_0065  simsun_12.o
    0x0800dca4   0x0800dca4   0x0000000c   Data   RO          734    .rodata.acFontHZSimSun_12_0066  simsun_12.o
    0x0800dcb0   0x0800dcb0   0x0000000c   Data   RO          735    .rodata.acFontHZSimSun_12_0067  simsun_12.o
    0x0800dcbc   0x0800dcbc   0x0000000c   Data   RO          736    .rodata.acFontHZSimSun_12_0068  simsun_12.o
    0x0800dcc8   0x0800dcc8   0x0000000c   Data   RO          737    .rodata.acFontHZSimSun_12_0069  simsun_12.o
    0x0800dcd4   0x0800dcd4   0x0000000c   Data   RO          738    .rodata.acFontHZSimSun_12_006a  simsun_12.o
    0x0800dce0   0x0800dce0   0x0000000c   Data   RO          739    .rodata.acFontHZSimSun_12_006b  simsun_12.o
    0x0800dcec   0x0800dcec   0x0000000c   Data   RO          740    .rodata.acFontHZSimSun_12_006c  simsun_12.o
    0x0800dcf8   0x0800dcf8   0x0000000c   Data   RO          741    .rodata.acFontHZSimSun_12_006d  simsun_12.o
    0x0800dd04   0x0800dd04   0x0000000c   Data   RO          742    .rodata.acFontHZSimSun_12_006e  simsun_12.o
    0x0800dd10   0x0800dd10   0x0000000c   Data   RO          743    .rodata.acFontHZSimSun_12_006f  simsun_12.o
    0x0800dd1c   0x0800dd1c   0x0000000c   Data   RO          744    .rodata.acFontHZSimSun_12_0070  simsun_12.o
    0x0800dd28   0x0800dd28   0x0000000c   Data   RO          745    .rodata.acFontHZSimSun_12_0071  simsun_12.o
    0x0800dd34   0x0800dd34   0x0000000c   Data   RO          746    .rodata.acFontHZSimSun_12_0072  simsun_12.o
    0x0800dd40   0x0800dd40   0x0000000c   Data   RO          747    .rodata.acFontHZSimSun_12_0073  simsun_12.o
    0x0800dd4c   0x0800dd4c   0x0000000c   Data   RO          748    .rodata.acFontHZSimSun_12_0074  simsun_12.o
    0x0800dd58   0x0800dd58   0x0000000c   Data   RO          749    .rodata.acFontHZSimSun_12_0075  simsun_12.o
    0x0800dd64   0x0800dd64   0x0000000c   Data   RO          750    .rodata.acFontHZSimSun_12_0076  simsun_12.o
    0x0800dd70   0x0800dd70   0x0000000c   Data   RO          751    .rodata.acFontHZSimSun_12_0077  simsun_12.o
    0x0800dd7c   0x0800dd7c   0x0000000c   Data   RO          752    .rodata.acFontHZSimSun_12_0078  simsun_12.o
    0x0800dd88   0x0800dd88   0x0000000c   Data   RO          753    .rodata.acFontHZSimSun_12_0079  simsun_12.o
    0x0800dd94   0x0800dd94   0x0000000c   Data   RO          754    .rodata.acFontHZSimSun_12_007a  simsun_12.o
    0x0800dda0   0x0800dda0   0x0000000c   Data   RO          755    .rodata.acFontHZSimSun_12_007b  simsun_12.o
    0x0800ddac   0x0800ddac   0x0000000c   Data   RO          756    .rodata.acFontHZSimSun_12_007c  simsun_12.o
    0x0800ddb8   0x0800ddb8   0x0000000c   Data   RO          757    .rodata.acFontHZSimSun_12_007d  simsun_12.o
    0x0800ddc4   0x0800ddc4   0x0000000c   Data   RO          758    .rodata.acFontHZSimSun_12_007e  simsun_12.o
    0x0800ddd0   0x0800ddd0   0x0000000c   Data   RO          759    .rodata.acFontHZSimSun_12_007f  simsun_12.o
    0x0800dddc   0x0800dddc   0x00000018   Data   RO          760    .rodata.acFontHZSimSun_12_a1b6  simsun_12.o
    0x0800ddf4   0x0800ddf4   0x00000018   Data   RO          761    .rodata.acFontHZSimSun_12_a1b7  simsun_12.o
    0x0800de0c   0x0800de0c   0x00000018   Data   RO          762    .rodata.acFontHZSimSun_12_a1e3  simsun_12.o
    0x0800de24   0x0800de24   0x00000018   Data   RO          763    .rodata.acFontHZSimSun_12_a1e6  simsun_12.o
    0x0800de3c   0x0800de3c   0x00000018   Data   RO          764    .rodata.acFontHZSimSun_12_a6e6  simsun_12.o
    0x0800de54   0x0800de54   0x00000018   Data   RO          765    .rodata.acFontHZSimSun_12_a6e7  simsun_12.o
    0x0800de6c   0x0800de6c   0x00000018   Data   RO          766    .rodata.acFontHZSimSun_12_b1a8  simsun_12.o
    0x0800de84   0x0800de84   0x00000018   Data   RO          767    .rodata.acFontHZSimSun_12_b2ce  simsun_12.o
    0x0800de9c   0x0800de9c   0x00000018   Data   RO          768    .rodata.acFontHZSimSun_12_b2e2  simsun_12.o
    0x0800deb4   0x0800deb4   0x00000018   Data   RO          769    .rodata.acFontHZSimSun_12_b4f3  simsun_12.o
    0x0800decc   0x0800decc   0x00000018   Data   RO          770    .rodata.acFontHZSimSun_12_b5b1  simsun_12.o
    0x0800dee4   0x0800dee4   0x00000018   Data   RO          771    .rodata.acFontHZSimSun_12_b5e7  simsun_12.o
    0x0800defc   0x0800defc   0x00000018   Data   RO          772    .rodata.acFontHZSimSun_12_b6af  simsun_12.o
    0x0800df14   0x0800df14   0x00000018   Data   RO          773    .rodata.acFontHZSimSun_12_b6c8  simsun_12.o
    0x0800df2c   0x0800df2c   0x00000018   Data   RO          774    .rodata.acFontHZSimSun_12_b7f1  simsun_12.o
    0x0800df44   0x0800df44   0x00000018   Data   RO          775    .rodata.acFontHZSimSun_12_b8a9  simsun_12.o
    0x0800df5c   0x0800df5c   0x00000018   Data   RO          776    .rodata.acFontHZSimSun_12_b9f6  simsun_12.o
    0x0800df74   0x0800df74   0x00000018   Data   RO          777    .rodata.acFontHZSimSun_12_babc  simsun_12.o
    0x0800df8c   0x0800df8c   0x00000018   Data   RO          778    .rodata.acFontHZSimSun_12_babd  simsun_12.o
    0x0800dfa4   0x0800dfa4   0x00000018   Data   RO          779    .rodata.acFontHZSimSun_12_bae1  simsun_12.o
    0x0800dfbc   0x0800dfbc   0x00000018   Data   RO          780    .rodata.acFontHZSimSun_12_bcbc  simsun_12.o
    0x0800dfd4   0x0800dfd4   0x00000018   Data   RO          781    .rodata.acFontHZSimSun_12_bce0  simsun_12.o
    0x0800dfec   0x0800dfec   0x00000018   Data   RO          782    .rodata.acFontHZSimSun_12_bdc7  simsun_12.o
    0x0800e004   0x0800e004   0x00000018   Data   RO          783    .rodata.acFontHZSimSun_12_beaf  simsun_12.o
    0x0800e01c   0x0800e01c   0x00000018   Data   RO          784    .rodata.acFontHZSimSun_12_bedd  simsun_12.o
    0x0800e034   0x0800e034   0x00000018   Data   RO          785    .rodata.acFontHZSimSun_12_bfc6  simsun_12.o
    0x0800e04c   0x0800e04c   0x00000018   Data   RO          786    .rodata.acFontHZSimSun_12_c7b0  simsun_12.o
    0x0800e064   0x0800e064   0x00000018   Data   RO          787    .rodata.acFontHZSimSun_12_c7fa  simsun_12.o
    0x0800e07c   0x0800e07c   0x00000018   Data   RO          788    .rodata.acFontHZSimSun_12_c9e8  simsun_12.o
    0x0800e094   0x0800e094   0x00000018   Data   RO          789    .rodata.acFontHZSimSun_12_cab1  simsun_12.o
    0x0800e0ac   0x0800e0ac   0x00000018   Data   RO          790    .rodata.acFontHZSimSun_12_cab5  simsun_12.o
    0x0800e0c4   0x0800e0c4   0x00000018   Data   RO          791    .rodata.acFontHZSimSun_12_cac7  simsun_12.o
    0x0800e0dc   0x0800e0dc   0x00000018   Data   RO          792    .rodata.acFontHZSimSun_12_cafd  simsun_12.o
    0x0800e0f4   0x0800e0f4   0x00000018   Data   RO          793    .rodata.acFontHZSimSun_12_cda8  simsun_12.o
    0x0800e10c   0x0800e10c   0x00000018   Data   RO          794    .rodata.acFontHZSimSun_12_cec2  simsun_12.o
    0x0800e124   0x0800e124   0x00000018   Data   RO          795    .rodata.acFontHZSimSun_12_cede  simsun_12.o
    0x0800e13c   0x0800e13c   0x00000018   Data   RO          796    .rodata.acFontHZSimSun_12_cfdf  simsun_12.o
    0x0800e154   0x0800e154   0x00000018   Data   RO          797    .rodata.acFontHZSimSun_12_cff2  simsun_12.o
    0x0800e16c   0x0800e16c   0x00000018   Data   RO          798    .rodata.acFontHZSimSun_12_d0c5  simsun_12.o
    0x0800e184   0x0800e184   0x00000018   Data   RO          799    .rodata.acFontHZSimSun_12_d1a7  simsun_12.o
    0x0800e19c   0x0800e19c   0x00000018   Data   RO          800    .rodata.acFontHZSimSun_12_d1f6  simsun_12.o
    0x0800e1b4   0x0800e1b4   0x00000018   Data   RO          801    .rodata.acFontHZSimSun_12_d4f8  simsun_12.o
    0x0800e1cc   0x0800e1cc   0x00000018   Data   RO          802    .rodata.acFontHZSimSun_12_d5f0  simsun_12.o
    0x0800e1e4   0x0800e1e4   0x00000018   Data   RO          803    .rodata.acFontHZSimSun_12_d6c3  simsun_12.o
    0x0800e1fc   0x0800e1fc   0x00000018   Data   RO          804    .rodata.acFontHZSimSun_12_d6dd  simsun_12.o
    0x0800e214   0x0800e214   0x00000018   Data   RO          805    .rodata.acFontHZSimSun_12_d7d3  simsun_12.o
    0x0800e22c   0x0800e22c   0x00000018   Data   RO          806    .rodata.acFontHZSimSun_12_d8b9  simsun_12.o
    0x0800e244   0x0800e244   0x00000010   Data   RO          468    .rodata.bmh         h.o
    0x0800e254   0x0800e254   0x00000010   Data   RO          476    .rodata.bmz         z.o
    0x0800e264   0x0800e264   0x00000bf6   Data   RO         2926    .rodata.dmp_memory  inv_mpu_dmp_motion_driver.o
    0x0800ee5a   0x0800ee5a   0x0000000c   Data   RO         2857    .rodata.hw          inv_mpu.o
    0x0800ee66   0x0800ee66   0x0000001b   Data   RO         2858    .rodata.reg         inv_mpu.o
    0x0800ee81   0x0800ee81   0x00000079   Data   RO          560    .rodata.str1.1      freertos.o
    0x0800eefa   0x0800eefa   0x0000004c   Data   RO         2861    .rodata.str1.1      inv_mpu.o
    0x0800ef46   0x0800ef46   0x0000022a   Data   RO         2976    .rodata.str1.1      mpu6050.o
    0x0800f170   0x0800f170   0x00000028   Data   RO         2859    .rodata.test        inv_mpu.o
    0x0800f198   0x0800f198   0x00000020   Data   RO         3424    Region$$Table       anon$$obj.o


    Execution Region RW_IRAM2 (Exec base: 0x10000000, Load base: 0x0800f210, Size: 0x00000000, Max: 0x00010000, ABSOLUTE)

    **** No section assigned to this execution region ****


    Execution Region RW_IRAM1 (Exec base: 0x20000000, Load base: 0x0800f1b8, Size: 0x00008da0, Max: 0x00020000, ABSOLUTE)

    Exec Addr    Load Addr    Size         Type   Attr      Idx    E Section Name        Object

    0x20000000   0x0800f1b8   0x00000004   Data   RW         3381    .data               mc_w.l(stdout.o)
    0x20000004   0x0800f1bc   0x00000004   Data   RW         3402    .data               mc_w.l(errno.o)
    0x20000008   0x0800f1c0   0x00000004   Data   RW         1774    .data.SystemCoreClock  system_stm32f4xx.o
    0x2000000c   0x0800f1c4   0x00000002   Data   RW          553    .data.curve_speed   freertos.o
    0x2000000e   0x0800f1c6   0x00000009   Data   RW         2969    .data.gyro_orientation  mpu6050.o
    0x20000017   0x0800f1cf   0x00000001   PAD
    0x20000018   0x0800f1d0   0x00000004   Data   RW         2962    .data.q0            mpu6050.o
    0x2000001c   0x0800f1d4   0x0000002c   Data   RW         2860    .data.st            inv_mpu.o
    0x20000048   0x0800f200   0x00000001   Data   RW         1266    .data.uwTickFreq    stm32f4xx_hal.o
    0x20000049   0x0800f201   0x00000003   PAD
    0x2000004c   0x0800f204   0x00000004   Data   RW         1265    .data.uwTickPrio    stm32f4xx_hal.o
    0x20000050   0x0800f208   0x00000004   Data   RW         2453    .data.uxCriticalNesting  port.o
    0x20000054   0x0800f20c   0x00000004   PAD
    0x20000058        -       0x00000004   Zero   RW          570    .bss.DataTaskHandle  freertos.o
    0x2000005c        -       0x00000004   Zero   RW          569    .bss.GUITaskHandle  freertos.o
    0x20000060        -       0x00000020   Zero   RW         2658    .bss.GUI_Context    guislim.o
    0x20000080        -       0x00000001   Zero   RW         2657    .bss.GUI_DecChar    guislim.o
    0x20000081   0x0800f20c   0x00000003   PAD
    0x20000084        -       0x00000004   Zero   RW          555    .bss.K1234_tick     freertos.o
    0x20000088        -       0x00000004   Zero   RW         2379    .bss.KernelState    cmsis_os2.o
    0x2000008c        -       0x00000004   Zero   RW          567    .bss.KeyTaskHandle  freertos.o
    0x20000090        -       0x00000004   Zero   RW          566    .bss.MainTaskHandle  freertos.o
    0x20000094        -       0x00000001   Zero   RW         2702    .bss.SSD1306.2      ssd1306.o
    0x20000095   0x0800f20c   0x00000003   PAD
    0x20000098        -       0x00000400   Zero   RW         2701    .bss.SSD1306_Buffer  ssd1306.o
    0x20000498        -       0x00000001   Zero   RW          508    .bss.ScanKey.keycnt  gpio.o
    0x20000499        -       0x00000001   Zero   RW          507    .bss.ScanKey.oldkey  gpio.o
    0x2000049a   0x0800f20c   0x00000002   PAD
    0x2000049c        -       0x00000004   Zero   RW          568    .bss.UartTaskHandle  freertos.o
    0x200004a0        -       0x00000001   Zero   RW          576    .bss.WSLogo.leds_sta  freertos.o
    0x200004a1   0x0800f20c   0x00000003   PAD
    0x200004a4        -       0x00000004   Zero   RW          575    .bss.WSLogo.tick    freertos.o
    0x200004a8        -       0x00000002   Zero   RW         2973    .bss.ax             mpu6050.o
    0x200004aa        -       0x00000002   Zero   RW         2974    .bss.ay             mpu6050.o
    0x200004ac        -       0x00000002   Zero   RW         2975    .bss.az             mpu6050.o
    0x200004ae   0x0800f20c   0x00000002   PAD
    0x200004b0        -       0x00000004   Zero   RW          556    .bss.beeptick       freertos.o
    0x200004b4        -       0x00000004   Zero   RW          557    .bss.curve_fax      freertos.o
    0x200004b8        -       0x00000004   Zero   RW          558    .bss.curve_fay      freertos.o
    0x200004bc        -       0x00000004   Zero   RW          559    .bss.curve_faz      freertos.o
    0x200004c0        -       0x00000004   Zero   RW         2936    .bss.dmp.0          inv_mpu_dmp_motion_driver.o
    0x200004c4        -       0x00000004   Zero   RW         2937    .bss.dmp.1          inv_mpu_dmp_motion_driver.o
    0x200004c8        -       0x00000002   Zero   RW         2938    .bss.dmp.2          inv_mpu_dmp_motion_driver.o
    0x200004ca   0x0800f20c   0x00000002   PAD
    0x200004cc        -       0x00000002   Zero   RW         2939    .bss.dmp.3          inv_mpu_dmp_motion_driver.o
    0x200004ce   0x0800f20c   0x00000002   PAD
    0x200004d0        -       0x00000002   Zero   RW         2940    .bss.dmp.4          inv_mpu_dmp_motion_driver.o
    0x200004d2        -       0x00000001   Zero   RW         2941    .bss.dmp.5          inv_mpu_dmp_motion_driver.o
    0x200004d3   0x0800f20c   0x00000001   PAD
    0x200004d4        -       0x00000004   Zero   RW         2966    .bss.fAX            mpu6050.o
    0x200004d8        -       0x00000004   Zero   RW         2967    .bss.fAY            mpu6050.o
    0x200004dc        -       0x00000004   Zero   RW         2968    .bss.fAZ            mpu6050.o
    0x200004e0        -       0x0000004d   Zero   RW          572    .bss.g_fax_data     freertos.o
    0x2000052d   0x0800f20c   0x00000003   PAD
    0x20000530        -       0x0000004d   Zero   RW          573    .bss.g_fay_data     freertos.o
    0x2000057d   0x0800f20c   0x00000003   PAD
    0x20000580        -       0x0000004d   Zero   RW          574    .bss.g_faz_data     freertos.o
    0x200005cd   0x0800f20c   0x00000003   PAD
    0x200005d0        -       0x0000004d   Zero   RW          571    .bss.g_temp_data    freertos.o
    0x2000061d   0x0800f20c   0x00000003   PAD
    0x20000620        -       0x00000004   Zero   RW          547    .bss.g_ws           freertos.o
    0x20000624        -       0x00000002   Zero   RW         2970    .bss.gx             mpu6050.o
    0x20000626        -       0x00000002   Zero   RW         2971    .bss.gy             mpu6050.o
    0x20000628        -       0x00000002   Zero   RW         2972    .bss.gz             mpu6050.o
    0x2000062a   0x0800f20c   0x00000002   PAD
    0x2000062c        -       0x00000048   Zero   RW          593    .bss.htim3          tim.o
    0x20000674        -       0x00000048   Zero   RW          655    .bss.htim7          stm32f4xx_hal_timebase_tim.o
    0x200006bc        -       0x00000044   Zero   RW          610    .bss.huart1         usart.o
    0x20000700        -       0x00000004   Zero   RW          548    .bss.intick         freertos.o
    0x20000704        -       0x00000001   Zero   RW          551    .bss.mpuwarn        freertos.o
    0x20000705        -       0x00000001   Zero   RW          552    .bss.pageidx        freertos.o
    0x20000706        -       0x000000a0   Zero   RW         2204    .bss.prvCheckForValidListAndQueue.ucStaticTimerQueueStorage  timers.o
    0x200007a6   0x0800f20c   0x00000002   PAD
    0x200007a8        -       0x00000050   Zero   RW         2203    .bss.prvCheckForValidListAndQueue.xStaticTimerQueue  timers.o
    0x200007f8        -       0x00000004   Zero   RW         2200    .bss.prvSampleTimeNow.xLastTime  timers.o
    0x200007fc        -       0x00000004   Zero   RW         2113    .bss.pxCurrentTCB   tasks.o
    0x20000800        -       0x00000004   Zero   RW         2198    .bss.pxCurrentTimerList  timers.o
    0x20000804        -       0x00000004   Zero   RW         2121    .bss.pxDelayedTaskList  tasks.o
    0x20000808        -       0x00000004   Zero   RW         2409    .bss.pxEnd          heap_4.o
    0x2000080c        -       0x00000004   Zero   RW         2122    .bss.pxOverflowDelayedTaskList  tasks.o
    0x20000810        -       0x00000004   Zero   RW         2199    .bss.pxOverflowTimerList  timers.o
    0x20000814        -       0x00000460   Zero   RW         2124    .bss.pxReadyTasksLists  tasks.o
    0x20000c74        -       0x00000004   Zero   RW         2963    .bss.q1             mpu6050.o
    0x20000c78        -       0x00000004   Zero   RW         2964    .bss.q2             mpu6050.o
    0x20000c7c        -       0x00000004   Zero   RW         2965    .bss.q3             mpu6050.o
    0x20000c80        -       0x00000004   Zero   RW          549    .bss.temp           freertos.o
    0x20000c84        -       0x00000001   Zero   RW          550    .bss.tempwarn       freertos.o
    0x20000c85        -       0x00007530   Zero   RW         2416    .bss.ucHeap         heap_4.o
    0x200081b5        -       0x00000001   Zero   RW         2451    .bss.ucMaxSysCallPriority  port.o
    0x200081b6   0x0800f20c   0x00000002   PAD
    0x200081b8        -       0x00000004   Zero   RW         2452    .bss.ulMaxPRIGROUPValue  port.o
    0x200081bc        -       0x00000004   Zero   RW         1267    .bss.uwTick         stm32f4xx_hal.o
    0x200081c0        -       0x00000004   Zero   RW         2117    .bss.uxCurrentNumberOfTasks  tasks.o
    0x200081c4        -       0x00000004   Zero   RW         2116    .bss.uxDeletedTasksWaitingCleanUp  tasks.o
    0x200081c8        -       0x00000004   Zero   RW         2119    .bss.uxSchedulerSuspended  tasks.o
    0x200081cc        -       0x00000004   Zero   RW         2114    .bss.uxTaskNumber   tasks.o
    0x200081d0        -       0x00000004   Zero   RW         2125    .bss.uxTopReadyPriority  tasks.o
    0x200081d4        -       0x00000200   Zero   RW         2382    .bss.vApplicationGetIdleTaskMemory.Idle_Stack  cmsis_os2.o
    0x200083d4        -       0x0000005c   Zero   RW         2381    .bss.vApplicationGetIdleTaskMemory.Idle_TCB  cmsis_os2.o
    0x20008430        -       0x00000400   Zero   RW         2384    .bss.vApplicationGetTimerTaskMemory.Timer_Stack  cmsis_os2.o
    0x20008830        -       0x0000005c   Zero   RW         2383    .bss.vApplicationGetTimerTaskMemory.Timer_TCB  cmsis_os2.o
    0x2000888c        -       0x00000004   Zero   RW          554    .bss.warntick       freertos.o
    0x20008890        -       0x00000014   Zero   RW         2201    .bss.xActiveTimerList1  timers.o
    0x200088a4        -       0x00000014   Zero   RW         2202    .bss.xActiveTimerList2  timers.o
    0x200088b8        -       0x00000001   Zero   RW         2410    .bss.xBlockAllocatedBit  heap_4.o
    0x200088b9   0x0800f20c   0x00000003   PAD
    0x200088bc        -       0x00000014   Zero   RW         2132    .bss.xDelayedTaskList1  tasks.o
    0x200088d0        -       0x00000014   Zero   RW         2133    .bss.xDelayedTaskList2  tasks.o
    0x200088e4        -       0x00000004   Zero   RW         2411    .bss.xFreeBytesRemaining  heap_4.o
    0x200088e8        -       0x00000004   Zero   RW         2127    .bss.xIdleTaskHandle  tasks.o
    0x200088ec        -       0x00000004   Zero   RW         2413    .bss.xMinimumEverFreeBytesRemaining  heap_4.o
    0x200088f0        -       0x00000004   Zero   RW         2128    .bss.xNextTaskUnblockTime  tasks.o
    0x200088f4        -       0x00000004   Zero   RW         2131    .bss.xNumOfOverflows  tasks.o
    0x200088f8        -       0x00000004   Zero   RW         2414    .bss.xNumberOfSuccessfulAllocations  heap_4.o
    0x200088fc        -       0x00000004   Zero   RW         2415    .bss.xNumberOfSuccessfulFrees  heap_4.o
    0x20008900        -       0x00000004   Zero   RW         2130    .bss.xPendedTicks   tasks.o
    0x20008904        -       0x00000014   Zero   RW         2126    .bss.xPendingReadyList  tasks.o
    0x20008918        -       0x00000040   Zero   RW         1922    .bss.xQueueRegistry  queue.o
    0x20008958        -       0x00000004   Zero   RW         2118    .bss.xSchedulerRunning  tasks.o
    0x2000895c        -       0x00000008   Zero   RW         2412    .bss.xStart         heap_4.o
    0x20008964        -       0x00000014   Zero   RW         2123    .bss.xSuspendedTaskList  tasks.o
    0x20008978        -       0x00000014   Zero   RW         2115    .bss.xTasksWaitingTermination  tasks.o
    0x2000898c        -       0x00000004   Zero   RW         2120    .bss.xTickCount     tasks.o
    0x20008990        -       0x00000004   Zero   RW         2196    .bss.xTimerQueue    timers.o
    0x20008994        -       0x00000004   Zero   RW         2197    .bss.xTimerTaskHandle  timers.o
    0x20008998        -       0x00000004   Zero   RW         2129    .bss.xYieldPending  tasks.o
    0x2000899c   0x0800f20c   0x00000004   PAD
    0x200089a0        -       0x00000400   Zero   RW            1    STACK               startup_stm32f407xx.o


==============================================================================

Image component sizes


      Code (inc. data)   RO Data    RW Data    ZI Data      Debug   Object Name

       426          0          0          0       1724      42610   cmsis_os2.o
       698          8          0          0          0       4791   ds_18b20.o
         0          0       1564          0          0       1826   f08_ascii.o
      4080        332        301          2        372       8198   freertos.o
       888         16          0          0          2       3330   gpio.o
      2022          8          0          0         33      29097   guislim.o
         0          0        540          0          0        882   h.o
       674          0          0          0      30029       4684   heap_4.o
      5132        186        155         44          0      22376   inv_mpu.o
      2538         68       3068          0         15       9711   inv_mpu_dmp_motion_driver.o
         0          0       3220          0          0       7194   kaiti_16.o
         0          0       6860          0          0       8176   kaiti_20.o
       150          0          0          0          0       2198   list.o
       228          0          0          0          0       5571   main.o
      1304        200        554         13         36       3035   mpu6050.o
       872         16          0          4          5       3807   port.o
      1754          0          0          0         64      22556   queue.o
         0          0       3996          0          0       9928   simsun_12.o
       914          0          0          0       1025       8096   ssd1306.o
       278          0          0          0          0       1826   ssd1306_i2c.o
        36          8        392          0       1024        812   startup_stm32f407xx.o
       888          0          0          0          0       4509   stm32_i2c.o
       132          0          0          5          4       7290   stm32f4xx_hal.o
       204          0          0          0          0      10664   stm32f4xx_hal_cortex.o
       426          0          0          0          0       5162   stm32f4xx_hal_gpio.o
        70          0          0          0          0       3334   stm32f4xx_hal_msp.o
      1440          0          0          0          0       7288   stm32f4xx_hal_rcc.o
      2482          4          0          0          0      42856   stm32f4xx_hal_tim.o
       188          0          0          0          0      18067   stm32f4xx_hal_tim_ex.o
       142          0          0          0         72       7072   stm32f4xx_hal_timebase_tim.o
       618          0          0          0          0      20743   stm32f4xx_hal_uart.o
        28          0          0          0          0        855   stm32f4xx_it.o
        18          0         24          4          0       2589   system_stm32f4xx.o
      2674          8          0          0       1280      29881   tasks.o
       352          0          0          0         72       6101   tim.o
      1174         26          0          0        300      14774   timers.o
       204          0          0          0         68       5283   usart.o
         0          0        540          0          0        882   z.o

    ----------------------------------------------------------------------
     33340        880      21248         76      36172     388054   Object Totals
         0          0         32          0          0          0   (incl. Generated)
       306          0          2          4         47          0   (incl. Padding)

    ----------------------------------------------------------------------

      Code (inc. data)   RO Data    RW Data    ZI Data      Debug   Library Member Name

       864         94         80          0          0        280   asin.o
       744        106        152          0          0        352   atan.o
       512         64          0          0          0        208   atan2.o
       104         16          0          0          0        496   dunder.o
        24          0          0          0          0        124   fabs.o
        48          0          0          0          0        124   fpclassify.o
       248          0          0          0          0        152   poly.o
         0          0          8          0          0          0   qnan.o
       110          0          0          0          0        148   sqrt.o
         0          0          0          0          0          0   entry.o
         0          0          0          0          0          0   entry10a.o
         0          0          0          0          0          0   entry11a.o
         8          4          0          0          0          0   entry2.o
         4          0          0          0          0          0   entry5.o
         0          0          0          0          0          0   entry7b.o
         0          0          0          0          0          0   entry8b.o
         8          4          0          0          0          0   entry9a.o
        12          6          0          4          0         68   errno.o
        30          0          0          0          0          0   handlers.o
        36          8          0          0          0         68   init.o
         0          0          0          0          0          0   iusefp.o
        98          0          0          0          0         84   ldiv.o
        30          0          0          0          0         68   llshl.o
        36          0          0          0          0         68   llsshr.o
        32          0          0          0          0         68   llushr.o
        26          0          0          0          0         80   memcmp.o
        36          0          0          0          0         68   memcpya.o
        36          0          0          0          0        108   memseta.o
      2308         96          0          0          0        604   printfa.o
        36          6          0          0          0         80   puts.o
         0          0          0          4          0          0   stdout.o
        44          0          0          0          0         80   uidiv.o
        98          0          0          0          0         92   uldiv.o
        48          0          0          0          0         68   cdcmple.o
        48          0          0          0          0         68   cdrcmple.o
        56          0          0          0          0         88   d2f.o
       334          0          0          0          0        148   dadd.o
       222          0          0          0          0        100   ddiv.o
       186          0          0          0          0        176   depilogue.o
        48          0          0          0          0         68   dfixul.o
        26          0          0          0          0         76   dfltui.o
       228          0          0          0          0         96   dmul.o
       162          0          0          0          0        100   dsqrt.o
        38          0          0          0          0         68   f2d.o
       110          0          0          0          0        168   fepilogue.o

    ----------------------------------------------------------------------
      7052        404        240          8          0       4644   Library Totals
        14          0          0          0          0          0   (incl. Padding)

    ----------------------------------------------------------------------

      Code (inc. data)   RO Data    RW Data    ZI Data      Debug   Library Name

      2654        280        240          0          0       1884   m_wm.l
      2878        124          0          8          0       1536   mc_w.l
      1506          0          0          0          0       1224   mf_w.l

    ----------------------------------------------------------------------
      7052        404        240          8          0       4644   Library Totals

    ----------------------------------------------------------------------

==============================================================================


      Code (inc. data)   RO Data    RW Data    ZI Data      Debug   

     40392       1284      21488         84      36172     389866   Grand Totals
     40392       1284      21488         84      36172     389866   ELF Image Totals
     40392       1284      21488         84          0          0   ROM Totals

==============================================================================

    Total RO  Size (Code + RO Data)                61880 (  60.43kB)
    Total RW  Size (RW Data + ZI Data)             36256 (  35.41kB)
    Total ROM Size (Code + RO Data + RW Data)      61964 (  60.51kB)

==============================================================================

